../Core/Src/cc1101.c:91:20:cs_low	8	static
../Core/Src/cc1101.c:92:20:cs_high	8	static
../Core/Src/cc1101.c:94:16:xfer	32	static
../Core/Src/cc1101.c:110:13:wait_ready	16	static
../Core/Src/cc1101.c:118:13:cc_write_reg	16	static
../Core/Src/cc1101.c:127:16:cc_read_reg	24	static
../Core/Src/cc1101.c:142:9:cc1101_read_status	24	static
../Core/Src/cc1101.c:154:13:cc_strobe	16	static
../Core/Src/cc1101.c:162:13:cc_read_burst	32	static
../Core/Src/cc1101.c:174:6:cc1101_init	24	static
../Core/Src/cc1101.c:202:6:cc1101_rx_poll	56	static
../Core/Src/cc1101.c:259:5:cc1101_rssi_dbm	24	static
