../Core/Src/cc1101.c:92:20:cs_low	8	static
../Core/Src/cc1101.c:93:20:cs_high	8	static
../Core/Src/cc1101.c:95:16:xfer	32	static
../Core/Src/cc1101.c:111:13:wait_ready	16	static
../Core/Src/cc1101.c:119:13:cc_write_reg	16	static
../Core/Src/cc1101.c:128:16:cc_read_reg	24	static
../Core/Src/cc1101.c:143:9:cc1101_read_status	24	static
../Core/Src/cc1101.c:155:13:cc_strobe	16	static
../Core/Src/cc1101.c:163:13:cc_read_burst	32	static
../Core/Src/cc1101.c:175:6:cc1101_init	24	static
../Core/Src/cc1101.c:207:6:cc1101_rx_poll	56	static
../Core/Src/cc1101.c:268:5:cc1101_rssi_dbm	24	static
