Archive member included to satisfy reference by file (symbol)

D:/Applications/STM32CubeIDE_1.19.0/STM32CubeIDE/plugins/com.st.stm32cube.ide.mcu.externaltools.gnu-tools-for-stm32.13.3.rel1.win32_1.0.0.202411081344/tools/bin/../lib/gcc/arm-none-eabi/13.3.1/../../../../arm-none-eabi/lib/thumb/v7e-m+fp/hard\libc_nano.a(libc_a-exit.o)
                              D:/Applications/STM32CubeIDE_1.19.0/STM32CubeIDE/plugins/com.st.stm32cube.ide.mcu.externaltools.gnu-tools-for-stm32.13.3.rel1.win32_1.0.0.202411081344/tools/bin/../lib/gcc/arm-none-eabi/13.3.1/../../../../arm-none-eabi/lib/thumb/v7e-m+fp/hard/crt0.o (exit)
D:/Applications/STM32CubeIDE_1.19.0/STM32CubeIDE/plugins/com.st.stm32cube.ide.mcu.externaltools.gnu-tools-for-stm32.13.3.rel1.win32_1.0.0.202411081344/tools/bin/../lib/gcc/arm-none-eabi/13.3.1/../../../../arm-none-eabi/lib/thumb/v7e-m+fp/hard\libc_nano.a(libc_a-findfp.o)
                              D:/Applications/STM32CubeIDE_1.19.0/STM32CubeIDE/plugins/com.st.stm32cube.ide.mcu.externaltools.gnu-tools-for-stm32.13.3.rel1.win32_1.0.0.202411081344/tools/bin/../lib/gcc/arm-none-eabi/13.3.1/../../../../arm-none-eabi/lib/thumb/v7e-m+fp/hard\libc_nano.a(libc_a-exit.o) (__stdio_exit_handler)
D:/Applications/STM32CubeIDE_1.19.0/STM32CubeIDE/plugins/com.st.stm32cube.ide.mcu.externaltools.gnu-tools-for-stm32.13.3.rel1.win32_1.0.0.202411081344/tools/bin/../lib/gcc/arm-none-eabi/13.3.1/../../../../arm-none-eabi/lib/thumb/v7e-m+fp/hard\libc_nano.a(libc_a-fwalk.o)
                              D:/Applications/STM32CubeIDE_1.19.0/STM32CubeIDE/plugins/com.st.stm32cube.ide.mcu.externaltools.gnu-tools-for-stm32.13.3.rel1.win32_1.0.0.202411081344/tools/bin/../lib/gcc/arm-none-eabi/13.3.1/../../../../arm-none-eabi/lib/thumb/v7e-m+fp/hard\libc_nano.a(libc_a-findfp.o) (_fwalk_sglue)
D:/Applications/STM32CubeIDE_1.19.0/STM32CubeIDE/plugins/com.st.stm32cube.ide.mcu.externaltools.gnu-tools-for-stm32.13.3.rel1.win32_1.0.0.202411081344/tools/bin/../lib/gcc/arm-none-eabi/13.3.1/../../../../arm-none-eabi/lib/thumb/v7e-m+fp/hard\libc_nano.a(libc_a-printf.o)
                              ./Core/Src/main.o (printf)
D:/Applications/STM32CubeIDE_1.19.0/STM32CubeIDE/plugins/com.st.stm32cube.ide.mcu.externaltools.gnu-tools-for-stm32.13.3.rel1.win32_1.0.0.202411081344/tools/bin/../lib/gcc/arm-none-eabi/13.3.1/../../../../arm-none-eabi/lib/thumb/v7e-m+fp/hard\libc_nano.a(libc_a-puts.o)
                              ./Core/Src/main.o (puts)
D:/Applications/STM32CubeIDE_1.19.0/STM32CubeIDE/plugins/com.st.stm32cube.ide.mcu.externaltools.gnu-tools-for-stm32.13.3.rel1.win32_1.0.0.202411081344/tools/bin/../lib/gcc/arm-none-eabi/13.3.1/../../../../arm-none-eabi/lib/thumb/v7e-m+fp/hard\libc_nano.a(libc_a-stdio.o)
                              D:/Applications/STM32CubeIDE_1.19.0/STM32CubeIDE/plugins/com.st.stm32cube.ide.mcu.externaltools.gnu-tools-for-stm32.13.3.rel1.win32_1.0.0.202411081344/tools/bin/../lib/gcc/arm-none-eabi/13.3.1/../../../../arm-none-eabi/lib/thumb/v7e-m+fp/hard\libc_nano.a(libc_a-findfp.o) (__sread)
D:/Applications/STM32CubeIDE_1.19.0/STM32CubeIDE/plugins/com.st.stm32cube.ide.mcu.externaltools.gnu-tools-for-stm32.13.3.rel1.win32_1.0.0.202411081344/tools/bin/../lib/gcc/arm-none-eabi/13.3.1/../../../../arm-none-eabi/lib/thumb/v7e-m+fp/hard\libc_nano.a(libc_a-wbuf.o)
                              D:/Applications/STM32CubeIDE_1.19.0/STM32CubeIDE/plugins/com.st.stm32cube.ide.mcu.externaltools.gnu-tools-for-stm32.13.3.rel1.win32_1.0.0.202411081344/tools/bin/../lib/gcc/arm-none-eabi/13.3.1/../../../../arm-none-eabi/lib/thumb/v7e-m+fp/hard\libc_nano.a(libc_a-puts.o) (__swbuf_r)
D:/Applications/STM32CubeIDE_1.19.0/STM32CubeIDE/plugins/com.st.stm32cube.ide.mcu.externaltools.gnu-tools-for-stm32.13.3.rel1.win32_1.0.0.202411081344/tools/bin/../lib/gcc/arm-none-eabi/13.3.1/../../../../arm-none-eabi/lib/thumb/v7e-m+fp/hard\libc_nano.a(libc_a-wsetup.o)
                              D:/Applications/STM32CubeIDE_1.19.0/STM32CubeIDE/plugins/com.st.stm32cube.ide.mcu.externaltools.gnu-tools-for-stm32.13.3.rel1.win32_1.0.0.202411081344/tools/bin/../lib/gcc/arm-none-eabi/13.3.1/../../../../arm-none-eabi/lib/thumb/v7e-m+fp/hard\libc_nano.a(libc_a-puts.o) (__swsetup_r)
D:/Applications/STM32CubeIDE_1.19.0/STM32CubeIDE/plugins/com.st.stm32cube.ide.mcu.externaltools.gnu-tools-for-stm32.13.3.rel1.win32_1.0.0.202411081344/tools/bin/../lib/gcc/arm-none-eabi/13.3.1/../../../../arm-none-eabi/lib/thumb/v7e-m+fp/hard\libc_nano.a(libc_a-memset.o)
                              D:/Applications/STM32CubeIDE_1.19.0/STM32CubeIDE/plugins/com.st.stm32cube.ide.mcu.externaltools.gnu-tools-for-stm32.13.3.rel1.win32_1.0.0.202411081344/tools/bin/../lib/gcc/arm-none-eabi/13.3.1/../../../../arm-none-eabi/lib/thumb/v7e-m+fp/hard/crt0.o (memset)
[...]
Memory Configuration

Name             Origin             Length             Attributes
RAM              0x20000000         0x00008000         xrw
FLASH            0x08000000         0x00020000         xr
*default*        0x00000000         0xffffffff

Linker script and memory map

LOAD D:/Applications/STM32CubeIDE_1.19.0/STM32CubeIDE/plugins/com.st.stm32cube.ide.mcu.externaltools.gnu-tools-for-stm32.13.3.rel1.win32_1.0.0.202411081344/tools/bin/../lib/gcc/arm-none-eabi/13.3.1/thumb/v7e-m+fp/hard/crti.o
LOAD D:/Applications/STM32CubeIDE_1.19.0/STM32CubeIDE/plugins/com.st.stm32cube.ide.mcu.externaltools.gnu-tools-for-stm32.13.3.rel1.win32_1.0.0.202411081344/tools/bin/../lib/gcc/arm-none-eabi/13.3.1/thumb/v7e-m+fp/hard/crtbegin.o
LOAD D:/Applications/STM32CubeIDE_1.19.0/STM32CubeIDE/plugins/com.st.stm32cube.ide.mcu.externaltools.gnu-tools-for-stm32.13.3.rel1.win32_1.0.0.202411081344/tools/bin/../lib/gcc/arm-none-eabi/13.3.1/../../../../arm-none-eabi/lib/thumb/v7e-m+fp/hard/crt0.o
LOAD ./Core/Src/anim_stream.o
LOAD ./Core/Src/animation.o
LOAD ./Core/Src/cc1101.o
LOAD ./Core/Src/main.o
LOAD ./Core/Src/spi_hall.o
LOAD ./Core/Src/stm32f4xx_hal_msp.o
LOAD ./Core/Src/stm32f4xx_it.o
LOAD ./Core/Src/syscalls.o
LOAD ./Core/Src/sysmem.o
LOAD ./Core/Src/system_stm32f4xx.o
LOAD ./Core/Src/triangle.o
LOAD ./Core/Startup/startup_stm32f410rbtx.o
LOAD ./Drivers/STM32F4xx_HAL_Driver/Src/stm32f4xx_hal.o
LOAD ./Drivers/STM32F4xx_HAL_Driver/Src/stm32f4xx_hal_cortex.o
LOAD ./Drivers/STM32F4xx_HAL_Driver/Src/stm32f4xx_hal_dma.o
LOAD ./Drivers/STM32F4xx_HAL_Driver/Src/stm32f4xx_hal_dma_ex.o
LOAD ./Drivers/STM32F4xx_HAL_Driver/Src/stm32f4xx_hal_exti.o
LOAD ./Drivers/STM32F4xx_HAL_Driver/Src/stm32f4xx_hal_flash.o
LOAD ./Drivers/STM32F4xx_HAL_Driver/Src/stm32f4xx_hal_flash_ex.o
LOAD ./Drivers/STM32F4xx_HAL_Driver/Src/stm32f4xx_hal_flash_ramfunc.o
LOAD ./Drivers/STM32F4xx_HAL_Driver/Src/stm32f4xx_hal_gpio.o
LOAD ./Drivers/STM32F4xx_HAL_Driver/Src/stm32f4xx_hal_pwr.o
LOAD ./Drivers/STM32F4xx_HAL_Driver/Src/stm32f4xx_hal_pwr_ex.o
LOAD ./Drivers/STM32F4xx_HAL_Driver/Src/stm32f4xx_hal_rcc.o
LOAD ./Drivers/STM32F4xx_HAL_Driver/Src/stm32f4xx_hal_rcc_ex.o
LOAD ./Drivers/STM32F4xx_HAL_Driver/Src/stm32f4xx_hal_spi.o
LOAD ./Drivers/STM32F4xx_HAL_Driver/Src/stm32f4xx_hal_uart.o
START GROUP
LOAD D:/Applications/STM32CubeIDE_1.19.0/STM32CubeIDE/plugins/com.st.stm32cube.ide.mcu.externaltools.gnu-tools-for-stm32.13.3.rel1.win32_1.0.0.202411081344/tools/bin/../lib/gcc/arm-none-eabi/13.3.1/../../../../arm-none-eabi/lib/thumb/v7e-m+fp/hard\libc_nano.a
LOAD D:/Applications/STM32CubeIDE_1.19.0/STM32CubeIDE/plugins/com.st.stm32cube.ide.mcu.externaltools.gnu-tools-for-stm32.13.3.rel1.win32_1.0.0.202411081344/tools/bin/../lib/gcc/arm-none-eabi/13.3.1/../../../../arm-none-eabi/lib/thumb/v7e-m+fp/hard\libm.a
END GROUP
START GROUP
LOAD D:/Applications/STM32CubeIDE_1.19.0/STM32CubeIDE/plugins/com.st.stm32cube.ide.mcu.externaltools.gnu-tools-for-stm32.13.3.rel1.win32_1.0.0.202411081344/tools/bin/../lib/gcc/arm-none-eabi/13.3.1/thumb/v7e-m+fp/hard\libgcc.a
LOAD D:/Applications/STM32CubeIDE_1.19.0/STM32CubeIDE/plugins/com.st.stm32cube.ide.mcu.externaltools.gnu-tools-for-stm32.13.3.rel1.win32_1.0.0.202411081344/tools/bin/../lib/gcc/arm-none-eabi/13.3.1/../../../../arm-none-eabi/lib/thumb/v7e-m+fp/hard\libc_nano.a
END GROUP
START GROUP
LOAD D:/Applications/STM32CubeIDE_1.19.0/STM32CubeIDE/plugins/com.st.stm32cube.ide.mcu.externaltools.gnu-tools-for-stm32.13.3.rel1.win32_1.0.0.202411081344/tools/bin/../lib/gcc/arm-none-eabi/13.3.1/thumb/v7e-m+fp/hard\libgcc.a
LOAD D:/Applications/STM32CubeIDE_1.19.0/STM32CubeIDE/plugins/com.st.stm32cube.ide.mcu.externaltools.gnu-tools-for-stm32.13.3.rel1.win32_1.0.0.202411081344/tools/bin/../lib/gcc/arm-none-eabi/13.3.1/../../../../arm-none-eabi/lib/thumb/v7e-m+fp/hard\libc_nano.a
LOAD D:/Applications/STM32CubeIDE_1.19.0/STM32CubeIDE/plugins/com.st.stm32cube.ide.mcu.externaltools.gnu-tools-for-stm32.13.3.rel1.win32_1.0.0.202411081344/tools/bin/../lib/gcc/arm-none-eabi/13.3.1/../../../../arm-none-eabi/lib/thumb/v7e-m+fp/hard\libnosys.a
END GROUP
START GROUP
LOAD D:/Applications/STM32CubeIDE_1.19.0/STM32CubeIDE/plugins/com.st.stm32cube.ide.mcu.externaltools.gnu-tools-for-stm32.13.3.rel1.win32_1.0.0.202411081344/tools/bin/../lib/gcc/arm-none-eabi/13.3.1/thumb/v7e-m+fp/hard\libgcc.a
LOAD D:/Applications/STM32CubeIDE_1.19.0/STM32CubeIDE/plugins/com.st.stm32cube.ide.mcu.externaltools.gnu-tools-for-stm32.13.3.rel1.win32_1.0.0.202411081344/tools/bin/../lib/gcc/arm-none-eabi/13.3.1/../../../../arm-none-eabi/lib/thumb/v7e-m+fp/hard\libc_nano.a
LOAD D:/Applications/STM32CubeIDE_1.19.0/STM32CubeIDE/plugins/com.st.stm32cube.ide.mcu.externaltools.gnu-tools-for-stm32.13.3.rel1.win32_1.0.0.202411081344/tools/bin/../lib/gcc/arm-none-eabi/13.3.1/../../../../arm-none-eabi/lib/thumb/v7e-m+fp/hard\libnosys.a
END GROUP
LOAD D:/Applications/STM32CubeIDE_1.19.0/STM32CubeIDE/plugins/com.st.stm32cube.ide.mcu.externaltools.gnu-tools-for-stm32.13.3.rel1.win32_1.0.0.202411081344/tools/bin/../lib/gcc/arm-none-eabi/13.3.1/thumb/v7e-m+fp/hard/crtend.o
LOAD D:/Applications/STM32CubeIDE_1.19.0/STM32CubeIDE/plugins/com.st.stm32cube.ide.mcu.externaltools.gnu-tools-for-stm32.13.3.rel1.win32_1.0.0.202411081344/tools/bin/../lib/gcc/arm-none-eabi/13.3.1/thumb/v7e-m+fp/hard/crtn.o
                0x20008000                        _estack = (ORIGIN (RAM) + LENGTH (RAM))
                0x00000200                        _Min_Heap_Size = 0x200
                0x00000400                        _Min_Stack_Size = 0x400

.isr_vector     0x08000000      0x1c8
                0x08000000                        . = ALIGN (0x4)
 *(.isr_vector)
 .isr_vector    0x08000000      0x1c8 ./Core/Startup/startup_stm32f410rbtx.o
                0x08000000                g_pfnVectors
                0x080001c8                        . = ALIGN (0x4)

.text           0x080001d0     0x4794
                0x080001d0                        . = ALIGN (0x4)
 *(.text)
 .text          0x080001d0       0x40 D:/Applications/STM32CubeIDE_1.19.0/STM32CubeIDE/plugins/com.st.stm32cube.ide.mcu.externaltools.gnu-tools-for-stm32.13.3.rel1.win32_1.0.0.202411081344/tools/bin/../lib/gcc/arm-none-eabi/13.3.1/thumb/v7e-m+fp/hard/crtbegin.o
 .text          0x08000210       0xa0 D:/Applications/STM32CubeIDE_1.19.0/STM32CubeIDE/plugins/com.st.stm32cube.ide.mcu.externaltools.gnu-tools-for-stm32.13.3.rel1.win32_1.0.0.202411081344/tools/bin/../lib/gcc/arm-none-eabi/13.3.1/../../../../arm-none-eabi/lib/thumb/v7e-m+fp/hard\libc_nano.a(libc_a-memchr.o)
                0x08000210                memchr
 .text          0x080002b0       0x30 D:/Applications/STM32CubeIDE_1.19.0/STM32CubeIDE/plugins/com.st.stm32cube.ide.mcu.externaltools.gnu-tools-for-stm32.13.3.rel1.win32_1.0.0.202411081344/tools/bin/../lib/gcc/arm-none-eabi/13.3.1/thumb/v7e-m+fp/hard\libgcc.a(_aeabi_uldivmod.o)
                0x080002b0                __aeabi_uldivmod
 .text          0x080002e0      0x2f8 D:/Applications/STM32CubeIDE_1.19.0/STM32CubeIDE/plugins/com.st.stm32cube.ide.mcu.externaltools.gnu-tools-for-stm32.13.3.rel1.win32_1.0.0.202411081344/tools/bin/../lib/gcc/arm-none-eabi/13.3.1/thumb/v7e-m+fp/hard\libgcc.a(_udivmoddi4.o)
                0x080002e0                __udivmoddi4
 .text          0x080005d8        0x4 D:/Applications/STM32CubeIDE_1.19.0/STM32CubeIDE/plugins/com.st.stm32cube.ide.mcu.externaltools.gnu-tools-for-stm32.13.3.rel1.win32_1.0.0.202411081344/tools/bin/../lib/gcc/arm-none-eabi/13.3.1/thumb/v7e-m+fp/hard\libgcc.a(_dvmd_tls.o)
                0x080005d8                __aeabi_idiv0
                0x080005d8                __aeabi_ldiv0
 *(.text*)
 .text.crc16_step
                0x080005dc       0x74 ./Core/Src/anim_stream.o
 .text.dma_head
                0x08000650       0x2c ./Core/Src/anim_stream.o
 .text.send_ctl
                0x0800067c       0x50 ./Core/Src/anim_stream.o
 .text.anim_stream_init
                0x080006cc      0x110 ./Core/Src/anim_stream.o
                0x080006cc                anim_stream_init
 .text.stream_reset
                0x080007dc       0x58 ./Core/Src/anim_stream.o
 .text.parse_byte
                0x08000834      0x340 ./Core/Src/anim_stream.o
 .text.anim_stream_poll
                0x08000b74       0x8c ./Core/Src/anim_stream.o
                0x08000b74                anim_stream_poll
 .text.anim_stream_next
                0x08000c00       0x5c ./Core/Src/anim_stream.o
                0x08000c00                anim_stream_next
 .text.anim_stream_release
                0x08000c5c       0x6c ./Core/Src/anim_stream.o
                0x08000c5c                anim_stream_release
 .text.anim_stream_get_stats
                0x08000cc8       0x14 ./Core/Src/anim_stream.o
                0x08000cc8                anim_stream_get_stats
 .text.period_from_fps
                0x08000cdc       0x40 ./Core/Src/animation.o
 .text.reset_common
                0x08000d1c       0x56 ./Core/Src/animation.o
 .text.animation_init_source
                0x08000d72       0x40 ./Core/Src/animation.o
                0x08000d72                animation_init_source
 .text.advance_deadline
                0x08000db2       0x46 ./Core/Src/animation.o
 .text.animation_tick
                0x08000df8      0x14c ./Core/Src/animation.o
                0x08000df8                animation_tick
 .text.cs_low   0x08000f44       0x18 ./Core/Src/cc1101.o
 .text.cs_high  0x08000f5c       0x18 ./Core/Src/cc1101.o
 .text.xfer     0x08000f74       0x34 ./Core/Src/cc1101.o
 .text.wait_ready
                0x08000fa8       0x3c ./Core/Src/cc1101.o
 .text.cc_write_reg
                0x08000fe4       0x34 ./Core/Src/cc1101.o
 .text.cc_read_reg
                0x08001018       0x38 ./Core/Src/cc1101.o
 .text.cc1101_read_status
                0x08001050       0x38 ./Core/Src/cc1101.o
                0x08001050                cc1101_read_status
 .text.cc_strobe
                0x08001088       0x26 ./Core/Src/cc1101.o
 .text.cc_write_fifo
                0x080010ae       0x50 ./Core/Src/cc1101.o
 *fill*         0x080010fe        0x2 
 .text.cc1101_init
                0x08001100       0xdc ./Core/Src/cc1101.o
                0x08001100                cc1101_init
 .text.cc1101_selftest
                0x080011dc       0x3a ./Core/Src/cc1101.o
                0x080011dc                cc1101_selftest
 *fill*         0x08001216        0x2 
 .text.cc1101_last_diag
                0x08001218       0x14 ./Core/Src/cc1101.o
                0x08001218                cc1101_last_diag
 .text.wait_idle
                0x0800122c       0x3c ./Core/Src/cc1101.o
 .text.tx_raw   0x08001268      0x128 ./Core/Src/cc1101.o
 .text.cc1101_send_points
                0x08001390       0xea ./Core/Src/cc1101.o
                0x08001390                cc1101_send_points
 .text.cc1101_send_frame
                0x0800147a       0xa8 ./Core/Src/cc1101.o
                0x0800147a                cc1101_send_frame
 *fill*         0x08001522        0x2 
 .text.__io_putchar
                0x08001524       0x24 ./Core/Src/main.o
                0x08001524                __io_putchar
 .text.animation_setup
                0x08001548       0x58 ./Core/Src/main.o
 .text.animation_service
                0x080015a0        0xc ./Core/Src/main.o
 .text.animation_report
                0x080015ac       0x70 ./Core/Src/main.o
 .text.main     0x0800161c      0x118 ./Core/Src/main.o
                0x0800161c                main
 .text.SystemClock_Config
                0x08001734       0xbc ./Core/Src/main.o
                0x08001734                SystemClock_Config
 .text.MX_SPI1_Init
                0x080017f0       0x6c ./Core/Src/main.o
 .text.MX_USART2_UART_Init
                0x0800185c       0x54 ./Core/Src/main.o
 .text.MX_GPIO_Init
                0x080018b0       0x34 ./Core/Src/main.o
 .text.Error_Handler
                0x080018e4        0xc ./Core/Src/main.o
                0x080018e4                Error_Handler
 .text.HAL_SPI_MspInit
                0x080018f0      0x108 ./Core/Src/spi_hall.o
                0x080018f0                HAL_SPI_MspInit
 .text.HAL_MspInit
                0x080019f8       0x50 ./Core/Src/stm32f4xx_hal_msp.o
                0x080019f8                HAL_MspInit
 .text.HAL_UART_MspInit
                0x08001a48       0x90 ./Core/Src/stm32f4xx_hal_msp.o
                0x08001a48                HAL_UART_MspInit
 .text.NMI_Handler
                0x08001ad8        0x8 ./Core/Src/stm32f4xx_it.o
                0x08001ad8                NMI_Handler
 .text.HardFault_Handler
                0x08001ae0        0x8 ./Core/Src/stm32f4xx_it.o
                0x08001ae0                HardFault_Handler
 .text.MemManage_Handler
                0x08001ae8        0x8 ./Core/Src/stm32f4xx_it.o
                0x08001ae8                MemManage_Handler
 .text.BusFault_Handler
                0x08001af0        0x8 ./Core/Src/stm32f4xx_it.o
                0x08001af0                BusFault_Handler
 .text.UsageFault_Handler
                0x08001af8        0x8 ./Core/Src/stm32f4xx_it.o
                0x08001af8                UsageFault_Handler
 .text.SVC_Handler
                0x08001b00        0xe ./Core/Src/stm32f4xx_it.o
                0x08001b00                SVC_Handler
 .text.DebugMon_Handler
                0x08001b0e        0xe ./Core/Src/stm32f4xx_it.o
                0x08001b0e                DebugMon_Handler
 .text.PendSV_Handler
                0x08001b1c        0xe ./Core/Src/stm32f4xx_it.o
                0x08001b1c                PendSV_Handler
 .text.SysTick_Handler
                0x08001b2a        0xc ./Core/Src/stm32f4xx_it.o
                0x08001b2a                SysTick_Handler
 .text._read    0x08001b36       0x3a ./Core/Src/syscalls.o
                0x08001b36                _read
 .text._write   0x08001b70       0x38 ./Core/Src/syscalls.o
                0x08001b70                _write
 .text._close   0x08001ba8       0x18 ./Core/Src/syscalls.o
                0x08001ba8                _close
 .text._fstat   0x08001bc0       0x20 ./Core/Src/syscalls.o
                0x08001bc0                _fstat
 .text._isatty  0x08001be0       0x16 ./Core/Src/syscalls.o
                0x08001be0                _isatty
 .text._lseek   0x08001bf6       0x1a ./Core/Src/syscalls.o
                0x08001bf6                _lseek
 .text._sbrk    0x08001c10       0x6c ./Core/Src/sysmem.o
                0x08001c10                _sbrk
 .text.SystemInit
                0x08001c7c       0x24 ./Core/Src/system_stm32f4xx.o
                0x08001c7c                SystemInit
 .text.Reset_Handler
                0x08001ca0       0x50 ./Core/Startup/startup_stm32f410rbtx.o
                0x08001ca0                Reset_Handler
 .text.Default_Handler
                0x08001cf0        0x2 ./Core/Startup/startup_stm32f410rbtx.o
                0x08001cf0                RTC_Alarm_IRQHandler
                0x08001cf0                EXTI2_IRQHandler
                0x08001cf0                FMPI2C1_EV_IRQHandler
                0x08001cf0                TIM1_CC_IRQHandler
                0x08001cf0                DMA2_Stream5_IRQHandler
                0x08001cf0                DMA1_Stream5_IRQHandler
                0x08001cf0                PVD_IRQHandler
                0x08001cf0                TAMP_STAMP_IRQHandler
                0x08001cf0                EXTI3_IRQHandler
                0x08001cf0                EXTI0_IRQHandler
                0x08001cf0                I2C2_EV_IRQHandler
                0x08001cf0                DMA1_Stream2_IRQHandler
                0x08001cf0                FPU_IRQHandler
                0x08001cf0                DMA2_Stream2_IRQHandler
                0x08001cf0                SPI1_IRQHandler
                0x08001cf0                TIM6_DAC_IRQHandler
                0x08001cf0                TIM1_BRK_TIM9_IRQHandler
                0x08001cf0                DMA2_Stream3_IRQHandler
                0x08001cf0                USART6_IRQHandler
                0x08001cf0                DMA2_Stream0_IRQHandler
                0x08001cf0                I2C1_EV_IRQHandler
                0x08001cf0                DMA1_Stream6_IRQHandler
                0x08001cf0                DMA1_Stream1_IRQHandler
                0x08001cf0                RCC_IRQHandler
                0x08001cf0                Default_Handler
                0x08001cf0                EXTI15_10_IRQHandler
                0x08001cf0                ADC_IRQHandler
                0x08001cf0                DMA1_Stream7_IRQHandler
                0x08001cf0                SPI5_IRQHandler
                0x08001cf0                TIM5_IRQHandler
                0x08001cf0                DMA2_Stream7_IRQHandler
                0x08001cf0                EXTI9_5_IRQHandler
                0x08001cf0                RTC_WKUP_IRQHandler
                0x08001cf0                SPI2_IRQHandler
                0x08001cf0                DMA1_Stream0_IRQHandler
                0x08001cf0                FMPI2C1_ER_IRQHandler
                0x08001cf0                EXTI4_IRQHandler
                0x08001cf0                RNG_IRQHandler
                0x08001cf0                TIM1_UP_IRQHandler
                0x08001cf0                WWDG_IRQHandler
                0x08001cf0                TIM1_TRG_COM_TIM11_IRQHandler
                0x08001cf0                EXTI1_IRQHandler
                0x08001cf0                USART2_IRQHandler
                0x08001cf0                I2C2_ER_IRQHandler
                0x08001cf0                DMA2_Stream1_IRQHandler
                0x08001cf0                FLASH_IRQHandler
                0x08001cf0                DMA2_Stream4_IRQHandler
                0x08001cf0                USART1_IRQHandler
                0x08001cf0                DMA1_Stream4_IRQHandler
                0x08001cf0                I2C1_ER_IRQHandler
                0x08001cf0                LPTIM1_IRQHandler
                0x08001cf0                DMA2_Stream6_IRQHandler
                0x08001cf0                DMA1_Stream3_IRQHandler
 *fill*         0x08001cf2        0x2 
 .text.HAL_Init
                0x08001cf4       0x44 ./Drivers/STM32F4xx_HAL_Driver/Src/stm32f4xx_hal.o
                0x08001cf4                HAL_Init
 .text.HAL_InitTick
                0x08001d38       0x60 ./Drivers/STM32F4xx_HAL_Driver/Src/stm32f4xx_hal.o
                0x08001d38                HAL_InitTick
 .text.HAL_IncTick
                0x08001d98       0x28 ./Drivers/STM32F4xx_HAL_Driver/Src/stm32f4xx_hal.o
                0x08001d98                HAL_IncTick
 .text.HAL_GetTick
                0x08001dc0       0x18 ./Drivers/STM32F4xx_HAL_Driver/Src/stm32f4xx_hal.o
                0x08001dc0                HAL_GetTick
 .text.HAL_Delay
                0x08001dd8       0x48 ./Drivers/STM32F4xx_HAL_Driver/Src/stm32f4xx_hal.o
                0x08001dd8                HAL_Delay
 .text.__NVIC_SetPriorityGrouping
                0x08001e20       0x48 ./Drivers/STM32F4xx_HAL_Driver/Src/stm32f4xx_hal_cortex.o
 .text.__NVIC_GetPriorityGrouping
                0x08001e68       0x1c ./Drivers/STM32F4xx_HAL_Driver/Src/stm32f4xx_hal_cortex.o
 .text.__NVIC_SetPriority
                0x08001e84       0x54 ./Drivers/STM32F4xx_HAL_Driver/Src/stm32f4xx_hal_cortex.o
 .text.NVIC_EncodePriority
                0x08001ed8       0x66 ./Drivers/STM32F4xx_HAL_Driver/Src/stm32f4xx_hal_cortex.o
 *fill*         0x08001f3e        0x2 
 .text.SysTick_Config
                0x08001f40       0x44 ./Drivers/STM32F4xx_HAL_Driver/Src/stm32f4xx_hal_cortex.o
 .text.HAL_NVIC_SetPriorityGrouping
                0x08001f84       0x16 ./Drivers/STM32F4xx_HAL_Driver/Src/stm32f4xx_hal_cortex.o
                0x08001f84                HAL_NVIC_SetPriorityGrouping
 .text.HAL_NVIC_SetPriority
                0x08001f9a       0x38 ./Drivers/STM32F4xx_HAL_Driver/Src/stm32f4xx_hal_cortex.o
                0x08001f9a                HAL_NVIC_SetPriority
 .text.HAL_SYSTICK_Config
                0x08001fd2       0x18 ./Drivers/STM32F4xx_HAL_Driver/Src/stm32f4xx_hal_cortex.o
                0x08001fd2                HAL_SYSTICK_Config
 *fill*         0x08001fea        0x2 
 .text.HAL_GPIO_Init
                0x08001fec      0x2e8 ./Drivers/STM32F4xx_HAL_Driver/Src/stm32f4xx_hal_gpio.o
                0x08001fec                HAL_GPIO_Init
 .text.HAL_GPIO_ReadPin
                0x080022d4       0x30 ./Drivers/STM32F4xx_HAL_Driver/Src/stm32f4xx_hal_gpio.o
                0x080022d4                HAL_GPIO_ReadPin
 .text.HAL_GPIO_WritePin
                0x08002304       0x32 ./Drivers/STM32F4xx_HAL_Driver/Src/stm32f4xx_hal_gpio.o
                0x08002304                HAL_GPIO_WritePin
 *fill*         0x08002336        0x2 
 .text.HAL_RCC_ClockConfig
                0x08002338      0x1cc ./Drivers/STM32F4xx_HAL_Driver/Src/stm32f4xx_hal_rcc.o
                0x08002338                HAL_RCC_ClockConfig
 .text.HAL_RCC_GetSysClockFreq
                0x08002504      0x18c ./Drivers/STM32F4xx_HAL_Driver/Src/stm32f4xx_hal_rcc.o
                0x08002504                HAL_RCC_GetSysClockFreq
 .text.HAL_RCC_GetHCLKFreq
                0x08002690       0x18 ./Drivers/STM32F4xx_HAL_Driver/Src/stm32f4xx_hal_rcc.o
                0x08002690                HAL_RCC_GetHCLKFreq
 .text.HAL_RCC_GetPCLK1Freq
                0x080026a8       0x28 ./Drivers/STM32F4xx_HAL_Driver/Src/stm32f4xx_hal_rcc.o
                0x080026a8                HAL_RCC_GetPCLK1Freq
 .text.HAL_RCC_GetPCLK2Freq
                0x080026d0       0x28 ./Drivers/STM32F4xx_HAL_Driver/Src/stm32f4xx_hal_rcc.o
                0x080026d0                HAL_RCC_GetPCLK2Freq
 .text.HAL_RCC_OscConfig
                0x080026f8      0x508 ./Drivers/STM32F4xx_HAL_Driver/Src/stm32f4xx_hal_rcc_ex.o
                0x080026f8                HAL_RCC_OscConfig
 .text.HAL_SPI_Init
                0x08002c00      0x112 ./Drivers/STM32F4xx_HAL_Driver/Src/stm32f4xx_hal_spi.o
                0x08002c00                HAL_SPI_Init
 .text.HAL_SPI_TransmitReceive
                0x08002d12      0x352 ./Drivers/STM32F4xx_HAL_Driver/Src/stm32f4xx_hal_spi.o
                0x08002d12                HAL_SPI_TransmitReceive
 .text.SPI_WaitFlagStateUntilTimeout
                0x08003064      0x110 ./Drivers/STM32F4xx_HAL_Driver/Src/stm32f4xx_hal_spi.o
 .text.SPI_EndRxTxTransaction
                0x08003174       0xa8 ./Drivers/STM32F4xx_HAL_Driver/Src/stm32f4xx_hal_spi.o
 .text.HAL_UART_Init
                0x0800321c       0xa0 ./Drivers/STM32F4xx_HAL_Driver/Src/stm32f4xx_hal_uart.o
                0x0800321c                HAL_UART_Init
 .text.HAL_UART_Transmit
                0x080032bc      0x116 ./Drivers/STM32F4xx_HAL_Driver/Src/stm32f4xx_hal_uart.o
                0x080032bc                HAL_UART_Transmit
 .text.UART_WaitOnFlagUntilTimeout
                0x080033d2       0xb2 ./Drivers/STM32F4xx_HAL_Driver/Src/stm32f4xx_hal_uart.o
 .text.UART_EndRxTransfer
                0x08003484       0xc6 ./Drivers/STM32F4xx_HAL_Driver/Src/stm32f4xx_hal_uart.o
 *fill*         0x0800354a        0x2 
 .text.UART_SetConfig
                0x0800354c      0x4e8 ./Drivers/STM32F4xx_HAL_Driver/Src/stm32f4xx_hal_uart.o
 .text.std      0x08003a34       0x6c D:/Applications/STM32CubeIDE_1.19.0/STM32CubeIDE/plugins/com.st.stm32cube.ide.mcu.externaltools.gnu-tools-for-stm32.13.3.rel1.win32_1.0.0.202411081344/tools/bin/../lib/gcc/arm-none-eabi/13.3.1/../../../../arm-none-eabi/lib/thumb/v7e-m+fp/hard\libc_nano.a(libc_a-findfp.o)
 .text.stdio_exit_handler
                0x08003aa0       0x18 D:/Applications/STM32CubeIDE_1.19.0/STM32CubeIDE/plugins/com.st.stm32cube.ide.mcu.externaltools.gnu-tools-for-stm32.13.3.rel1.win32_1.0.0.202411081344/tools/bin/../lib/gcc/arm-none-eabi/13.3.1/../../../../arm-none-eabi/lib/thumb/v7e-m+fp/hard\libc_nano.a(libc_a-findfp.o)
 .text.cleanup_stdio
                0x08003ab8       0x40 D:/Applications/STM32CubeIDE_1.19.0/STM32CubeIDE/plugins/com.st.stm32cube.ide.mcu.externaltools.gnu-tools-for-stm32.13.3.rel1.win32_1.0.0.202411081344/tools/bin/../lib/gcc/arm-none-eabi/13.3.1/../../../../arm-none-eabi/lib/thumb/v7e-m+fp/hard\libc_nano.a(libc_a-findfp.o)
 .text.global_stdio_init.part.0
                0x08003af8       0x3c D:/Applications/STM32CubeIDE_1.19.0/STM32CubeIDE/plugins/com.st.stm32cube.ide.mcu.externaltools.gnu-tools-for-stm32.13.3.rel1.win32_1.0.0.202411081344/tools/bin/../lib/gcc/arm-none-eabi/13.3.1/../../../../arm-none-eabi/lib/thumb/v7e-m+fp/hard\libc_nano.a(libc_a-findfp.o)
 .text.__sfp_lock_acquire
                0x08003b34        0xc D:/Applications/STM32CubeIDE_1.19.0/STM32CubeIDE/plugins/com.st.stm32cube.ide.mcu.externaltools.gnu-tools-for-stm32.13.3.rel1.win32_1.0.0.202411081344/tools/bin/../lib/gcc/arm-none-eabi/13.3.1/../../../../arm-none-eabi/lib/thumb/v7e-m+fp/hard\libc_nano.a(libc_a-findfp.o)
                0x08003b34                __sfp_lock_acquire
 .text.__sfp_lock_release
                0x08003b40        0xc D:/Applications/STM32CubeIDE_1.19.0/STM32CubeIDE/plugins/com.st.stm32cube.ide.mcu.externaltools.gnu-tools-for-stm32.13.3.rel1.win32_1.0.0.202411081344/tools/bin/../lib/gcc/arm-none-eabi/13.3.1/../../../../arm-none-eabi/lib/thumb/v7e-m+fp/hard\libc_nano.a(libc_a-findfp.o)
                0x08003b40                __sfp_lock_release
 .text.__sinit  0x08003b4c       0x30 D:/Applications/STM32CubeIDE_1.19.0/STM32CubeIDE/plugins/com.st.stm32cube.ide.mcu.externaltools.gnu-tools-for-stm32.13.3.rel1.win32_1.0.0.202411081344/tools/bin/../lib/gcc/arm-none-eabi/13.3.1/../../../../arm-none-eabi/lib/thumb/v7e-m+fp/hard\libc_nano.a(libc_a-findfp.o)
                0x08003b4c                __sinit
 .text._fwalk_sglue
                0x08003b7c       0x3c D:/Applications/STM32CubeIDE_1.19.0/STM32CubeIDE/plugins/com.st.stm32cube.ide.mcu.externaltools.gnu-tools-for-stm32.13.3.rel1.win32_1.0.0.202411081344/tools/bin/../lib/gcc/arm-none-eabi/13.3.1/../../../../arm-none-eabi/lib/thumb/v7e-m+fp/hard\libc_nano.a(libc_a-fwalk.o)
                0x08003b7c                _fwalk_sglue
 .text.printf   0x08003bb8       0x24 D:/Applications/STM32CubeIDE_1.19.0/STM32CubeIDE/plugins/com.st.stm32cube.ide.mcu.externaltools.gnu-tools-for-stm32.13.3.rel1.win32_1.0.0.202411081344/tools/bin/../lib/gcc/arm-none-eabi/13.3.1/../../../../arm-none-eabi/lib/thumb/v7e-m+fp/hard\libc_nano.a(libc_a-printf.o)
                0x08003bb8                iprintf
                0x08003bb8                printf
 .text._puts_r  0x08003bdc       0xaa D:/Applications/STM32CubeIDE_1.19.0/STM32CubeIDE/plugins/com.st.stm32cube.ide.mcu.externaltools.gnu-tools-for-stm32.13.3.rel1.win32_1.0.0.202411081344/tools/bin/../lib/gcc/arm-none-eabi/13.3.1/../../../../arm-none-eabi/lib/thumb/v7e-m+fp/hard\libc_nano.a(libc_a-puts.o)
                0x08003bdc                _puts_r
 *fill*         0x08003c86        0x2 
 .text.puts     0x08003c88       0x10 D:/Applications/STM32CubeIDE_1.19.0/STM32CubeIDE/plugins/com.st.stm32cube.ide.mcu.externaltools.gnu-tools-for-stm32.13.3.rel1.win32_1.0.0.202411081344/tools/bin/../lib/gcc/arm-none-eabi/13.3.1/../../../../arm-none-eabi/lib/thumb/v7e-m+fp/hard\libc_nano.a(libc_a-puts.o)
                0x08003c88                puts
 .text.__sread  0x08003c98       0x22 D:/Applications/STM32CubeIDE_1.19.0/STM32CubeIDE/plugins/com.st.stm32cube.ide.mcu.externaltools.gnu-tools-for-stm32.13.3.rel1.win32_1.0.0.202411081344/tools/bin/../lib/gcc/arm-none-eabi/13.3.1/../../../../arm-none-eabi/lib/thumb/v7e-m+fp/hard\libc_nano.a(libc_a-stdio.o)
                0x08003c98                __sread
 .text.__swrite
                0x08003cba       0x38 D:/Applications/STM32CubeIDE_1.19.0/STM32CubeIDE/plugins/com.st.stm32cube.ide.mcu.externaltools.gnu-tools-for-stm32.13.3.rel1.win32_1.0.0.202411081344/tools/bin/../lib/gcc/arm-none-eabi/13.3.1/../../../../arm-none-eabi/lib/thumb/v7e-m+fp/hard\libc_nano.a(libc_a-stdio.o)
                0x08003cba                __swrite
 .text.__sseek  0x08003cf2       0x24 D:/Applications/STM32CubeIDE_1.19.0/STM32CubeIDE/plugins/com.st.stm32cube.ide.mcu.externaltools.gnu-tools-for-stm32.13.3.rel1.win32_1.0.0.202411081344/tools/bin/../lib/gcc/arm-none-eabi/13.3.1/../../../../arm-none-eabi/lib/thumb/v7e-m+fp/hard\libc_nano.a(libc_a-stdio.o)
                0x08003cf2                __sseek
 .text.__sclose
                0x08003d16        0x8 D:/Applications/STM32CubeIDE_1.19.0/STM32CubeIDE/plugins/com.st.stm32cube.ide.mcu.externaltools.gnu-tools-for-stm32.13.3.rel1.win32_1.0.0.202411081344/tools/bin/../lib/gcc/arm-none-eabi/13.3.1/../../../../arm-none-eabi/lib/thumb/v7e-m+fp/hard\libc_nano.a(libc_a-stdio.o)
                0x08003d16                __sclose
 .text.__swbuf_r
                0x08003d1e       0x7c D:/Applications/STM32CubeIDE_1.19.0/STM32CubeIDE/plugins/com.st.stm32cube.ide.mcu.externaltools.gnu-tools-for-stm32.13.3.rel1.win32_1.0.0.202411081344/tools/bin/../lib/gcc/arm-none-eabi/13.3.1/../../../../arm-none-eabi/lib/thumb/v7e-m+fp/hard\libc_nano.a(libc_a-wbuf.o)
                0x08003d1e                __swbuf_r
 *fill*         0x08003d9a        0x2 
 .text.__swsetup_r
                0x08003d9c       0xac D:/Applications/STM32CubeIDE_1.19.0/STM32CubeIDE/plugins/com.st.stm32cube.ide.mcu.externaltools.gnu-tools-for-stm32.13.3.rel1.win32_1.0.0.202411081344/tools/bin/../lib/gcc/arm-none-eabi/13.3.1/../../../../arm-none-eabi/lib/thumb/v7e-m+fp/hard\libc_nano.a(libc_a-wsetup.o)
                0x08003d9c                __swsetup_r
 .text.memset   0x08003e48       0x10 D:/Applications/STM32CubeIDE_1.19.0/STM32CubeIDE/plugins/com.st.stm32cube.ide.mcu.externaltools.gnu-tools-for-stm32.13.3.rel1.win32_1.0.0.202411081344/tools/bin/../lib/gcc/arm-none-eabi/13.3.1/../../../../arm-none-eabi/lib/thumb/v7e-m+fp/hard\libc_nano.a(libc_a-memset.o)
                0x08003e48                memset
 .text._close_r
                0x08003e58       0x20 D:/Applications/STM32CubeIDE_1.19.0/STM32CubeIDE/plugins/com.st.stm32cube.ide.mcu.externaltools.gnu-tools-for-stm32.13.3.rel1.win32_1.0.0.202411081344/tools/bin/../lib/gcc/arm-none-eabi/13.3.1/../../../../arm-none-eabi/lib/thumb/v7e-m+fp/hard\libc_nano.a(libc_a-closer.o)
                0x08003e58                _close_r
 .text._lseek_r
                0x08003e78       0x24 D:/Applications/STM32CubeIDE_1.19.0/STM32CubeIDE/plugins/com.st.stm32cube.ide.mcu.externaltools.gnu-tools-for-stm32.13.3.rel1.win32_1.0.0.202411081344/tools/bin/../lib/gcc/arm-none-eabi/13.3.1/../../../../arm-none-eabi/lib/thumb/v7e-m+fp/hard\libc_nano.a(libc_a-lseekr.o)
                0x08003e78                _lseek_r
 .text._read_r  0x08003e9c       0x24 D:/Applications/STM32CubeIDE_1.19.0/STM32CubeIDE/plugins/com.st.stm32cube.ide.mcu.externaltools.gnu-tools-for-stm32.13.3.rel1.win32_1.0.0.202411081344/tools/bin/../lib/gcc/arm-none-eabi/13.3.1/../../../../arm-none-eabi/lib/thumb/v7e-m+fp/hard\libc_nano.a(libc_a-readr.o)
                0x08003e9c                _read_r
 .text._write_r
                0x08003ec0       0x24 D:/Applications/STM32CubeIDE_1.19.0/STM32CubeIDE/plugins/com.st.stm32cube.ide.mcu.externaltools.gnu-tools-for-stm32.13.3.rel1.win32_1.0.0.202411081344/tools/bin/../lib/gcc/arm-none-eabi/13.3.1/../../../../arm-none-eabi/lib/thumb/v7e-m+fp/hard\libc_nano.a(libc_a-writer.o)
                0x08003ec0                _write_r
 .text.__errno  0x08003ee4        0xc D:/Applications/STM32CubeIDE_1.19.0/STM32CubeIDE/plugins/com.st.stm32cube.ide.mcu.externaltools.gnu-tools-for-stm32.13.3.rel1.win32_1.0.0.202411081344/tools/bin/../lib/gcc/arm-none-eabi/13.3.1/../../../../arm-none-eabi/lib/thumb/v7e-m+fp/hard\libc_nano.a(libc_a-errno.o)
                0x08003ee4                __errno
 .text.__libc_init_array
                0x08003ef0       0x48 D:/Applications/STM32CubeIDE_1.19.0/STM32CubeIDE/plugins/com.st.stm32cube.ide.mcu.externaltools.gnu-tools-for-stm32.13.3.rel1.win32_1.0.0.202411081344/tools/bin/../lib/gcc/arm-none-eabi/13.3.1/../../../../arm-none-eabi/lib/thumb/v7e-m+fp/hard\libc_nano.a(libc_a-init.o)
                0x08003ef0                __libc_init_array
 .text.__retarget_lock_init_recursive
                0x08003f38        0x2 D:/Applications/STM32CubeIDE_1.19.0/STM32CubeIDE/plugins/com.st.stm32cube.ide.mcu.externaltools.gnu-tools-for-stm32.13.3.rel1.win32_1.0.0.202411081344/tools/bin/../lib/gcc/arm-none-eabi/13.3.1/../../../../arm-none-eabi/lib/thumb/v7e-m+fp/hard\libc_nano.a(libc_a-lock.o)
                0x08003f38                __retarget_lock_init_recursive
 .text.__retarget_lock_acquire_recursive
                0x08003f3a        0x2 D:/Applications/STM32CubeIDE_1.19.0/STM32CubeIDE/plugins/com.st.stm32cube.ide.mcu.externaltools.gnu-tools-for-stm32.13.3.rel1.win32_1.0.0.202411081344/tools/bin/../lib/gcc/arm-none-eabi/13.3.1/../../../../arm-none-eabi/lib/thumb/v7e-m+fp/hard\libc_nano.a(libc_a-lock.o)
                0x08003f3a                __retarget_lock_acquire_recursive
 .text.__retarget_lock_release_recursive
                0x08003f3c        0x2 D:/Applications/STM32CubeIDE_1.19.0/STM32CubeIDE/plugins/com.st.stm32cube.ide.mcu.externaltools.gnu-tools-for-stm32.13.3.rel1.win32_1.0.0.202411081344/tools/bin/../lib/gcc/arm-none-eabi/13.3.1/../../../../arm-none-eabi/lib/thumb/v7e-m+fp/hard\libc_nano.a(libc_a-lock.o)
                0x08003f3c                __retarget_lock_release_recursive
 *fill*         0x08003f3e        0x2 
 .text._free_r  0x08003f40       0x94 D:/Applications/STM32CubeIDE_1.19.0/STM32CubeIDE/plugins/com.st.stm32cube.ide.mcu.externaltools.gnu-tools-for-stm32.13.3.rel1.win32_1.0.0.202411081344/tools/bin/../lib/gcc/arm-none-eabi/13.3.1/../../../../arm-none-eabi/lib/thumb/v7e-m+fp/hard\libc_nano.a(libc_a-freer.o)
                0x08003f40                _free_r
 .text.sbrk_aligned
                0x08003fd4       0x44 D:/Applications/STM32CubeIDE_1.19.0/STM32CubeIDE/plugins/com.st.stm32cube.ide.mcu.externaltools.gnu-tools-for-stm32.13.3.rel1.win32_1.0.0.202411081344/tools/bin/../lib/gcc/arm-none-eabi/13.3.1/../../../../arm-none-eabi/lib/thumb/v7e-m+fp/hard\libc_nano.a(libc_a-mallocr.o)
 .text._malloc_r
                0x08004018      0x100 D:/Applications/STM32CubeIDE_1.19.0/STM32CubeIDE/plugins/com.st.stm32cube.ide.mcu.externaltools.gnu-tools-for-stm32.13.3.rel1.win32_1.0.0.202411081344/tools/bin/../lib/gcc/arm-none-eabi/13.3.1/../../../../arm-none-eabi/lib/thumb/v7e-m+fp/hard\libc_nano.a(libc_a-mallocr.o)
                0x08004018                _malloc_r
 .text.__malloc_lock
                0x08004118        0xc D:/Applications/STM32CubeIDE_1.19.0/STM32CubeIDE/plugins/com.st.stm32cube.ide.mcu.externaltools.gnu-tools-for-stm32.13.3.rel1.win32_1.0.0.202411081344/tools/bin/../lib/gcc/arm-none-eabi/13.3.1/../../../../arm-none-eabi/lib/thumb/v7e-m+fp/hard\libc_nano.a(libc_a-mlock.o)
                0x08004118                __malloc_lock
 .text.__malloc_unlock
                0x08004124        0xc D:/Applications/STM32CubeIDE_1.19.0/STM32CubeIDE/plugins/com.st.stm32cube.ide.mcu.externaltools.gnu-tools-for-stm32.13.3.rel1.win32_1.0.0.202411081344/tools/bin/../lib/gcc/arm-none-eabi/13.3.1/../../../../arm-none-eabi/lib/thumb/v7e-m+fp/hard\libc_nano.a(libc_a-mlock.o)
                0x08004124                __malloc_unlock
 .text.__sfputc_r
                0x08004130       0x2e D:/Applications/STM32CubeIDE_1.19.0/STM32CubeIDE/plugins/com.st.stm32cube.ide.mcu.externaltools.gnu-tools-for-stm32.13.3.rel1.win32_1.0.0.202411081344/tools/bin/../lib/gcc/arm-none-eabi/13.3.1/../../../../arm-none-eabi/lib/thumb/v7e-m+fp/hard\libc_nano.a(libc_a-nano-vfprintf.o)
 .text.__sfputs_r
                0x0800415e       0x24 D:/Applications/STM32CubeIDE_1.19.0/STM32CubeIDE/plugins/com.st.stm32cube.ide.mcu.externaltools.gnu-tools-for-stm32.13.3.rel1.win32_1.0.0.202411081344/tools/bin/../lib/gcc/arm-none-eabi/13.3.1/../../../../arm-none-eabi/lib/thumb/v7e-m+fp/hard\libc_nano.a(libc_a-nano-vfprintf.o)
                0x0800415e                __sfputs_r
 *fill*         0x08004182        0x2 
 .text._vfprintf_r
                0x08004184      0x230 D:/Applications/STM32CubeIDE_1.19.0/STM32CubeIDE/plugins/com.st.stm32cube.ide.mcu.externaltools.gnu-tools-for-stm32.13.3.rel1.win32_1.0.0.202411081344/tools/bin/../lib/gcc/arm-none-eabi/13.3.1/../../../../arm-none-eabi/lib/thumb/v7e-m+fp/hard\libc_nano.a(libc_a-nano-vfprintf.o)
                0x08004184                _vfprintf_r
                0x08004184                _vfiprintf_r
 .text._printf_common
                0x080043b4       0xda D:/Applications/STM32CubeIDE_1.19.0/STM32CubeIDE/plugins/com.st.stm32cube.ide.mcu.externaltools.gnu-tools-for-stm32.13.3.rel1.win32_1.0.0.202411081344/tools/bin/../lib/gcc/arm-none-eabi/13.3.1/../../../../arm-none-eabi/lib/thumb/v7e-m+fp/hard\libc_nano.a(libc_a-nano-vfprintf_i.o)
                0x080043b4                _printf_common
 *fill*         0x0800448e        0x2 
 .text._printf_i
                0x08004490      0x23c D:/Applications/STM32CubeIDE_1.19.0/STM32CubeIDE/plugins/com.st.stm32cube.ide.mcu.externaltools.gnu-tools-for-stm32.13.3.rel1.win32_1.0.0.202411081344/tools/bin/../lib/gcc/arm-none-eabi/13.3.1/../../../../arm-none-eabi/lib/thumb/v7e-m+fp/hard\libc_nano.a(libc_a-nano-vfprintf_i.o)
                0x08004490                _printf_i
 .text.__sflush_r
                0x080046cc      0x108 D:/Applications/STM32CubeIDE_1.19.0/STM32CubeIDE/plugins/com.st.stm32cube.ide.mcu.externaltools.gnu-tools-for-stm32.13.3.rel1.win32_1.0.0.202411081344/tools/bin/../lib/gcc/arm-none-eabi/13.3.1/../../../../arm-none-eabi/lib/thumb/v7e-m+fp/hard\libc_nano.a(libc_a-fflush.o)
                0x080046cc                __sflush_r
 .text._fflush_r
                0x080047d4       0x50 D:/Applications/STM32CubeIDE_1.19.0/STM32CubeIDE/plugins/com.st.stm32cube.ide.mcu.externaltools.gnu-tools-for-stm32.13.3.rel1.win32_1.0.0.202411081344/tools/bin/../lib/gcc/arm-none-eabi/13.3.1/../../../../arm-none-eabi/lib/thumb/v7e-m+fp/hard\libc_nano.a(libc_a-fflush.o)
                0x080047d4                _fflush_r
 .text.__swhatbuf_r
                0x08004824       0x4c D:/Applications/STM32CubeIDE_1.19.0/STM32CubeIDE/plugins/com.st.stm32cube.ide.mcu.externaltools.gnu-tools-for-stm32.13.3.rel1.win32_1.0.0.202411081344/tools/bin/../lib/gcc/arm-none-eabi/13.3.1/../../../../arm-none-eabi/lib/thumb/v7e-m+fp/hard\libc_nano.a(libc_a-makebuf.o)
                0x08004824                __swhatbuf_r
 .text.__smakebuf_r
                0x08004870       0x78 D:/Applications/STM32CubeIDE_1.19.0/STM32CubeIDE/plugins/com.st.stm32cube.ide.mcu.externaltools.gnu-tools-for-stm32.13.3.rel1.win32_1.0.0.202411081344/tools/bin/../lib/gcc/arm-none-eabi/13.3.1/../../../../arm-none-eabi/lib/thumb/v7e-m+fp/hard\libc_nano.a(libc_a-makebuf.o)
                0x08004870                __smakebuf_r
 .text._fstat_r
                0x080048e8       0x24 D:/Applications/STM32CubeIDE_1.19.0/STM32CubeIDE/plugins/com.st.stm32cube.ide.mcu.externaltools.gnu-tools-for-stm32.13.3.rel1.win32_1.0.0.202411081344/tools/bin/../lib/gcc/arm-none-eabi/13.3.1/../../../../arm-none-eabi/lib/thumb/v7e-m+fp/hard\libc_nano.a(libc_a-fstatr.o)
                0x080048e8                _fstat_r
 .text._isatty_r
                0x0800490c       0x20 D:/Applications/STM32CubeIDE_1.19.0/STM32CubeIDE/plugins/com.st.stm32cube.ide.mcu.externaltools.gnu-tools-for-stm32.13.3.rel1.win32_1.0.0.202411081344/tools/bin/../lib/gcc/arm-none-eabi/13.3.1/../../../../arm-none-eabi/lib/thumb/v7e-m+fp/hard\libc_nano.a(libc_a-isattyr.o)
                0x0800490c                _isatty_r
 .text._sbrk_r  0x0800492c       0x20 D:/Applications/STM32CubeIDE_1.19.0/STM32CubeIDE/plugins/com.st.stm32cube.ide.mcu.externaltools.gnu-tools-for-stm32.13.3.rel1.win32_1.0.0.202411081344/tools/bin/../lib/gcc/arm-none-eabi/13.3.1/../../../../arm-none-eabi/lib/thumb/v7e-m+fp/hard\libc_nano.a(libc_a-sbrkr.o)
                0x0800492c                _sbrk_r
 *(.glue_7)
 .glue_7        0x0800494c        0x0 linker stubs
 *(.glue_7t)
 .glue_7t       0x0800494c        0x0 linker stubs
 *(.eh_frame)
 .eh_frame      0x0800494c        0x0 D:/Applications/STM32CubeIDE_1.19.0/STM32CubeIDE/plugins/com.st.stm32cube.ide.mcu.externaltools.gnu-tools-for-stm32.13.3.rel1.win32_1.0.0.202411081344/tools/bin/../lib/gcc/arm-none-eabi/13.3.1/thumb/v7e-m+fp/hard/crtbegin.o
 *(.init)
 .init          0x0800494c        0x4 D:/Applications/STM32CubeIDE_1.19.0/STM32CubeIDE/plugins/com.st.stm32cube.ide.mcu.externaltools.gnu-tools-for-stm32.13.3.rel1.win32_1.0.0.202411081344/tools/bin/../lib/gcc/arm-none-eabi/13.3.1/thumb/v7e-m+fp/hard/crti.o
                0x0800494c                _init
 .init          0x08004950        0x8 D:/Applications/STM32CubeIDE_1.19.0/STM32CubeIDE/plugins/com.st.stm32cube.ide.mcu.externaltools.gnu-tools-for-stm32.13.3.rel1.win32_1.0.0.202411081344/tools/bin/../lib/gcc/arm-none-eabi/13.3.1/thumb/v7e-m+fp/hard/crtn.o
 *(.fini)
 .fini          0x08004958        0x4 D:/Applications/STM32CubeIDE_1.19.0/STM32CubeIDE/plugins/com.st.stm32cube.ide.mcu.externaltools.gnu-tools-for-stm32.13.3.rel1.win32_1.0.0.202411081344/tools/bin/../lib/gcc/arm-none-eabi/13.3.1/thumb/v7e-m+fp/hard/crti.o
                0x08004958                _fini
 .fini          0x0800495c        0x8 D:/Applications/STM32CubeIDE_1.19.0/STM32CubeIDE/plugins/com.st.stm32cube.ide.mcu.externaltools.gnu-tools-for-stm32.13.3.rel1.win32_1.0.0.202411081344/tools/bin/../lib/gcc/arm-none-eabi/13.3.1/thumb/v7e-m+fp/hard/crtn.o
                0x08004964                        . = ALIGN (0x4)
                0x08004964                        _etext = .

.vfp11_veneer   0x08004964        0x0
 .vfp11_veneer  0x08004964        0x0 linker stubs

.v4_bx          0x08004964        0x0
 .v4_bx         0x08004964        0x0 linker stubs

.iplt           0x08004964        0x0
 .iplt          0x08004964        0x0 D:/Applications/STM32CubeIDE_1.19.0/STM32CubeIDE/plugins/com.st.stm32cube.ide.mcu.externaltools.gnu-tools-for-stm32.13.3.rel1.win32_1.0.0.202411081344/tools/bin/../lib/gcc/arm-none-eabi/13.3.1/thumb/v7e-m+fp/hard/crtbegin.o

.rodata         0x08004964      0x350
                0x08004964                        . = ALIGN (0x4)
 *(.rodata)
 .rodata        0x08004964      0x29b ./Core/Src/main.o
 *(.rodata*)
 *fill*         0x08004bff        0x1 
 .rodata.s_crc_tab
                0x08004c00       0x20 ./Core/Src/anim_stream.o
 .rodata.cc_cfg
                0x08004c20       0x48 ./Core/Src/cc1101.o
 .rodata.AHBPrescTable
                0x08004c68       0x10 ./Core/Src/system_stm32f4xx.o
                0x08004c68                AHBPrescTable
 .rodata.APBPrescTable
                0x08004c78        0x8 ./Core/Src/system_stm32f4xx.o
                0x08004c78                APBPrescTable
 .rodata._vfprintf_r.str1.1
                0x08004c80       0x33 D:/Applications/STM32CubeIDE_1.19.0/STM32CubeIDE/plugins/com.st.stm32cube.ide.mcu.externaltools.gnu-tools-for-stm32.13.3.rel1.win32_1.0.0.202411081344/tools/bin/../lib/gcc/arm-none-eabi/13.3.1/../../../../arm-none-eabi/lib/thumb/v7e-m+fp/hard\libc_nano.a(libc_a-nano-vfprintf.o)
                                 0x11 (size before relaxing)
 .rodata._printf_i.str1.1
                0x08004cb3       0x22 D:/Applications/STM32CubeIDE_1.19.0/STM32CubeIDE/plugins/com.st.stm32cube.ide.mcu.externaltools.gnu-tools-for-stm32.13.3.rel1.win32_1.0.0.202411081344/tools/bin/../lib/gcc/arm-none-eabi/13.3.1/../../../../arm-none-eabi/lib/thumb/v7e-m+fp/hard\libc_nano.a(libc_a-nano-vfprintf_i.o)
                0x08004cd8                        . = ALIGN (0x4)
 *fill*         0x08004cb3        0x1 

.ARM.extab      0x08004cb4        0x0
                0x08004cb4                        . = ALIGN (0x4)
 *(.ARM.extab* .gnu.linkonce.armextab.*)
                0x08004cb4                        . = ALIGN (0x4)

.ARM            0x08004cb4        0x8
                0x08004cb4                        . = ALIGN (0x4)
                0x08004cb4                        __exidx_start = .
 *(.ARM.exidx*)
 .ARM.exidx     0x08004cb4        0x8 D:/Applications/STM32CubeIDE_1.19.0/STM32CubeIDE/plugins/com.st.stm32cube.ide.mcu.externaltools.gnu-tools-for-stm32.13.3.rel1.win32_1.0.0.202411081344/tools/bin/../lib/gcc/arm-none-eabi/13.3.1/../../../../arm-none-eabi/lib/thumb/v7e-m+fp/hard\libc_nano.a(libc_a-memchr.o)
 .ARM.exidx     0x08004cbc        0x0 D:/Applications/STM32CubeIDE_1.19.0/STM32CubeIDE/plugins/com.st.stm32cube.ide.mcu.externaltools.gnu-tools-for-stm32.13.3.rel1.win32_1.0.0.202411081344/tools/bin/../lib/gcc/arm-none-eabi/13.3.1/thumb/v7e-m+fp/hard\libgcc.a(_udivmoddi4.o)
                                  0x8 (size before relaxing)
                0x08004cbc                        __exidx_end = .
                0x08004cbc                        . = ALIGN (0x4)

.preinit_array  0x08004cbc        0x0
                0x08004cbc                        . = ALIGN (0x4)
                0x08004cbc                        PROVIDE (__preinit_array_start = .)
 *(.preinit_array*)
                0x08004cbc                        PROVIDE (__preinit_array_end = .)
                0x08004cbc                        . = ALIGN (0x4)

.init_array     0x08004cbc        0x4
                0x08004cbc                        . = ALIGN (0x4)
                0x08004cbc                        PROVIDE (__init_array_start = .)
 *(SORT_BY_NAME(.init_array.*))
 *(.init_array*)
 .init_array    0x08004cbc        0x4 D:/Applications/STM32CubeIDE_1.19.0/STM32CubeIDE/plugins/com.st.stm32cube.ide.mcu.externaltools.gnu-tools-for-stm32.13.3.rel1.win32_1.0.0.202411081344/tools/bin/../lib/gcc/arm-none-eabi/13.3.1/thumb/v7e-m+fp/hard/crtbegin.o
                0x08004cc0                        PROVIDE (__init_array_end = .)
                0x08004cc0                        . = ALIGN (0x4)

.fini_array     0x08004cc0        0x4
                0x08004cc0                        . = ALIGN (0x4)
                [!provide]                        PROVIDE (__fini_array_start = .)
 *(SORT_BY_NAME(.fini_array.*))
 *(.fini_array*)
 .fini_array    0x08004cc0        0x4 D:/Applications/STM32CubeIDE_1.19.0/STM32CubeIDE/plugins/com.st.stm32cube.ide.mcu.externaltools.gnu-tools-for-stm32.13.3.rel1.win32_1.0.0.202411081344/tools/bin/../lib/gcc/arm-none-eabi/13.3.1/thumb/v7e-m+fp/hard/crtbegin.o
                [!provide]                        PROVIDE (__fini_array_end = .)
                0x08004cc4                        . = ALIGN (0x4)
                0x08004cc4                        _sidata = LOADADDR (.data)

.rel.dyn        0x08004cc4        0x0
 .rel.iplt      0x08004cc4        0x0 D:/Applications/STM32CubeIDE_1.19.0/STM32CubeIDE/plugins/com.st.stm32cube.ide.mcu.externaltools.gnu-tools-for-stm32.13.3.rel1.win32_1.0.0.202411081344/tools/bin/../lib/gcc/arm-none-eabi/13.3.1/thumb/v7e-m+fp/hard/crtbegin.o

.data           0x20000000       0x68 load address 0x08004cc4
                0x20000000                        . = ALIGN (0x4)
                0x20000000                        _sdata = .
 *(.data)
 *(.data*)
 .data.SystemCoreClock
                0x20000000        0x4 ./Core/Src/system_stm32f4xx.o
                0x20000000                SystemCoreClock
 .data.uwTickPrio
                0x20000004        0x4 ./Drivers/STM32F4xx_HAL_Driver/Src/stm32f4xx_hal.o
                0x20000004                uwTickPrio
 .data.uwTickFreq
                0x20000008        0x1 ./Drivers/STM32F4xx_HAL_Driver/Src/stm32f4xx_hal.o
                0x20000008                uwTickFreq
 *fill*         0x20000009        0x3 
 .data.__sglue  0x2000000c        0xc D:/Applications/STM32CubeIDE_1.19.0/STM32CubeIDE/plugins/com.st.stm32cube.ide.mcu.externaltools.gnu-tools-for-stm32.13.3.rel1.win32_1.0.0.202411081344/tools/bin/../lib/gcc/arm-none-eabi/13.3.1/../../../../arm-none-eabi/lib/thumb/v7e-m+fp/hard\libc_nano.a(libc_a-findfp.o)
                0x2000000c                __sglue
 .data._impure_ptr
                0x20000018        0x4 D:/Applications/STM32CubeIDE_1.19.0/STM32CubeIDE/plugins/com.st.stm32cube.ide.mcu.externaltools.gnu-tools-for-stm32.13.3.rel1.win32_1.0.0.202411081344/tools/bin/../lib/gcc/arm-none-eabi/13.3.1/../../../../arm-none-eabi/lib/thumb/v7e-m+fp/hard\libc_nano.a(libc_a-impure.o)
                0x20000018                _impure_ptr
 .data._impure_data
                0x2000001c       0x4c D:/Applications/STM32CubeIDE_1.19.0/STM32CubeIDE/plugins/com.st.stm32cube.ide.mcu.externaltools.gnu-tools-for-stm32.13.3.rel1.win32_1.0.0.202411081344/tools/bin/../lib/gcc/arm-none-eabi/13.3.1/../../../../arm-none-eabi/lib/thumb/v7e-m+fp/hard\libc_nano.a(libc_a-impure.o)
                0x2000001c                _impure_data
 *(.RamFunc)
 *(.RamFunc*)
                0x20000068                        . = ALIGN (0x4)
                0x20000068                        _edata = .

.igot.plt       0x20000068        0x0 load address 0x08004d2c
 .igot.plt      0x20000068        0x0 D:/Applications/STM32CubeIDE_1.19.0/STM32CubeIDE/plugins/com.st.stm32cube.ide.mcu.externaltools.gnu-tools-for-stm32.13.3.rel1.win32_1.0.0.202411081344/tools/bin/../lib/gcc/arm-none-eabi/13.3.1/thumb/v7e-m+fp/hard/crtbegin.o
                0x20000068                        . = ALIGN (0x4)

.bss            0x20000068      0xc38 load address 0x08004d2c
                0x20000068                        _sbss = .
                0x20000068                        __bss_start__ = _sbss
 *(.bss)
 .bss           0x20000068       0x1c D:/Applications/STM32CubeIDE_1.19.0/STM32CubeIDE/plugins/com.st.stm32cube.ide.mcu.externaltools.gnu-tools-for-stm32.13.3.rel1.win32_1.0.0.202411081344/tools/bin/../lib/gcc/arm-none-eabi/13.3.1/thumb/v7e-m+fp/hard/crtbegin.o
 *(.bss*)
 .bss.s_slot    0x20000084      0x5a0 ./Core/Src/anim_stream.o
 .bss.s_slot_n  0x20000624        0x8 ./Core/Src/anim_stream.o
 .bss.s_slot_seq
                0x2000062c        0x4 ./Core/Src/anim_stream.o
 .bss.s_rd      0x20000630        0x1 ./Core/Src/anim_stream.o
 .bss.s_wr      0x20000631        0x1 ./Core/Src/anim_stream.o
 .bss.s_count   0x20000632        0x1 ./Core/Src/anim_stream.o
 .bss.s_state   0x20000633        0x1 ./Core/Src/anim_stream.o
 .bss.s_need    0x20000634        0x2 ./Core/Src/anim_stream.o
 .bss.s_got     0x20000636        0x2 ./Core/Src/anim_stream.o
 .bss.s_npoints
                0x20000638        0x2 ./Core/Src/anim_stream.o
 .bss.s_seq     0x2000063a        0x1 ./Core/Src/anim_stream.o
 *fill*         0x2000063b        0x1 
 .bss.s_crc     0x2000063c        0x2 ./Core/Src/anim_stream.o
 .bss.s_crc_rx  0x2000063e        0x2 ./Core/Src/anim_stream.o
 .bss.s_dst     0x20000640        0x4 ./Core/Src/anim_stream.o
 .bss.s_stats   0x20000644       0x1c ./Core/Src/anim_stream.o
 .bss.s_ring    0x20000660      0x400 ./Core/Src/anim_stream.o
 .bss.s_ring_rd
                0x20000a60        0x2 ./Core/Src/anim_stream.o
 *fill*         0x20000a62        0x2 
 .bss.s_huart   0x20000a64        0x4 ./Core/Src/anim_stream.o
 .bss.s_last_ctl_ms
                0x20000a68        0x4 ./Core/Src/anim_stream.o
 .bss.spi       0x20000a6c        0x4 ./Core/Src/cc1101.o
 .bss.diag      0x20000a70        0x6 ./Core/Src/cc1101.o
 .bss.seq       0x20000a76        0x1 ./Core/Src/cc1101.o
 *fill*         0x20000a77        0x1 
 .bss.hspi1     0x20000a78       0x58 ./Core/Src/main.o
                0x20000a78                hspi1
 .bss.huart2    0x20000ad0       0x48 ./Core/Src/main.o
                0x20000ad0                huart2
 .bss.anim      0x20000b18       0x30 ./Core/Src/main.o
 .bss.t_report.0
                0x20000b48        0x4 ./Core/Src/main.o
 .bss.__sbrk_heap_end
                0x20000b4c        0x4 ./Core/Src/sysmem.o
 .bss.uwTick    0x20000b50        0x4 ./Drivers/STM32F4xx_HAL_Driver/Src/stm32f4xx_hal.o
                0x20000b50                uwTick
 .bss.__sf      0x20000b54      0x138 D:/Applications/STM32CubeIDE_1.19.0/STM32CubeIDE/plugins/com.st.stm32cube.ide.mcu.externaltools.gnu-tools-for-stm32.13.3.rel1.win32_1.0.0.202411081344/tools/bin/../lib/gcc/arm-none-eabi/13.3.1/../../../../arm-none-eabi/lib/thumb/v7e-m+fp/hard\libc_nano.a(libc_a-findfp.o)
                0x20000b54                __sf
 .bss.__stdio_exit_handler
                0x20000c8c        0x4 D:/Applications/STM32CubeIDE_1.19.0/STM32CubeIDE/plugins/com.st.stm32cube.ide.mcu.externaltools.gnu-tools-for-stm32.13.3.rel1.win32_1.0.0.202411081344/tools/bin/../lib/gcc/arm-none-eabi/13.3.1/../../../../arm-none-eabi/lib/thumb/v7e-m+fp/hard\libc_nano.a(libc_a-findfp.o)
                0x20000c8c                __stdio_exit_handler
 .bss.errno     0x20000c90        0x4 D:/Applications/STM32CubeIDE_1.19.0/STM32CubeIDE/plugins/com.st.stm32cube.ide.mcu.externaltools.gnu-tools-for-stm32.13.3.rel1.win32_1.0.0.202411081344/tools/bin/../lib/gcc/arm-none-eabi/13.3.1/../../../../arm-none-eabi/lib/thumb/v7e-m+fp/hard\libc_nano.a(libc_a-reent.o)
                0x20000c90                errno
 .bss.__lock___malloc_recursive_mutex
                0x20000c94        0x1 D:/Applications/STM32CubeIDE_1.19.0/STM32CubeIDE/plugins/com.st.stm32cube.ide.mcu.externaltools.gnu-tools-for-stm32.13.3.rel1.win32_1.0.0.202411081344/tools/bin/../lib/gcc/arm-none-eabi/13.3.1/../../../../arm-none-eabi/lib/thumb/v7e-m+fp/hard\libc_nano.a(libc_a-lock.o)
                0x20000c94                __lock___malloc_recursive_mutex
 .bss.__lock___sfp_recursive_mutex
                0x20000c95        0x1 D:/Applications/STM32CubeIDE_1.19.0/STM32CubeIDE/plugins/com.st.stm32cube.ide.mcu.externaltools.gnu-tools-for-stm32.13.3.rel1.win32_1.0.0.202411081344/tools/bin/../lib/gcc/arm-none-eabi/13.3.1/../../../../arm-none-eabi/lib/thumb/v7e-m+fp/hard\libc_nano.a(libc_a-lock.o)
                0x20000c95                __lock___sfp_recursive_mutex
 *fill*         0x20000c96        0x2 
 .bss.__malloc_sbrk_start
                0x20000c98        0x4 D:/Applications/STM32CubeIDE_1.19.0/STM32CubeIDE/plugins/com.st.stm32cube.ide.mcu.externaltools.gnu-tools-for-stm32.13.3.rel1.win32_1.0.0.202411081344/tools/bin/../lib/gcc/arm-none-eabi/13.3.1/../../../../arm-none-eabi/lib/thumb/v7e-m+fp/hard\libc_nano.a(libc_a-mallocr.o)
                0x20000c98                __malloc_sbrk_start
 .bss.__malloc_free_list
                0x20000c9c        0x4 D:/Applications/STM32CubeIDE_1.19.0/STM32CubeIDE/plugins/com.st.stm32cube.ide.mcu.externaltools.gnu-tools-for-stm32.13.3.rel1.win32_1.0.0.202411081344/tools/bin/../lib/gcc/arm-none-eabi/13.3.1/../../../../arm-none-eabi/lib/thumb/v7e-m+fp/hard\libc_nano.a(libc_a-mallocr.o)
                0x20000c9c                __malloc_free_list
 *(COMMON)
                0x20000ca0                        . = ALIGN (0x4)
                0x20000ca0                        _ebss = .
                0x20000ca0                        __bss_end__ = _ebss

._user_heap_stack
                0x20000ca0      0x600 load address 0x08004d2c
                0x20000ca0                        . = ALIGN (0x8)
                [!provide]                        PROVIDE (end = .)
                0x20000ca0                        PROVIDE (_end = .)
                0x20000ea0                        . = (. + _Min_Heap_Size)
 *fill*         0x20000ca0      0x200 
                0x200012a0                        . = (. + _Min_Stack_Size)
 *fill*         0x20000ea0      0x400 
                0x200012a0                        . = ALIGN (0x8)

/DISCARD/
 libc.a(*)
 libm.a(*)
 libgcc.a(*)

.ARM.attributes
                0x00000000       0x30
 *(.ARM.attributes)
 .ARM.attributes
                0x00000000       0x22 D:/Applications/STM32CubeIDE_1.19.0/STM32CubeIDE/plugins/com.st.stm32cube.ide.mcu.externaltools.gnu-tools-for-stm32.13.3.rel1.win32_1.0.0.202411081344/tools/bin/../lib/gcc/arm-none-eabi/13.3.1/thumb/v7e-m+fp/hard/crti.o
 .ARM.attributes
                0x00000022       0x34 D:/Applications/STM32CubeIDE_1.19.0/STM32CubeIDE/plugins/com.st.stm32cube.ide.mcu.externaltools.gnu-tools-for-stm32.13.3.rel1.win32_1.0.0.202411081344/tools/bin/../lib/gcc/arm-none-eabi/13.3.1/thumb/v7e-m+fp/hard/crtbegin.o
 .ARM.attributes
                0x00000056       0x34 ./Core/Src/anim_stream.o
 .ARM.attributes
                0x0000008a       0x34 ./Core/Src/animation.o
 .ARM.attributes
                0x000000be       0x34 ./Core/Src/cc1101.o
 .ARM.attributes
                0x000000f2       0x34 ./Core/Src/main.o
 .ARM.attributes
                0x00000126       0x34 ./Core/Src/spi_hall.o
 .ARM.attributes
                0x0000015a       0x34 ./Core/Src/stm32f4xx_hal_msp.o
 .ARM.attributes
                0x0000018e       0x34 ./Core/Src/stm32f4xx_it.o
 .ARM.attributes
                0x000001c2       0x34 ./Core/Src/syscalls.o
 .ARM.attributes
                0x000001f6       0x34 ./Core/Src/sysmem.o
 .ARM.attributes
                0x0000022a       0x34 ./Core/Src/system_stm32f4xx.o
 .ARM.attributes
                0x0000025e       0x21 ./Core/Startup/startup_stm32f410rbtx.o
 .ARM.attributes
                0x0000027f       0x34 ./Drivers/STM32F4xx_HAL_Driver/Src/stm32f4xx_hal.o
 .ARM.attributes
                0x000002b3       0x34 ./Drivers/STM32F4xx_HAL_Driver/Src/stm32f4xx_hal_cortex.o
 .ARM.attributes
                0x000002e7       0x34 ./Drivers/STM32F4xx_HAL_Driver/Src/stm32f4xx_hal_gpio.o
 .ARM.attributes
                0x0000031b       0x34 ./Drivers/STM32F4xx_HAL_Driver/Src/stm32f4xx_hal_rcc.o
 .ARM.attributes
                0x0000034f       0x34 ./Drivers/STM32F4xx_HAL_Driver/Src/stm32f4xx_hal_rcc_ex.o
 .ARM.attributes
                0x00000383       0x34 ./Drivers/STM32F4xx_HAL_Driver/Src/stm32f4xx_hal_spi.o
 .ARM.attributes
                0x000003b7       0x34 ./Drivers/STM32F4xx_HAL_Driver/Src/stm32f4xx_hal_uart.o
 .ARM.attributes
                0x000003eb       0x34 D:/Applications/STM32CubeIDE_1.19.0/STM32CubeIDE/plugins/com.st.stm32cube.ide.mcu.externaltools.gnu-tools-for-stm32.13.3.rel1.win32_1.0.0.202411081344/tools/bin/../lib/gcc/arm-none-eabi/13.3.1/../../../../arm-none-eabi/lib/thumb/v7e-m+fp/hard\libc_nano.a(libc_a-findfp.o)
 .ARM.attributes
                0x0000041f       0x34 D:/Applications/STM32CubeIDE_1.19.0/STM32CubeIDE/plugins/com.st.stm32cube.ide.mcu.externaltools.gnu-tools-for-stm32.13.3.rel1.win32_1.0.0.202411081344/tools/bin/../lib/gcc/arm-none-eabi/13.3.1/../../../../arm-none-eabi/lib/thumb/v7e-m+fp/hard\libc_nano.a(libc_a-fwalk.o)
 .ARM.attributes
                0x00000453       0x34 D:/Applications/STM32CubeIDE_1.19.0/STM32CubeIDE/plugins/com.st.stm32cube.ide.mcu.externaltools.gnu-tools-for-stm32.13.3.rel1.win32_1.0.0.202411081344/tools/bin/../lib/gcc/arm-none-eabi/13.3.1/../../../../arm-none-eabi/lib/thumb/v7e-m+fp/hard\libc_nano.a(libc_a-printf.o)
 .ARM.attributes
                0x00000487       0x34 D:/Applications/STM32CubeIDE_1.19.0/STM32CubeIDE/plugins/com.st.stm32cube.ide.mcu.externaltools.gnu-tools-for-stm32.13.3.rel1.win32_1.0.0.202411081344/tools/bin/../lib/gcc/arm-none-eabi/13.3.1/../../../../arm-none-eabi/lib/thumb/v7e-m+fp/hard\libc_nano.a(libc_a-puts.o)
 .ARM.attributes
                0x000004bb       0x34 D:/Applications/STM32CubeIDE_1.19.0/STM32CubeIDE/plugins/com.st.stm32cube.ide.mcu.externaltools.gnu-tools-for-stm32.13.3.rel1.win32_1.0.0.202411081344/tools/bin/../lib/gcc/arm-none-eabi/13.3.1/../../../../arm-none-eabi/lib/thumb/v7e-m+fp/hard\libc_nano.a(libc_a-stdio.o)
 .ARM.attributes
                0x000004ef       0x34 D:/Applications/STM32CubeIDE_1.19.0/STM32CubeIDE/plugins/com.st.stm32cube.ide.mcu.externaltools.gnu-tools-for-stm32.13.3.rel1.win32_1.0.0.202411081344/tools/bin/../lib/gcc/arm-none-eabi/13.3.1/../../../../arm-none-eabi/lib/thumb/v7e-m+fp/hard\libc_nano.a(libc_a-wbuf.o)
 .ARM.attributes
                0x00000523       0x34 D:/Applications/STM32CubeIDE_1.19.0/STM32CubeIDE/plugins/com.st.stm32cube.ide.mcu.externaltools.gnu-tools-for-stm32.13.3.rel1.win32_1.0.0.202411081344/tools/bin/../lib/gcc/arm-none-eabi/13.3.1/../../../../arm-none-eabi/lib/thumb/v7e-m+fp/hard\libc_nano.a(libc_a-wsetup.o)
 .ARM.attributes
                0x00000557       0x34 D:/Applications/STM32CubeIDE_1.19.0/STM32CubeIDE/plugins/com.st.stm32cube.ide.mcu.externaltools.gnu-tools-for-stm32.13.3.rel1.win32_1.0.0.202411081344/tools/bin/../lib/gcc/arm-none-eabi/13.3.1/../../../../arm-none-eabi/lib/thumb/v7e-m+fp/hard\libc_nano.a(libc_a-memset.o)
 .ARM.attributes
                0x0000058b       0x34 D:/Applications/STM32CubeIDE_1.19.0/STM32CubeIDE/plugins/com.st.stm32cube.ide.mcu.externaltools.gnu-tools-for-stm32.13.3.rel1.win32_1.0.0.202411081344/tools/bin/../lib/gcc/arm-none-eabi/13.3.1/../../../../arm-none-eabi/lib/thumb/v7e-m+fp/hard\libc_nano.a(libc_a-closer.o)
 .ARM.attributes
                0x000005bf       0x34 D:/Applications/STM32CubeIDE_1.19.0/STM32CubeIDE/plugins/com.st.stm32cube.ide.mcu.externaltools.gnu-tools-for-stm32.13.3.rel1.win32_1.0.0.202411081344/tools/bin/../lib/gcc/arm-none-eabi/13.3.1/../../../../arm-none-eabi/lib/thumb/v7e-m+fp/hard\libc_nano.a(libc_a-reent.o)
 .ARM.attributes
                0x000005f3       0x34 D:/Applications/STM32CubeIDE_1.19.0/STM32CubeIDE/plugins/com.st.stm32cube.ide.mcu.externaltools.gnu-tools-for-stm32.13.3.rel1.win32_1.0.0.202411081344/tools/bin/../lib/gcc/arm-none-eabi/13.3.1/../../../../arm-none-eabi/lib/thumb/v7e-m+fp/hard\libc_nano.a(libc_a-impure.o)
 .ARM.attributes
                0x00000627       0x34 D:/Applications/STM32CubeIDE_1.19.0/STM32CubeIDE/plugins/com.st.stm32cube.ide.mcu.externaltools.gnu-tools-for-stm32.13.3.rel1.win32_1.0.0.202411081344/tools/bin/../lib/gcc/arm-none-eabi/13.3.1/../../../../arm-none-eabi/lib/thumb/v7e-m+fp/hard\libc_nano.a(libc_a-lseekr.o)
 .ARM.attributes
                0x0000065b       0x34 D:/Applications/STM32CubeIDE_1.19.0/STM32CubeIDE/plugins/com.st.stm32cube.ide.mcu.externaltools.gnu-tools-for-stm32.13.3.rel1.win32_1.0.0.202411081344/tools/bin/../lib/gcc/arm-none-eabi/13.3.1/../../../../arm-none-eabi/lib/thumb/v7e-m+fp/hard\libc_nano.a(libc_a-readr.o)
 .ARM.attributes
                0x0000068f       0x34 D:/Applications/STM32CubeIDE_1.19.0/STM32CubeIDE/plugins/com.st.stm32cube.ide.mcu.externaltools.gnu-tools-for-stm32.13.3.rel1.win32_1.0.0.202411081344/tools/bin/../lib/gcc/arm-none-eabi/13.3.1/../../../../arm-none-eabi/lib/thumb/v7e-m+fp/hard\libc_nano.a(libc_a-writer.o)
 .ARM.attributes
                0x000006c3       0x34 D:/Applications/STM32CubeIDE_1.19.0/STM32CubeIDE/plugins/com.st.stm32cube.ide.mcu.externaltools.gnu-tools-for-stm32.13.3.rel1.win32_1.0.0.202411081344/tools/bin/../lib/gcc/arm-none-eabi/13.3.1/../../../../arm-none-eabi/lib/thumb/v7e-m+fp/hard\libc_nano.a(libc_a-errno.o)
 .ARM.attributes
                0x000006f7       0x34 D:/Applications/STM32CubeIDE_1.19.0/STM32CubeIDE/plugins/com.st.stm32cube.ide.mcu.externaltools.gnu-tools-for-stm32.13.3.rel1.win32_1.0.0.202411081344/tools/bin/../lib/gcc/arm-none-eabi/13.3.1/../../../../arm-none-eabi/lib/thumb/v7e-m+fp/hard\libc_nano.a(libc_a-init.o)
 .ARM.attributes
                0x0000072b       0x34 D:/Applications/STM32CubeIDE_1.19.0/STM32CubeIDE/plugins/com.st.stm32cube.ide.mcu.externaltools.gnu-tools-for-stm32.13.3.rel1.win32_1.0.0.202411081344/tools/bin/../lib/gcc/arm-none-eabi/13.3.1/../../../../arm-none-eabi/lib/thumb/v7e-m+fp/hard\libc_nano.a(libc_a-lock.o)
 .ARM.attributes
                0x0000075f       0x34 D:/Applications/STM32CubeIDE_1.19.0/STM32CubeIDE/plugins/com.st.stm32cube.ide.mcu.externaltools.gnu-tools-for-stm32.13.3.rel1.win32_1.0.0.202411081344/tools/bin/../lib/gcc/arm-none-eabi/13.3.1/../../../../arm-none-eabi/lib/thumb/v7e-m+fp/hard\libc_nano.a(libc_a-freer.o)
 .ARM.attributes
                0x00000793       0x34 D:/Applications/STM32CubeIDE_1.19.0/STM32CubeIDE/plugins/com.st.stm32cube.ide.mcu.externaltools.gnu-tools-for-stm32.13.3.rel1.win32_1.0.0.202411081344/tools/bin/../lib/gcc/arm-none-eabi/13.3.1/../../../../arm-none-eabi/lib/thumb/v7e-m+fp/hard\libc_nano.a(libc_a-mallocr.o)
 .ARM.attributes
                0x000007c7       0x34 D:/Applications/STM32CubeIDE_1.19.0/STM32CubeIDE/plugins/com.st.stm32cube.ide.mcu.externaltools.gnu-tools-for-stm32.13.3.rel1.win32_1.0.0.202411081344/tools/bin/../lib/gcc/arm-none-eabi/13.3.1/../../../../arm-none-eabi/lib/thumb/v7e-m+fp/hard\libc_nano.a(libc_a-mlock.o)
 .ARM.attributes
                0x000007fb       0x34 D:/Applications/STM32CubeIDE_1.19.0/STM32CubeIDE/plugins/com.st.stm32cube.ide.mcu.externaltools.gnu-tools-for-stm32.13.3.rel1.win32_1.0.0.202411081344/tools/bin/../lib/gcc/arm-none-eabi/13.3.1/../../../../arm-none-eabi/lib/thumb/v7e-m+fp/hard\libc_nano.a(libc_a-nano-vfprintf.o)
 .ARM.attributes
                0x0000082f       0x34 D:/Applications/STM32CubeIDE_1.19.0/STM32CubeIDE/plugins/com.st.stm32cube.ide.mcu.externaltools.gnu-tools-for-stm32.13.3.rel1.win32_1.0.0.202411081344/tools/bin/../lib/gcc/arm-none-eabi/13.3.1/../../../../arm-none-eabi/lib/thumb/v7e-m+fp/hard\libc_nano.a(libc_a-nano-vfprintf_i.o)
 .ARM.attributes
                0x00000863       0x34 D:/Applications/STM32CubeIDE_1.19.0/STM32CubeIDE/plugins/com.st.stm32cube.ide.mcu.externaltools.gnu-tools-for-stm32.13.3.rel1.win32_1.0.0.202411081344/tools/bin/../lib/gcc/arm-none-eabi/13.3.1/../../../../arm-none-eabi/lib/thumb/v7e-m+fp/hard\libc_nano.a(libc_a-fflush.o)
 .ARM.attributes
                0x00000897       0x34 D:/Applications/STM32CubeIDE_1.19.0/STM32CubeIDE/plugins/com.st.stm32cube.ide.mcu.externaltools.gnu-tools-for-stm32.13.3.rel1.win32_1.0.0.202411081344/tools/bin/../lib/gcc/arm-none-eabi/13.3.1/../../../../arm-none-eabi/lib/thumb/v7e-m+fp/hard\libc_nano.a(libc_a-makebuf.o)
 .ARM.attributes
                0x000008cb       0x34 D:/Applications/STM32CubeIDE_1.19.0/STM32CubeIDE/plugins/com.st.stm32cube.ide.mcu.externaltools.gnu-tools-for-stm32.13.3.rel1.win32_1.0.0.202411081344/tools/bin/../lib/gcc/arm-none-eabi/13.3.1/../../../../arm-none-eabi/lib/thumb/v7e-m+fp/hard\libc_nano.a(libc_a-fstatr.o)
 .ARM.attributes
                0x000008ff       0x34 D:/Applications/STM32CubeIDE_1.19.0/STM32CubeIDE/plugins/com.st.stm32cube.ide.mcu.externaltools.gnu-tools-for-stm32.13.3.rel1.win32_1.0.0.202411081344/tools/bin/../lib/gcc/arm-none-eabi/13.3.1/../../../../arm-none-eabi/lib/thumb/v7e-m+fp/hard\libc_nano.a(libc_a-isattyr.o)
 .ARM.attributes
                0x00000933       0x34 D:/Applications/STM32CubeIDE_1.19.0/STM32CubeIDE/plugins/com.st.stm32cube.ide.mcu.externaltools.gnu-tools-for-stm32.13.3.rel1.win32_1.0.0.202411081344/tools/bin/../lib/gcc/arm-none-eabi/13.3.1/../../../../arm-none-eabi/lib/thumb/v7e-m+fp/hard\libc_nano.a(libc_a-sbrkr.o)
 .ARM.attributes
                0x00000967       0x1c D:/Applications/STM32CubeIDE_1.19.0/STM32CubeIDE/plugins/com.st.stm32cube.ide.mcu.externaltools.gnu-tools-for-stm32.13.3.rel1.win32_1.0.0.202411081344/tools/bin/../lib/gcc/arm-none-eabi/13.3.1/../../../../arm-none-eabi/lib/thumb/v7e-m+fp/hard\libc_nano.a(libc_a-memchr.o)
 .ARM.attributes
                0x00000983       0x22 D:/Applications/STM32CubeIDE_1.19.0/STM32CubeIDE/plugins/com.st.stm32cube.ide.mcu.externaltools.gnu-tools-for-stm32.13.3.rel1.win32_1.0.0.202411081344/tools/bin/../lib/gcc/arm-none-eabi/13.3.1/thumb/v7e-m+fp/hard\libgcc.a(_aeabi_uldivmod.o)
 .ARM.attributes
                0x000009a5       0x34 D:/Applications/STM32CubeIDE_1.19.0/STM32CubeIDE/plugins/com.st.stm32cube.ide.mcu.externaltools.gnu-tools-for-stm32.13.3.rel1.win32_1.0.0.202411081344/tools/bin/../lib/gcc/arm-none-eabi/13.3.1/thumb/v7e-m+fp/hard\libgcc.a(_udivmoddi4.o)
 .ARM.attributes
                0x000009d9       0x22 D:/Applications/STM32CubeIDE_1.19.0/STM32CubeIDE/plugins/com.st.stm32cube.ide.mcu.externaltools.gnu-tools-for-stm32.13.3.rel1.win32_1.0.0.202411081344/tools/bin/../lib/gcc/arm-none-eabi/13.3.1/thumb/v7e-m+fp/hard\libgcc.a(_dvmd_tls.o)
 .ARM.attributes
                0x000009fb       0x22 D:/Applications/STM32CubeIDE_1.19.0/STM32CubeIDE/plugins/com.st.stm32cube.ide.mcu.externaltools.gnu-tools-for-stm32.13.3.rel1.win32_1.0.0.202411081344/tools/bin/../lib/gcc/arm-none-eabi/13.3.1/thumb/v7e-m+fp/hard/crtn.o
OUTPUT(PacketSender.elf elf32-littlearm)
LOAD linker stubs
LOAD D:/Applications/STM32CubeIDE_1.19.0/STM32CubeIDE/plugins/com.st.stm32cube.ide.mcu.externaltools.gnu-tools-for-stm32.13.3.rel1.win32_1.0.0.202411081344/tools/bin/../lib/gcc/arm-none-eabi/13.3.1/../../../../arm-none-eabi/lib/thumb/v7e-m+fp/hard\libc.a
LOAD D:/Applications/STM32CubeIDE_1.19.0/STM32CubeIDE/plugins/com.st.stm32cube.ide.mcu.externaltools.gnu-tools-for-stm32.13.3.rel1.win32_1.0.0.202411081344/tools/bin/../lib/gcc/arm-none-eabi/13.3.1/../../../../arm-none-eabi/lib/thumb/v7e-m+fp/hard\libm.a
LOAD D:/Applications/STM32CubeIDE_1.19.0/STM32CubeIDE/plugins/com.st.stm32cube.ide.mcu.externaltools.gnu-tools-for-stm32.13.3.rel1.win32_1.0.0.202411081344/tools/bin/../lib/gcc/arm-none-eabi/13.3.1/thumb/v7e-m+fp/hard\libgcc.a

.debug_info     0x00000000     0xc109
 .debug_info    0x00000000      0xc64 ./Core/Src/anim_stream.o
 .debug_info    0x00000c64      0x50b ./Core/Src/animation.o
 .debug_info    0x0000116f      0xc1d ./Core/Src/cc1101.o
 .debug_info    0x00001d8c     0x116b ./Core/Src/main.o
 .debug_info    0x00002ef7      0x8dd ./Core/Src/spi_hall.o
 .debug_info    0x000037d4      0xb6b ./Core/Src/stm32f4xx_hal_msp.o
 .debug_info    0x0000433f      0x112 ./Core/Src/stm32f4xx_it.o
 .debug_info    0x00004451      0x6a3 ./Core/Src/syscalls.o
 .debug_info    0x00004af4      0x168 ./Core/Src/sysmem.o
 .debug_info    0x00004c5c      0x4f8 ./Core/Src/system_stm32f4xx.o
 .debug_info    0x00005154       0x30 ./Core/Startup/startup_stm32f410rbtx.o
 .debug_info    0x00005184      0x872 ./Drivers/STM32F4xx_HAL_Driver/Src/stm32f4xx_hal.o
 .debug_info    0x000059f6      0xcde ./Drivers/STM32F4xx_HAL_Driver/Src/stm32f4xx_hal_cortex.o
 .debug_info    0x000066d4      0x6c5 ./Drivers/STM32F4xx_HAL_Driver/Src/stm32f4xx_hal_gpio.o
 .debug_info    0x00006d99      0x8bb ./Drivers/STM32F4xx_HAL_Driver/Src/stm32f4xx_hal_rcc.o
 .debug_info    0x00007654      0x62f ./Drivers/STM32F4xx_HAL_Driver/Src/stm32f4xx_hal_rcc_ex.o
 .debug_info    0x00007c83     0x1530 ./Drivers/STM32F4xx_HAL_Driver/Src/stm32f4xx_hal_spi.o
 .debug_info    0x000091b3     0x2f56 ./Drivers/STM32F4xx_HAL_Driver/Src/stm32f4xx_hal_uart.o

.debug_abbrev   0x00000000     0x234e
 .debug_abbrev  0x00000000      0x2ce ./Core/Src/anim_stream.o
 .debug_abbrev  0x000002ce      0x1b4 ./Core/Src/animation.o
 .debug_abbrev  0x00000482      0x302 ./Core/Src/cc1101.o
 .debug_abbrev  0x00000784      0x2fc ./Core/Src/main.o
 .debug_abbrev  0x00000a80      0x18e ./Core/Src/spi_hall.o
 .debug_abbrev  0x00000c0e      0x1ac ./Core/Src/stm32f4xx_hal_msp.o
 .debug_abbrev  0x00000dba       0x73 ./Core/Src/stm32f4xx_it.o
 .debug_abbrev  0x00000e2d      0x1b6 ./Core/Src/syscalls.o
 .debug_abbrev  0x00000fe3       0xbc ./Core/Src/sysmem.o
 .debug_abbrev  0x0000109f      0x11a ./Core/Src/system_stm32f4xx.o
 .debug_abbrev  0x000011b9       0x24 ./Core/Startup/startup_stm32f410rbtx.o
 .debug_abbrev  0x000011dd      0x247 ./Drivers/STM32F4xx_HAL_Driver/Src/stm32f4xx_hal.o
 .debug_abbrev  0x00001424      0x31d ./Drivers/STM32F4xx_HAL_Driver/Src/stm32f4xx_hal_cortex.o
 .debug_abbrev  0x00001741      0x1d6 ./Drivers/STM32F4xx_HAL_Driver/Src/stm32f4xx_hal_gpio.o
 .debug_abbrev  0x00001917      0x2b7 ./Drivers/STM32F4xx_HAL_Driver/Src/stm32f4xx_hal_rcc.o
 .debug_abbrev  0x00001bce      0x1ef ./Drivers/STM32F4xx_HAL_Driver/Src/stm32f4xx_hal_rcc_ex.o
 .debug_abbrev  0x00001dbd      0x276 ./Drivers/STM32F4xx_HAL_Driver/Src/stm32f4xx_hal_spi.o
 .debug_abbrev  0x00002033      0x31b ./Drivers/STM32F4xx_HAL_Driver/Src/stm32f4xx_hal_uart.o

.debug_aranges  0x00000000      0xad0
 .debug_aranges
                0x00000000       0x68 ./Core/Src/anim_stream.o
 .debug_aranges
                0x00000068       0x70 ./Core/Src/animation.o
 .debug_aranges
                0x000000d8       0x98 ./Core/Src/cc1101.o
 .debug_aranges
                0x00000170       0x68 ./Core/Src/main.o
 .debug_aranges
                0x000001d8       0x20 ./Core/Src/spi_hall.o
 .debug_aranges
                0x000001f8       0x38 ./Core/Src/stm32f4xx_hal_msp.o
 .debug_aranges
                0x00000230       0x60 ./Core/Src/stm32f4xx_it.o
 .debug_aranges
                0x00000290       0xa8 ./Core/Src/syscalls.o
 .debug_aranges
                0x00000338       0x20 ./Core/Src/sysmem.o
 .debug_aranges
                0x00000358       0x28 ./Core/Src/system_stm32f4xx.o
 .debug_aranges
                0x00000380       0x28 ./Core/Startup/startup_stm32f410rbtx.o
 .debug_aranges
                0x000003a8       0xf0 ./Drivers/STM32F4xx_HAL_Driver/Src/stm32f4xx_hal.o
 .debug_aranges
                0x00000498      0x130 ./Drivers/STM32F4xx_HAL_Driver/Src/stm32f4xx_hal_cortex.o
 .debug_aranges
                0x000005c8       0x58 ./Drivers/STM32F4xx_HAL_Driver/Src/stm32f4xx_hal_gpio.o
 .debug_aranges
                0x00000620       0x88 ./Drivers/STM32F4xx_HAL_Driver/Src/stm32f4xx_hal_rcc.o
 .debug_aranges
                0x000006a8       0x50 ./Drivers/STM32F4xx_HAL_Driver/Src/stm32f4xx_hal_rcc_ex.o
 .debug_aranges
                0x000006f8      0x1d0 ./Drivers/STM32F4xx_HAL_Driver/Src/stm32f4xx_hal_spi.o
 .debug_aranges
                0x000008c8      0x208 ./Drivers/STM32F4xx_HAL_Driver/Src/stm32f4xx_hal_uart.o

.debug_rnglists
                0x00000000      0x82f
 .debug_rnglists
                0x00000000       0x4c ./Core/Src/anim_stream.o
 .debug_rnglists
                0x0000004c       0x50 ./Core/Src/animation.o
 .debug_rnglists
                0x0000009c       0x71 ./Core/Src/cc1101.o
 .debug_rnglists
                0x0000010d       0x4b ./Core/Src/main.o
 .debug_rnglists
                0x00000158       0x14 ./Core/Src/spi_hall.o
 .debug_rnglists
                0x0000016c       0x26 ./Core/Src/stm32f4xx_hal_msp.o
 .debug_rnglists
                0x00000192       0x43 ./Core/Src/stm32f4xx_it.o
 .debug_rnglists
                0x000001d5       0x79 ./Core/Src/syscalls.o
 .debug_rnglists
                0x0000024e       0x13 ./Core/Src/sysmem.o
 .debug_rnglists
                0x00000261       0x1a ./Core/Src/system_stm32f4xx.o
 .debug_rnglists
                0x0000027b       0x19 ./Core/Startup/startup_stm32f410rbtx.o
 .debug_rnglists
                0x00000294       0xaf ./Drivers/STM32F4xx_HAL_Driver/Src/stm32f4xx_hal.o
 .debug_rnglists
                0x00000343       0xe0 ./Drivers/STM32F4xx_HAL_Driver/Src/stm32f4xx_hal_cortex.o
 .debug_rnglists
                0x00000423       0x3f ./Drivers/STM32F4xx_HAL_Driver/Src/stm32f4xx_hal_gpio.o
 .debug_rnglists
                0x00000462       0x66 ./Drivers/STM32F4xx_HAL_Driver/Src/stm32f4xx_hal_rcc.o
 .debug_rnglists
                0x000004c8       0x3c ./Drivers/STM32F4xx_HAL_Driver/Src/stm32f4xx_hal_rcc_ex.o
 .debug_rnglists
                0x00000504      0x16f ./Drivers/STM32F4xx_HAL_Driver/Src/stm32f4xx_hal_spi.o
 .debug_rnglists
                0x00000673      0x1bc ./Drivers/STM32F4xx_HAL_Driver/Src/stm32f4xx_hal_uart.o

.debug_macro    0x00000000    0x15695
 .debug_macro   0x00000000      0x2cd ./Core/Src/anim_stream.o
 .debug_macro   0x000002cd      0xad8 ./Core/Src/anim_stream.o
 .debug_macro   0x00000da5      0x29b ./Core/Src/anim_stream.o
 .debug_macro   0x00001040       0x2e ./Core/Src/anim_stream.o
 .debug_macro   0x0000106e       0x28 ./Core/Src/anim_stream.o
 .debug_macro   0x00001096       0x22 ./Core/Src/anim_stream.o
 .debug_macro   0x000010b8       0x8e ./Core/Src/anim_stream.o
 .debug_macro   0x00001146       0x51 ./Core/Src/anim_stream.o
 .debug_macro   0x00001197      0x103 ./Core/Src/anim_stream.o
 .debug_macro   0x0000129a       0x6a ./Core/Src/anim_stream.o
 .debug_macro   0x00001304      0x1df ./Core/Src/anim_stream.o
 .debug_macro   0x000014e3       0x1c ./Core/Src/anim_stream.o
 .debug_macro   0x000014ff       0x22 ./Core/Src/anim_stream.o
 .debug_macro   0x00001521       0xfb ./Core/Src/anim_stream.o
 .debug_macro   0x0000161c     0x1011 ./Core/Src/anim_stream.o
 .debug_macro   0x0000262d      0x11f ./Core/Src/anim_stream.o
 .debug_macro   0x0000274c     0x9cb9 ./Core/Src/anim_stream.o
 .debug_macro   0x0000c405       0x6d ./Core/Src/anim_stream.o
 .debug_macro   0x0000c472     0x3693 ./Core/Src/anim_stream.o
 .debug_macro   0x0000fb05      0x190 ./Core/Src/anim_stream.o
 .debug_macro   0x0000fc95       0x5c ./Core/Src/anim_stream.o
 .debug_macro   0x0000fcf1      0x3b4 ./Core/Src/anim_stream.o
 .debug_macro   0x000100a5      0x9e9 ./Core/Src/anim_stream.o
 .debug_macro   0x00010a8e      0x115 ./Core/Src/anim_stream.o
 .debug_macro   0x00010ba3       0xc0 ./Core/Src/anim_stream.o
 .debug_macro   0x00010c63       0xa5 ./Core/Src/anim_stream.o
 .debug_macro   0x00010d08      0x157 ./Core/Src/anim_stream.o
 .debug_macro   0x00010e5f      0x287 ./Core/Src/anim_stream.o
 .debug_macro   0x000110e6       0x5f ./Core/Src/anim_stream.o
 .debug_macro   0x00011145      0x236 ./Core/Src/anim_stream.o
 .debug_macro   0x0001137b      0x132 ./Core/Src/anim_stream.o
 .debug_macro   0x000114ad      0x225 ./Core/Src/anim_stream.o
 .debug_macro   0x000116d2       0x2e ./Core/Src/anim_stream.o
 .debug_macro   0x00011700      0x127 ./Core/Src/anim_stream.o
 .debug_macro   0x00011827       0x91 ./Core/Src/anim_stream.o
 .debug_macro   0x000118b8       0x89 ./Core/Src/anim_stream.o
 .debug_macro   0x00011941      0x225 ./Core/Src/anim_stream.o
 .debug_macro   0x00011b66      0x2aa ./Core/Src/anim_stream.o
 .debug_macro   0x00011e10      0x134 ./Core/Src/anim_stream.o
 .debug_macro   0x00011f44       0x22 ./Core/Src/anim_stream.o
 .debug_macro   0x00011f66       0xdd ./Core/Src/anim_stream.o
 .debug_macro   0x00012043       0x6c ./Core/Src/anim_stream.o
 .debug_macro   0x000120af       0x61 ./Core/Src/anim_stream.o
 .debug_macro   0x00012110       0x2a ./Core/Src/anim_stream.o
 .debug_macro   0x0001213a       0x43 ./Core/Src/anim_stream.o
 .debug_macro   0x0001217d       0x34 ./Core/Src/anim_stream.o
 .debug_macro   0x000121b1      0x370 ./Core/Src/anim_stream.o
 .debug_macro   0x00012521       0x16 ./Core/Src/anim_stream.o
 .debug_macro   0x00012537       0x4a ./Core/Src/anim_stream.o
 .debug_macro   0x00012581       0x34 ./Core/Src/anim_stream.o
 .debug_macro   0x000125b5       0x10 ./Core/Src/anim_stream.o
 .debug_macro   0x000125c5       0x58 ./Core/Src/anim_stream.o
 .debug_macro   0x0001261d       0x8e ./Core/Src/anim_stream.o
 .debug_macro   0x000126ab       0x1c ./Core/Src/anim_stream.o
 .debug_macro   0x000126c7      0x185 ./Core/Src/anim_stream.o
 .debug_macro   0x0001284c       0x10 ./Core/Src/anim_stream.o
 .debug_macro   0x0001285c       0x3c ./Core/Src/anim_stream.o
 .debug_macro   0x00012898       0x20 ./Core/Src/anim_stream.o
 .debug_macro   0x000128b8      0x1fc ./Core/Src/animation.o
 .debug_macro   0x00012ab4      0x2b4 ./Core/Src/cc1101.o
 .debug_macro   0x00012d68      0x2f1 ./Core/Src/main.o
 .debug_macro   0x00013059       0x16 ./Core/Src/main.o
 .debug_macro   0x0001306f       0x10 ./Core/Src/main.o
 .debug_macro   0x0001307f       0x16 ./Core/Src/main.o
 .debug_macro   0x00013095       0x16 ./Core/Src/main.o
 .debug_macro   0x000130ab      0x146 ./Core/Src/main.o
 .debug_macro   0x000131f1       0x72 ./Core/Src/main.o
 .debug_macro   0x00013263      0x1ce ./Core/Src/spi_hall.o
 .debug_macro   0x00013431      0x1ce ./Core/Src/stm32f4xx_hal_msp.o
 .debug_macro   0x000135ff      0x1d8 ./Core/Src/stm32f4xx_it.o
 .debug_macro   0x000137d7      0x274 ./Core/Src/syscalls.o
 .debug_macro   0x00013a4b       0x5b ./Core/Src/syscalls.o
 .debug_macro   0x00013aa6       0x94 ./Core/Src/syscalls.o
 .debug_macro   0x00013b3a       0x57 ./Core/Src/syscalls.o
 .debug_macro   0x00013b91       0x10 ./Core/Src/syscalls.o
 .debug_macro   0x00013ba1       0x10 ./Core/Src/syscalls.o
 .debug_macro   0x00013bb1       0x10 ./Core/Src/syscalls.o
 .debug_macro   0x00013bc1       0x10 ./Core/Src/syscalls.o
 .debug_macro   0x00013bd1       0x1c ./Core/Src/syscalls.o
 .debug_macro   0x00013bed       0x52 ./Core/Src/syscalls.o
 .debug_macro   0x00013c3f       0x22 ./Core/Src/syscalls.o
 .debug_macro   0x00013c61       0x10 ./Core/Src/syscalls.o
 .debug_macro   0x00013c71       0x52 ./Core/Src/syscalls.o
 .debug_macro   0x00013cc3       0xcf ./Core/Src/syscalls.o
 .debug_macro   0x00013d92       0x1c ./Core/Src/syscalls.o
 .debug_macro   0x00013dae       0x3d ./Core/Src/syscalls.o
 .debug_macro   0x00013deb       0x35 ./Core/Src/syscalls.o
 .debug_macro   0x00013e20      0x12c ./Core/Src/syscalls.o
 .debug_macro   0x00013f4c       0x16 ./Core/Src/syscalls.o
 .debug_macro   0x00013f62       0x16 ./Core/Src/syscalls.o
 .debug_macro   0x00013f78       0x29 ./Core/Src/syscalls.o
 .debug_macro   0x00013fa1       0x10 ./Core/Src/syscalls.o
 .debug_macro   0x00013fb1      0x242 ./Core/Src/syscalls.o
 .debug_macro   0x000141f3       0x1c ./Core/Src/syscalls.o
 .debug_macro   0x0001420f       0x10 ./Core/Src/syscalls.o
 .debug_macro   0x0001421f      0x18a ./Core/Src/syscalls.o
 .debug_macro   0x000143a9       0x16 ./Core/Src/syscalls.o
 .debug_macro   0x000143bf       0xce ./Core/Src/syscalls.o
 .debug_macro   0x0001448d      0x112 ./Core/Src/sysmem.o
 .debug_macro   0x0001459f      0x23c ./Core/Src/sysmem.o
 .debug_macro   0x000147db      0x1c4 ./Core/Src/system_stm32f4xx.o
 .debug_macro   0x0001499f      0x224 ./Drivers/STM32F4xx_HAL_Driver/Src/stm32f4xx_hal.o
 .debug_macro   0x00014bc3      0x1c4 ./Drivers/STM32F4xx_HAL_Driver/Src/stm32f4xx_hal_cortex.o
 .debug_macro   0x00014d87      0x1ca ./Drivers/STM32F4xx_HAL_Driver/Src/stm32f4xx_hal_gpio.o
 .debug_macro   0x00014f51      0x1e8 ./Drivers/STM32F4xx_HAL_Driver/Src/stm32f4xx_hal_rcc.o
 .debug_macro   0x00015139      0x1c4 ./Drivers/STM32F4xx_HAL_Driver/Src/stm32f4xx_hal_rcc_ex.o
 .debug_macro   0x000152fd      0x1d3 ./Drivers/STM32F4xx_HAL_Driver/Src/stm32f4xx_hal_spi.o
 .debug_macro   0x000154d0      0x1c5 ./Drivers/STM32F4xx_HAL_Driver/Src/stm32f4xx_hal_uart.o

.debug_line     0x00000000     0xe031
 .debug_line    0x00000000      0xd55 ./Core/Src/anim_stream.o
 .debug_line    0x00000d55      0xa43 ./Core/Src/animation.o
 .debug_line    0x00001798      0xdf2 ./Core/Src/cc1101.o
 .debug_line    0x0000258a      0xbda ./Core/Src/main.o
 .debug_line    0x00003164      0x753 ./Core/Src/spi_hall.o
 .debug_line    0x000038b7      0x78e ./Core/Src/stm32f4xx_hal_msp.o
 .debug_line    0x00004045      0x7d3 ./Core/Src/stm32f4xx_it.o
 .debug_line    0x00004818      0x999 ./Core/Src/syscalls.o
 .debug_line    0x000051b1      0x675 ./Core/Src/sysmem.o
 .debug_line    0x00005826      0x79a ./Core/Src/system_stm32f4xx.o
 .debug_line    0x00005fc0       0x7a ./Core/Startup/startup_stm32f410rbtx.o
 .debug_line    0x0000603a      0xa14 ./Drivers/STM32F4xx_HAL_Driver/Src/stm32f4xx_hal.o
 .debug_line    0x00006a4e      0xce6 ./Drivers/STM32F4xx_HAL_Driver/Src/stm32f4xx_hal_cortex.o
 .debug_line    0x00007734      0xb0a ./Drivers/STM32F4xx_HAL_Driver/Src/stm32f4xx_hal_gpio.o
 .debug_line    0x0000823e      0xe31 ./Drivers/STM32F4xx_HAL_Driver/Src/stm32f4xx_hal_rcc.o
 .debug_line    0x0000906f      0xdb3 ./Drivers/STM32F4xx_HAL_Driver/Src/stm32f4xx_hal_rcc_ex.o
 .debug_line    0x00009e22     0x1cb1 ./Drivers/STM32F4xx_HAL_Driver/Src/stm32f4xx_hal_spi.o
 .debug_line    0x0000bad3     0x255e ./Drivers/STM32F4xx_HAL_Driver/Src/stm32f4xx_hal_uart.o

.debug_str      0x00000000    0x7b131
 .debug_str     0x00000000    0x7b131 ./Core/Src/anim_stream.o
                              0x7653c (size before relaxing)
 .debug_str     0x0007b131    0x72beb ./Core/Src/animation.o
 .debug_str     0x0007b131    0x76261 ./Core/Src/cc1101.o
 .debug_str     0x0007b131    0x76ef4 ./Core/Src/main.o
 .debug_str     0x0007b131    0x72d03 ./Core/Src/spi_hall.o
 .debug_str     0x0007b131    0x72edc ./Core/Src/stm32f4xx_hal_msp.o
 .debug_str     0x0007b131    0x727bf ./Core/Src/stm32f4xx_it.o
 .debug_str     0x0007b131     0x99ee ./Core/Src/syscalls.o
 .debug_str     0x0007b131     0x778c ./Core/Src/sysmem.o
 .debug_str     0x0007b131    0x728cc ./Core/Src/system_stm32f4xx.o
 .debug_str     0x0007b131       0x8e ./Core/Startup/startup_stm32f410rbtx.o
 .debug_str     0x0007b131    0x732c2 ./Drivers/STM32F4xx_HAL_Driver/Src/stm32f4xx_hal.o
 .debug_str     0x0007b131    0x7305b ./Drivers/STM32F4xx_HAL_Driver/Src/stm32f4xx_hal_cortex.o
 .debug_str     0x0007b131    0x72a4d ./Drivers/STM32F4xx_HAL_Driver/Src/stm32f4xx_hal_gpio.o
 .debug_str     0x0007b131    0x72d05 ./Drivers/STM32F4xx_HAL_Driver/Src/stm32f4xx_hal_rcc.o
 .debug_str     0x0007b131    0x72b18 ./Drivers/STM32F4xx_HAL_Driver/Src/stm32f4xx_hal_rcc_ex.o
 .debug_str     0x0007b131    0x731a7 ./Drivers/STM32F4xx_HAL_Driver/Src/stm32f4xx_hal_spi.o
 .debug_str     0x0007b131    0x732fe ./Drivers/STM32F4xx_HAL_Driver/Src/stm32f4xx_hal_uart.o

.comment        0x00000000       0x43
 .comment       0x00000000       0x43 ./Core/Src/anim_stream.o
                                 0x44 (size before relaxing)
 .comment       0x00000043       0x44 ./Core/Src/animation.o
 .comment       0x00000043       0x44 ./Core/Src/cc1101.o
 .comment       0x00000043       0x44 ./Core/Src/main.o
 .comment       0x00000043       0x44 ./Core/Src/spi_hall.o
 .comment       0x00000043       0x44 ./Core/Src/stm32f4xx_hal_msp.o
 .comment       0x00000043       0x44 ./Core/Src/stm32f4xx_it.o
 .comment       0x00000043       0x44 ./Core/Src/syscalls.o
 .comment       0x00000043       0x44 ./Core/Src/sysmem.o
 .comment       0x00000043       0x44 ./Core/Src/system_stm32f4xx.o
 .comment       0x00000043       0x44 ./Drivers/STM32F4xx_HAL_Driver/Src/stm32f4xx_hal.o
 .comment       0x00000043       0x44 ./Drivers/STM32F4xx_HAL_Driver/Src/stm32f4xx_hal_cortex.o
 .comment       0x00000043       0x44 ./Drivers/STM32F4xx_HAL_Driver/Src/stm32f4xx_hal_gpio.o
 .comment       0x00000043       0x44 ./Drivers/STM32F4xx_HAL_Driver/Src/stm32f4xx_hal_rcc.o
 .comment       0x00000043       0x44 ./Drivers/STM32F4xx_HAL_Driver/Src/stm32f4xx_hal_rcc_ex.o
 .comment       0x00000043       0x44 ./Drivers/STM32F4xx_HAL_Driver/Src/stm32f4xx_hal_spi.o
 .comment       0x00000043       0x44 ./Drivers/STM32F4xx_HAL_Driver/Src/stm32f4xx_hal_uart.o

.debug_frame    0x00000000     0x329c
 .debug_frame   0x00000000      0x17c ./Core/Src/anim_stream.o
 .debug_frame   0x0000017c      0x1a8 ./Core/Src/animation.o
 .debug_frame   0x00000324      0x23c ./Core/Src/cc1101.o
 .debug_frame   0x00000560      0x160 ./Core/Src/main.o
 .debug_frame   0x000006c0       0x34 ./Core/Src/spi_hall.o
 .debug_frame   0x000006f4       0xa4 ./Core/Src/stm32f4xx_hal_msp.o
 .debug_frame   0x00000798      0x104 ./Core/Src/stm32f4xx_it.o
 .debug_frame   0x0000089c      0x2ac ./Core/Src/syscalls.o
 .debug_frame   0x00000b48       0x34 ./Core/Src/sysmem.o
 .debug_frame   0x00000b7c       0x58 ./Core/Src/system_stm32f4xx.o
 .debug_frame   0x00000bd4      0x374 ./Drivers/STM32F4xx_HAL_Driver/Src/stm32f4xx_hal.o
 .debug_frame   0x00000f48      0x508 ./Drivers/STM32F4xx_HAL_Driver/Src/stm32f4xx_hal_cortex.o
 .debug_frame   0x00001450      0x14c ./Drivers/STM32F4xx_HAL_Driver/Src/stm32f4xx_hal_gpio.o
 .debug_frame   0x0000159c      0x1f4 ./Drivers/STM32F4xx_HAL_Driver/Src/stm32f4xx_hal_rcc.o
 .debug_frame   0x00001790      0x120 ./Drivers/STM32F4xx_HAL_Driver/Src/stm32f4xx_hal_rcc_ex.o
 .debug_frame   0x000018b0      0x828 ./Drivers/STM32F4xx_HAL_Driver/Src/stm32f4xx_hal_spi.o
 .debug_frame   0x000020d8      0x954 ./Drivers/STM32F4xx_HAL_Driver/Src/stm32f4xx_hal_uart.o
 .debug_frame   0x00002a2c      0x144 D:/Applications/STM32CubeIDE_1.19.0/STM32CubeIDE/plugins/com.st.stm32cube.ide.mcu.externaltools.gnu-tools-for-stm32.13.3.rel1.win32_1.0.0.202411081344/tools/bin/../lib/gcc/arm-none-eabi/13.3.1/../../../../arm-none-eabi/lib/thumb/v7e-m+fp/hard\libc_nano.a(libc_a-findfp.o)
 .debug_frame   0x00002b70       0x34 D:/Applications/STM32CubeIDE_1.19.0/STM32CubeIDE/plugins/com.st.stm32cube.ide.mcu.externaltools.gnu-tools-for-stm32.13.3.rel1.win32_1.0.0.202411081344/tools/bin/../lib/gcc/arm-none-eabi/13.3.1/../../../../arm-none-eabi/lib/thumb/v7e-m+fp/hard\libc_nano.a(libc_a-fwalk.o)
 .debug_frame   0x00002ba4       0x6c D:/Applications/STM32CubeIDE_1.19.0/STM32CubeIDE/plugins/com.st.stm32cube.ide.mcu.externaltools.gnu-tools-for-stm32.13.3.rel1.win32_1.0.0.202411081344/tools/bin/../lib/gcc/arm-none-eabi/13.3.1/../../../../arm-none-eabi/lib/thumb/v7e-m+fp/hard\libc_nano.a(libc_a-printf.o)
 .debug_frame   0x00002c10       0x3c D:/Applications/STM32CubeIDE_1.19.0/STM32CubeIDE/plugins/com.st.stm32cube.ide.mcu.externaltools.gnu-tools-for-stm32.13.3.rel1.win32_1.0.0.202411081344/tools/bin/../lib/gcc/arm-none-eabi/13.3.1/../../../../arm-none-eabi/lib/thumb/v7e-m+fp/hard\libc_nano.a(libc_a-puts.o)
 .debug_frame   0x00002c4c       0x88 D:/Applications/STM32CubeIDE_1.19.0/STM32CubeIDE/plugins/com.st.stm32cube.ide.mcu.externaltools.gnu-tools-for-stm32.13.3.rel1.win32_1.0.0.202411081344/tools/bin/../lib/gcc/arm-none-eabi/13.3.1/../../../../arm-none-eabi/lib/thumb/v7e-m+fp/hard\libc_nano.a(libc_a-stdio.o)
 .debug_frame   0x00002cd4       0x40 D:/Applications/STM32CubeIDE_1.19.0/STM32CubeIDE/plugins/com.st.stm32cube.ide.mcu.externaltools.gnu-tools-for-stm32.13.3.rel1.win32_1.0.0.202411081344/tools/bin/../lib/gcc/arm-none-eabi/13.3.1/../../../../arm-none-eabi/lib/thumb/v7e-m+fp/hard\libc_nano.a(libc_a-wbuf.o)
 .debug_frame   0x00002d14       0x2c D:/Applications/STM32CubeIDE_1.19.0/STM32CubeIDE/plugins/com.st.stm32cube.ide.mcu.externaltools.gnu-tools-for-stm32.13.3.rel1.win32_1.0.0.202411081344/tools/bin/../lib/gcc/arm-none-eabi/13.3.1/../../../../arm-none-eabi/lib/thumb/v7e-m+fp/hard\libc_nano.a(libc_a-wsetup.o)
 .debug_frame   0x00002d40       0x20 D:/Applications/STM32CubeIDE_1.19.0/STM32CubeIDE/plugins/com.st.stm32cube.ide.mcu.externaltools.gnu-tools-for-stm32.13.3.rel1.win32_1.0.0.202411081344/tools/bin/../lib/gcc/arm-none-eabi/13.3.1/../../../../arm-none-eabi/lib/thumb/v7e-m+fp/hard\libc_nano.a(libc_a-memset.o)
 .debug_frame   0x00002d60       0x2c D:/Applications/STM32CubeIDE_1.19.0/STM32CubeIDE/plugins/com.st.stm32cube.ide.mcu.externaltools.gnu-tools-for-stm32.13.3.rel1.win32_1.0.0.202411081344/tools/bin/../lib/gcc/arm-none-eabi/13.3.1/../../../../arm-none-eabi/lib/thumb/v7e-m+fp/hard\libc_nano.a(libc_a-closer.o)
 .debug_frame   0x00002d8c       0x38 D:/Applications/STM32CubeIDE_1.19.0/STM32CubeIDE/plugins/com.st.stm32cube.ide.mcu.externaltools.gnu-tools-for-stm32.13.3.rel1.win32_1.0.0.202411081344/tools/bin/../lib/gcc/arm-none-eabi/13.3.1/../../../../arm-none-eabi/lib/thumb/v7e-m+fp/hard\libc_nano.a(libc_a-reent.o)
 .debug_frame   0x00002dc4       0x2c D:/Applications/STM32CubeIDE_1.19.0/STM32CubeIDE/plugins/com.st.stm32cube.ide.mcu.externaltools.gnu-tools-for-stm32.13.3.rel1.win32_1.0.0.202411081344/tools/bin/../lib/gcc/arm-none-eabi/13.3.1/../../../../arm-none-eabi/lib/thumb/v7e-m+fp/hard\libc_nano.a(libc_a-lseekr.o)
 .debug_frame   0x00002df0       0x2c D:/Applications/STM32CubeIDE_1.19.0/STM32CubeIDE/plugins/com.st.stm32cube.ide.mcu.externaltools.gnu-tools-for-stm32.13.3.rel1.win32_1.0.0.202411081344/tools/bin/../lib/gcc/arm-none-eabi/13.3.1/../../../../arm-none-eabi/lib/thumb/v7e-m+fp/hard\libc_nano.a(libc_a-readr.o)
 .debug_frame   0x00002e1c       0x2c D:/Applications/STM32CubeIDE_1.19.0/STM32CubeIDE/plugins/com.st.stm32cube.ide.mcu.externaltools.gnu-tools-for-stm32.13.3.rel1.win32_1.0.0.202411081344/tools/bin/../lib/gcc/arm-none-eabi/13.3.1/../../../../arm-none-eabi/lib/thumb/v7e-m+fp/hard\libc_nano.a(libc_a-writer.o)
 .debug_frame   0x00002e48       0x20 D:/Applications/STM32CubeIDE_1.19.0/STM32CubeIDE/plugins/com.st.stm32cube.ide.mcu.externaltools.gnu-tools-for-stm32.13.3.rel1.win32_1.0.0.202411081344/tools/bin/../lib/gcc/arm-none-eabi/13.3.1/../../../../arm-none-eabi/lib/thumb/v7e-m+fp/hard\libc_nano.a(libc_a-errno.o)
 .debug_frame   0x00002e68       0x2c D:/Applications/STM32CubeIDE_1.19.0/STM32CubeIDE/plugins/com.st.stm32cube.ide.mcu.externaltools.gnu-tools-for-stm32.13.3.rel1.win32_1.0.0.202411081344/tools/bin/../lib/gcc/arm-none-eabi/13.3.1/../../../../arm-none-eabi/lib/thumb/v7e-m+fp/hard\libc_nano.a(libc_a-init.o)
 .debug_frame   0x00002e94       0xb0 D:/Applications/STM32CubeIDE_1.19.0/STM32CubeIDE/plugins/com.st.stm32cube.ide.mcu.externaltools.gnu-tools-for-stm32.13.3.rel1.win32_1.0.0.202411081344/tools/bin/../lib/gcc/arm-none-eabi/13.3.1/../../../../arm-none-eabi/lib/thumb/v7e-m+fp/hard\libc_nano.a(libc_a-lock.o)
 .debug_frame   0x00002f44       0x38 D:/Applications/STM32CubeIDE_1.19.0/STM32CubeIDE/plugins/com.st.stm32cube.ide.mcu.externaltools.gnu-tools-for-stm32.13.3.rel1.win32_1.0.0.202411081344/tools/bin/../lib/gcc/arm-none-eabi/13.3.1/../../../../arm-none-eabi/lib/thumb/v7e-m+fp/hard\libc_nano.a(libc_a-freer.o)
 .debug_frame   0x00002f7c       0x50 D:/Applications/STM32CubeIDE_1.19.0/STM32CubeIDE/plugins/com.st.stm32cube.ide.mcu.externaltools.gnu-tools-for-stm32.13.3.rel1.win32_1.0.0.202411081344/tools/bin/../lib/gcc/arm-none-eabi/13.3.1/../../../../arm-none-eabi/lib/thumb/v7e-m+fp/hard\libc_nano.a(libc_a-mallocr.o)
 .debug_frame   0x00002fcc       0x30 D:/Applications/STM32CubeIDE_1.19.0/STM32CubeIDE/plugins/com.st.stm32cube.ide.mcu.externaltools.gnu-tools-for-stm32.13.3.rel1.win32_1.0.0.202411081344/tools/bin/../lib/gcc/arm-none-eabi/13.3.1/../../../../arm-none-eabi/lib/thumb/v7e-m+fp/hard\libc_nano.a(libc_a-mlock.o)
 .debug_frame   0x00002ffc       0xa8 D:/Applications/STM32CubeIDE_1.19.0/STM32CubeIDE/plugins/com.st.stm32cube.ide.mcu.externaltools.gnu-tools-for-stm32.13.3.rel1.win32_1.0.0.202411081344/tools/bin/../lib/gcc/arm-none-eabi/13.3.1/../../../../arm-none-eabi/lib/thumb/v7e-m+fp/hard\libc_nano.a(libc_a-nano-vfprintf.o)
 .debug_frame   0x000030a4       0x60 D:/Applications/STM32CubeIDE_1.19.0/STM32CubeIDE/plugins/com.st.stm32cube.ide.mcu.externaltools.gnu-tools-for-stm32.13.3.rel1.win32_1.0.0.202411081344/tools/bin/../lib/gcc/arm-none-eabi/13.3.1/../../../../arm-none-eabi/lib/thumb/v7e-m+fp/hard\libc_nano.a(libc_a-nano-vfprintf_i.o)
 .debug_frame   0x00003104       0x5c D:/Applications/STM32CubeIDE_1.19.0/STM32CubeIDE/plugins/com.st.stm32cube.ide.mcu.externaltools.gnu-tools-for-stm32.13.3.rel1.win32_1.0.0.202411081344/tools/bin/../lib/gcc/arm-none-eabi/13.3.1/../../../../arm-none-eabi/lib/thumb/v7e-m+fp/hard\libc_nano.a(libc_a-fflush.o)
 .debug_frame   0x00003160       0x58 D:/Applications/STM32CubeIDE_1.19.0/STM32CubeIDE/plugins/com.st.stm32cube.ide.mcu.externaltools.gnu-tools-for-stm32.13.3.rel1.win32_1.0.0.202411081344/tools/bin/../lib/gcc/arm-none-eabi/13.3.1/../../../../arm-none-eabi/lib/thumb/v7e-m+fp/hard\libc_nano.a(libc_a-makebuf.o)
 .debug_frame   0x000031b8       0x2c D:/Applications/STM32CubeIDE_1.19.0/STM32CubeIDE/plugins/com.st.stm32cube.ide.mcu.externaltools.gnu-tools-for-stm32.13.3.rel1.win32_1.0.0.202411081344/tools/bin/../lib/gcc/arm-none-eabi/13.3.1/../../../../arm-none-eabi/lib/thumb/v7e-m+fp/hard\libc_nano.a(libc_a-fstatr.o)