Archive member included to satisfy reference by file (symbol)

D:/Applications/STM32CubeIDE_1.19.0/STM32CubeIDE/plugins/com.st.stm32cube.ide.mcu.externaltools.gnu-tools-for-stm32.13.3.rel1.win32_1.0.0.202411081344/tools/bin/../lib/gcc/arm-none-eabi/13.3.1/../../../../arm-none-eabi/lib/thumb/v7e-m+fp/hard\libc_nano.a(libc_a-exit.o)
                              D:/Applications/STM32CubeIDE_1.19.0/STM32CubeIDE/plugins/com.st.stm32cube.ide.mcu.externaltools.gnu-tools-for-stm32.13.3.rel1.win32_1.0.0.202411081344/tools/bin/../lib/gcc/arm-none-eabi/13.3.1/../../../../arm-none-eabi/lib/thumb/v7e-m+fp/hard/crt0.o (exit)
D:/Applications/STM32CubeIDE_1.19.0/STM32CubeIDE/plugins/com.st.stm32cube.ide.mcu.externaltools.gnu-tools-for-stm32.13.3.rel1.win32_1.0.0.202411081344/tools/bin/../lib/gcc/arm-none-eabi/13.3.1/../../../../arm-none-eabi/lib/thumb/v7e-m+fp/hard\libc_nano.a(libc_a-findfp.o)
                              D:/Applications/STM32CubeIDE_1.19.0/STM32CubeIDE/plugins/com.st.stm32cube.ide.mcu.externaltools.gnu-tools-for-stm32.13.3.rel1.win32_1.0.0.202411081344/tools/bin/../lib/gcc/arm-none-eabi/13.3.1/../../../../arm-none-eabi/lib/thumb/v7e-m+fp/hard\libc_nano.a(libc_a-exit.o) (__stdio_exit_handler)
D:/Applications/STM32CubeIDE_1.19.0/STM32CubeIDE/plugins/com.st.stm32cube.ide.mcu.externaltools.gnu-tools-for-stm32.13.3.rel1.win32_1.0.0.202411081344/tools/bin/../lib/gcc/arm-none-eabi/13.3.1/../../../../arm-none-eabi/lib/thumb/v7e-m+fp/hard\libc_nano.a(libc_a-fwalk.o)
                              D:/Applications/STM32CubeIDE_1.19.0/STM32CubeIDE/plugins/com.st.stm32cube.ide.mcu.externaltools.gnu-tools-for-stm32.13.3.rel1.win32_1.0.0.202411081344/tools/bin/../lib/gcc/arm-none-eabi/13.3.1/../../../../arm-none-eabi/lib/thumb/v7e-m+fp/hard\libc_nano.a(libc_a-findfp.o) (_fwalk_sglue)
D:/Applications/STM32CubeIDE_1.19.0/STM32CubeIDE/plugins/com.st.stm32cube.ide.mcu.externaltools.gnu-tools-for-stm32.13.3.rel1.win32_1.0.0.202411081344/tools/bin/../lib/gcc/arm-none-eabi/13.3.1/../../../../arm-none-eabi/lib/thumb/v7e-m+fp/hard\libc_nano.a(libc_a-printf.o)
                              ./Core/Src/main.o (printf)
D:/Applications/STM32CubeIDE_1.19.0/STM32CubeIDE/plugins/com.st.stm32cube.ide.mcu.externaltools.gnu-tools-for-stm32.13.3.rel1.win32_1.0.0.202411081344/tools/bin/../lib/gcc/arm-none-eabi/13.3.1/../../../../arm-none-eabi/lib/thumb/v7e-m+fp/hard\libc_nano.a(libc_a-puts.o)
                              ./Core/Src/main.o (puts)
D:/Applications/STM32CubeIDE_1.19.0/STM32CubeIDE/plugins/com.st.stm32cube.ide.mcu.externaltools.gnu-tools-for-stm32.13.3.rel1.win32_1.0.0.202411081344/tools/bin/../lib/gcc/arm-none-eabi/13.3.1/../../../../arm-none-eabi/lib/thumb/v7e-m+fp/hard\libc_nano.a(libc_a-stdio.o)
                              D:/Applications/STM32CubeIDE_1.19.0/STM32CubeIDE/plugins/com.st.stm32cube.ide.mcu.externaltools.gnu-tools-for-stm32.13.3.rel1.win32_1.0.0.202411081344/tools/bin/../lib/gcc/arm-none-eabi/13.3.1/../../../../arm-none-eabi/lib/thumb/v7e-m+fp/hard\libc_nano.a(libc_a-findfp.o) (__sread)
D:/Applications/STM32CubeIDE_1.19.0/STM32CubeIDE/plugins/com.st.stm32cube.ide.mcu.externaltools.gnu-tools-for-stm32.13.3.rel1.win32_1.0.0.202411081344/tools/bin/../lib/gcc/arm-none-eabi/13.3.1/../../../../arm-none-eabi/lib/thumb/v7e-m+fp/hard\libc_nano.a(libc_a-wbuf.o)
                              D:/Applications/STM32CubeIDE_1.19.0/STM32CubeIDE/plugins/com.st.stm32cube.ide.mcu.externaltools.gnu-tools-for-stm32.13.3.rel1.win32_1.0.0.202411081344/tools/bin/../lib/gcc/arm-none-eabi/13.3.1/../../../../arm-none-eabi/lib/thumb/v7e-m+fp/hard\libc_nano.a(libc_a-puts.o) (__swbuf_r)
D:/Applications/STM32CubeIDE_1.19.0/STM32CubeIDE/plugins/com.st.stm32cube.ide.mcu.externaltools.gnu-tools-for-stm32.13.3.rel1.win32_1.0.0.202411081344/tools/bin/../lib/gcc/arm-none-eabi/13.3.1/../../../../arm-none-eabi/lib/thumb/v7e-m+fp/hard\libc_nano.a(libc_a-wsetup.o)
                              D:/Applications/STM32CubeIDE_1.19.0/STM32CubeIDE/plugins/com.st.stm32cube.ide.mcu.externaltools.gnu-tools-for-stm32.13.3.rel1.win32_1.0.0.202411081344/tools/bin/../lib/gcc/arm-none-eabi/13.3.1/../../../../arm-none-eabi/lib/thumb/v7e-m+fp/hard\libc_nano.a(libc_a-puts.o) (__swsetup_r)
D:/Applications/STM32CubeIDE_1.19.0/STM32CubeIDE/plugins/com.st.stm32cube.ide.mcu.externaltools.gnu-tools-for-stm32.13.3.rel1.win32_1.0.0.202411081344/tools/bin/../lib/gcc/arm-none-eabi/13.3.1/../../../../arm-none-eabi/lib/thumb/v7e-m+fp/hard\libc_nano.a(libc_a-memset.o)
                              D:/Applications/STM32CubeIDE_1.19.0/STM32CubeIDE/plugins/com.st.stm32cube.ide.mcu.externaltools.gnu-tools-for-stm32.13.3.rel1.win32_1.0.0.202411081344/tools/bin/../lib/gcc/arm-none-eabi/13.3.1/../../../../arm-none-eabi/lib/thumb/v7e-m+fp/hard/crt0.o (memset)
[...]
Memory Configuration

Name             Origin             Length             Attributes
RAM              0x20000000         0x00008000         xrw
FLASH            0x08000000         0x00020000         xr
*default*        0x00000000         0xffffffff

Linker script and memory map

LOAD D:/Applications/STM32CubeIDE_1.19.0/STM32CubeIDE/plugins/com.st.stm32cube.ide.mcu.externaltools.gnu-tools-for-stm32.13.3.rel1.win32_1.0.0.202411081344/tools/bin/../lib/gcc/arm-none-eabi/13.3.1/thumb/v7e-m+fp/hard/crti.o
LOAD D:/Applications/STM32CubeIDE_1.19.0/STM32CubeIDE/plugins/com.st.stm32cube.ide.mcu.externaltools.gnu-tools-for-stm32.13.3.rel1.win32_1.0.0.202411081344/tools/bin/../lib/gcc/arm-none-eabi/13.3.1/thumb/v7e-m+fp/hard/crtbegin.o
LOAD D:/Applications/STM32CubeIDE_1.19.0/STM32CubeIDE/plugins/com.st.stm32cube.ide.mcu.externaltools.gnu-tools-for-stm32.13.3.rel1.win32_1.0.0.202411081344/tools/bin/../lib/gcc/arm-none-eabi/13.3.1/../../../../arm-none-eabi/lib/thumb/v7e-m+fp/hard/crt0.o
LOAD ./Core/Src/anim_stream.o
LOAD ./Core/Src/animation.o
LOAD ./Core/Src/cc1101.o
LOAD ./Core/Src/main.o
LOAD ./Core/Src/spi_hall.o
LOAD ./Core/Src/stm32f4xx_hal_msp.o
LOAD ./Core/Src/stm32f4xx_it.o
LOAD ./Core/Src/syscalls.o
LOAD ./Core/Src/sysmem.o
LOAD ./Core/Src/system_stm32f4xx.o
LOAD ./Core/Startup/startup_stm32f410rbtx.o
LOAD ./Drivers/STM32F4xx_HAL_Driver/Src/stm32f4xx_hal.o
LOAD ./Drivers/STM32F4xx_HAL_Driver/Src/stm32f4xx_hal_cortex.o
LOAD ./Drivers/STM32F4xx_HAL_Driver/Src/stm32f4xx_hal_dma.o
LOAD ./Drivers/STM32F4xx_HAL_Driver/Src/stm32f4xx_hal_dma_ex.o
LOAD ./Drivers/STM32F4xx_HAL_Driver/Src/stm32f4xx_hal_exti.o
LOAD ./Drivers/STM32F4xx_HAL_Driver/Src/stm32f4xx_hal_flash.o
LOAD ./Drivers/STM32F4xx_HAL_Driver/Src/stm32f4xx_hal_flash_ex.o
LOAD ./Drivers/STM32F4xx_HAL_Driver/Src/stm32f4xx_hal_flash_ramfunc.o
LOAD ./Drivers/STM32F4xx_HAL_Driver/Src/stm32f4xx_hal_gpio.o
LOAD ./Drivers/STM32F4xx_HAL_Driver/Src/stm32f4xx_hal_pwr.o
LOAD ./Drivers/STM32F4xx_HAL_Driver/Src/stm32f4xx_hal_pwr_ex.o
LOAD ./Drivers/STM32F4xx_HAL_Driver/Src/stm32f4xx_hal_rcc.o
LOAD ./Drivers/STM32F4xx_HAL_Driver/Src/stm32f4xx_hal_rcc_ex.o
LOAD ./Drivers/STM32F4xx_HAL_Driver/Src/stm32f4xx_hal_spi.o
LOAD ./Drivers/STM32F4xx_HAL_Driver/Src/stm32f4xx_hal_uart.o
START GROUP
LOAD D:/Applications/STM32CubeIDE_1.19.0/STM32CubeIDE/plugins/com.st.stm32cube.ide.mcu.externaltools.gnu-tools-for-stm32.13.3.rel1.win32_1.0.0.202411081344/tools/bin/../lib/gcc/arm-none-eabi/13.3.1/../../../../arm-none-eabi/lib/thumb/v7e-m+fp/hard\libc_nano.a
LOAD D:/Applications/STM32CubeIDE_1.19.0/STM32CubeIDE/plugins/com.st.stm32cube.ide.mcu.externaltools.gnu-tools-for-stm32.13.3.rel1.win32_1.0.0.202411081344/tools/bin/../lib/gcc/arm-none-eabi/13.3.1/../../../../arm-none-eabi/lib/thumb/v7e-m+fp/hard\libm.a
END GROUP
START GROUP
LOAD D:/Applications/STM32CubeIDE_1.19.0/STM32CubeIDE/plugins/com.st.stm32cube.ide.mcu.externaltools.gnu-tools-for-stm32.13.3.rel1.win32_1.0.0.202411081344/tools/bin/../lib/gcc/arm-none-eabi/13.3.1/thumb/v7e-m+fp/hard\libgcc.a
LOAD D:/Applications/STM32CubeIDE_1.19.0/STM32CubeIDE/plugins/com.st.stm32cube.ide.mcu.externaltools.gnu-tools-for-stm32.13.3.rel1.win32_1.0.0.202411081344/tools/bin/../lib/gcc/arm-none-eabi/13.3.1/../../../../arm-none-eabi/lib/thumb/v7e-m+fp/hard\libc_nano.a
END GROUP
START GROUP
LOAD D:/Applications/STM32CubeIDE_1.19.0/STM32CubeIDE/plugins/com.st.stm32cube.ide.mcu.externaltools.gnu-tools-for-stm32.13.3.rel1.win32_1.0.0.202411081344/tools/bin/../lib/gcc/arm-none-eabi/13.3.1/thumb/v7e-m+fp/hard\libgcc.a
LOAD D:/Applications/STM32CubeIDE_1.19.0/STM32CubeIDE/plugins/com.st.stm32cube.ide.mcu.externaltools.gnu-tools-for-stm32.13.3.rel1.win32_1.0.0.202411081344/tools/bin/../lib/gcc/arm-none-eabi/13.3.1/../../../../arm-none-eabi/lib/thumb/v7e-m+fp/hard\libc_nano.a
LOAD D:/Applications/STM32CubeIDE_1.19.0/STM32CubeIDE/plugins/com.st.stm32cube.ide.mcu.externaltools.gnu-tools-for-stm32.13.3.rel1.win32_1.0.0.202411081344/tools/bin/../lib/gcc/arm-none-eabi/13.3.1/../../../../arm-none-eabi/lib/thumb/v7e-m+fp/hard\libnosys.a
END GROUP
START GROUP
LOAD D:/Applications/STM32CubeIDE_1.19.0/STM32CubeIDE/plugins/com.st.stm32cube.ide.mcu.externaltools.gnu-tools-for-stm32.13.3.rel1.win32_1.0.0.202411081344/tools/bin/../lib/gcc/arm-none-eabi/13.3.1/thumb/v7e-m+fp/hard\libgcc.a
LOAD D:/Applications/STM32CubeIDE_1.19.0/STM32CubeIDE/plugins/com.st.stm32cube.ide.mcu.externaltools.gnu-tools-for-stm32.13.3.rel1.win32_1.0.0.202411081344/tools/bin/../lib/gcc/arm-none-eabi/13.3.1/../../../../arm-none-eabi/lib/thumb/v7e-m+fp/hard\libc_nano.a
LOAD D:/Applications/STM32CubeIDE_1.19.0/STM32CubeIDE/plugins/com.st.stm32cube.ide.mcu.externaltools.gnu-tools-for-stm32.13.3.rel1.win32_1.0.0.202411081344/tools/bin/../lib/gcc/arm-none-eabi/13.3.1/../../../../arm-none-eabi/lib/thumb/v7e-m+fp/hard\libnosys.a
END GROUP
LOAD D:/Applications/STM32CubeIDE_1.19.0/STM32CubeIDE/plugins/com.st.stm32cube.ide.mcu.externaltools.gnu-tools-for-stm32.13.3.rel1.win32_1.0.0.202411081344/tools/bin/../lib/gcc/arm-none-eabi/13.3.1/thumb/v7e-m+fp/hard/crtend.o
LOAD D:/Applications/STM32CubeIDE_1.19.0/STM32CubeIDE/plugins/com.st.stm32cube.ide.mcu.externaltools.gnu-tools-for-stm32.13.3.rel1.win32_1.0.0.202411081344/tools/bin/../lib/gcc/arm-none-eabi/13.3.1/thumb/v7e-m+fp/hard/crtn.o
                0x20008000                        _estack = (ORIGIN (RAM) + LENGTH (RAM))
                0x00000200                        _Min_Heap_Size = 0x200
                0x00000400                        _Min_Stack_Size = 0x400

.isr_vector     0x08000000      0x1c8
                0x08000000                        . = ALIGN (0x4)
 *(.isr_vector)
 .isr_vector    0x08000000      0x1c8 ./Core/Startup/startup_stm32f410rbtx.o
                0x08000000                g_pfnVectors
                0x080001c8                        . = ALIGN (0x4)

.text           0x080001d0     0x479c
                0x080001d0                        . = ALIGN (0x4)
 *(.text)
 .text          0x080001d0       0x40 D:/Applications/STM32CubeIDE_1.19.0/STM32CubeIDE/plugins/com.st.stm32cube.ide.mcu.externaltools.gnu-tools-for-stm32.13.3.rel1.win32_1.0.0.202411081344/tools/bin/../lib/gcc/arm-none-eabi/13.3.1/thumb/v7e-m+fp/hard/crtbegin.o
 .text          0x08000210       0xa0 D:/Applications/STM32CubeIDE_1.19.0/STM32CubeIDE/plugins/com.st.stm32cube.ide.mcu.externaltools.gnu-tools-for-stm32.13.3.rel1.win32_1.0.0.202411081344/tools/bin/../lib/gcc/arm-none-eabi/13.3.1/../../../../arm-none-eabi/lib/thumb/v7e-m+fp/hard\libc_nano.a(libc_a-memchr.o)
                0x08000210                memchr
 .text          0x080002b0       0x30 D:/Applications/STM32CubeIDE_1.19.0/STM32CubeIDE/plugins/com.st.stm32cube.ide.mcu.externaltools.gnu-tools-for-stm32.13.3.rel1.win32_1.0.0.202411081344/tools/bin/../lib/gcc/arm-none-eabi/13.3.1/thumb/v7e-m+fp/hard\libgcc.a(_aeabi_uldivmod.o)
                0x080002b0                __aeabi_uldivmod
 .text          0x080002e0      0x2f8 D:/Applications/STM32CubeIDE_1.19.0/STM32CubeIDE/plugins/com.st.stm32cube.ide.mcu.externaltools.gnu-tools-for-stm32.13.3.rel1.win32_1.0.0.202411081344/tools/bin/../lib/gcc/arm-none-eabi/13.3.1/thumb/v7e-m+fp/hard\libgcc.a(_udivmoddi4.o)
                0x080002e0                __udivmoddi4
 .text          0x080005d8        0x4 D:/Applications/STM32CubeIDE_1.19.0/STM32CubeIDE/plugins/com.st.stm32cube.ide.mcu.externaltools.gnu-tools-for-stm32.13.3.rel1.win32_1.0.0.202411081344/tools/bin/../lib/gcc/arm-none-eabi/13.3.1/thumb/v7e-m+fp/hard\libgcc.a(_dvmd_tls.o)
                0x080005d8                __aeabi_idiv0
                0x080005d8                __aeabi_ldiv0
 *(.text*)
 .text.crc16_step
                0x080005dc       0x74 ./Core/Src/anim_stream.o
 .text.dma_head
                0x08000650       0x2c ./Core/Src/anim_stream.o
 .text.send_ctl
                0x0800067c       0x50 ./Core/Src/anim_stream.o
 .text.anim_stream_init
                0x080006cc      0x110 ./Core/Src/anim_stream.o
                0x080006cc                anim_stream_init
 .text.parse_byte
                0x080007dc      0x304 ./Core/Src/anim_stream.o
 .text.anim_stream_poll
                0x08000ae0       0x8c ./Core/Src/anim_stream.o
                0x08000ae0                anim_stream_poll
 .text.anim_stream_next
                0x08000b6c       0x5c ./Core/Src/anim_stream.o
                0x08000b6c                anim_stream_next
 .text.anim_stream_release
                0x08000bc8       0x6c ./Core/Src/anim_stream.o
                0x08000bc8                anim_stream_release
 .text.anim_stream_get_stats
                0x08000c34       0x14 ./Core/Src/anim_stream.o
                0x08000c34                anim_stream_get_stats
 .text.period_from_fps
                0x08000c48       0x40 ./Core/Src/animation.o
 .text.reset_common
                0x08000c88       0x56 ./Core/Src/animation.o
 .text.animation_init_source
                0x08000cde       0x40 ./Core/Src/animation.o
                0x08000cde                animation_init_source
 .text.advance_deadline
                0x08000d1e       0x46 ./Core/Src/animation.o
 .text.animation_tick
                0x08000d64      0x14c ./Core/Src/animation.o
                0x08000d64                animation_tick
 .text.cs_low   0x08000eb0       0x18 ./Core/Src/cc1101.o
 .text.cs_high  0x08000ec8       0x18 ./Core/Src/cc1101.o
 .text.xfer     0x08000ee0       0x34 ./Core/Src/cc1101.o
 .text.wait_ready
                0x08000f14       0x3c ./Core/Src/cc1101.o
 .text.cc_write_reg
                0x08000f50       0x34 ./Core/Src/cc1101.o
 .text.cc_read_reg
                0x08000f84       0x38 ./Core/Src/cc1101.o
 .text.cc1101_read_status
                0x08000fbc       0x38 ./Core/Src/cc1101.o
                0x08000fbc                cc1101_read_status
 .text.cc_strobe
                0x08000ff4       0x26 ./Core/Src/cc1101.o
 .text.cc_write_fifo
                0x0800101a       0x50 ./Core/Src/cc1101.o
 *fill*         0x0800106a        0x2 
 .text.cc1101_init
                0x0800106c       0xdc ./Core/Src/cc1101.o
                0x0800106c                cc1101_init
 .text.cc1101_selftest
                0x08001148       0x3a ./Core/Src/cc1101.o
                0x08001148                cc1101_selftest
 *fill*         0x08001182        0x2 
 .text.cc1101_last_diag
                0x08001184       0x14 ./Core/Src/cc1101.o
                0x08001184                cc1101_last_diag
 .text.wait_idle
                0x08001198       0x3c ./Core/Src/cc1101.o
 .text.tx_raw   0x080011d4      0x128 ./Core/Src/cc1101.o
 .text.cc1101_send_points
                0x080012fc       0xea ./Core/Src/cc1101.o
                0x080012fc                cc1101_send_points
 .text.cc1101_send_frame
                0x080013e6       0xa8 ./Core/Src/cc1101.o
                0x080013e6                cc1101_send_frame
 *fill*         0x0800148e        0x2 
 .text.__io_putchar
                0x08001490       0x24 ./Core/Src/main.o
                0x08001490                __io_putchar
 .text.build_triangle
                0x080014b4       0xb4 ./Core/Src/main.o
 .text.main     0x08001568      0x1d4 ./Core/Src/main.o
                0x08001568                main
 .text.SystemClock_Config
                0x0800173c       0xbc ./Core/Src/main.o
                0x0800173c                SystemClock_Config
 .text.MX_SPI1_Init
                0x080017f8       0x6c ./Core/Src/main.o
 .text.MX_USART2_UART_Init
                0x08001864       0x54 ./Core/Src/main.o
 .text.MX_GPIO_Init
                0x080018b8       0x34 ./Core/Src/main.o
 .text.Error_Handler
                0x080018ec        0xc ./Core/Src/main.o
                0x080018ec                Error_Handler
 .text.HAL_SPI_MspInit
                0x080018f8      0x108 ./Core/Src/spi_hall.o
                0x080018f8                HAL_SPI_MspInit
 .text.HAL_MspInit
                0x08001a00       0x50 ./Core/Src/stm32f4xx_hal_msp.o
                0x08001a00                HAL_MspInit
 .text.HAL_UART_MspInit
                0x08001a50       0x90 ./Core/Src/stm32f4xx_hal_msp.o
                0x08001a50                HAL_UART_MspInit
 .text.NMI_Handler
                0x08001ae0        0x8 ./Core/Src/stm32f4xx_it.o
                0x08001ae0                NMI_Handler
 .text.HardFault_Handler
                0x08001ae8        0x8 ./Core/Src/stm32f4xx_it.o
                0x08001ae8                HardFault_Handler
 .text.MemManage_Handler
                0x08001af0        0x8 ./Core/Src/stm32f4xx_it.o
                0x08001af0                MemManage_Handler
 .text.BusFault_Handler
                0x08001af8        0x8 ./Core/Src/stm32f4xx_it.o
                0x08001af8                BusFault_Handler
 .text.UsageFault_Handler
                0x08001b00        0x8 ./Core/Src/stm32f4xx_it.o
                0x08001b00                UsageFault_Handler
 .text.SVC_Handler
                0x08001b08        0xe ./Core/Src/stm32f4xx_it.o
                0x08001b08                SVC_Handler
 .text.DebugMon_Handler
                0x08001b16        0xe ./Core/Src/stm32f4xx_it.o
                0x08001b16                DebugMon_Handler
 .text.PendSV_Handler
                0x08001b24        0xe ./Core/Src/stm32f4xx_it.o
                0x08001b24                PendSV_Handler
 .text.SysTick_Handler
                0x08001b32        0xc ./Core/Src/stm32f4xx_it.o
                0x08001b32                SysTick_Handler
 .text._read    0x08001b3e       0x3a ./Core/Src/syscalls.o
                0x08001b3e                _read
 .text._write   0x08001b78       0x38 ./Core/Src/syscalls.o
                0x08001b78                _write
 .text._close   0x08001bb0       0x18 ./Core/Src/syscalls.o
                0x08001bb0                _close
 .text._fstat   0x08001bc8       0x20 ./Core/Src/syscalls.o
                0x08001bc8                _fstat
 .text._isatty  0x08001be8       0x16 ./Core/Src/syscalls.o
                0x08001be8                _isatty
 .text._lseek   0x08001bfe       0x1a ./Core/Src/syscalls.o
                0x08001bfe                _lseek
 .text._sbrk    0x08001c18       0x6c ./Core/Src/sysmem.o
                0x08001c18                _sbrk
 .text.SystemInit
                0x08001c84       0x24 ./Core/Src/system_stm32f4xx.o
                0x08001c84                SystemInit
 .text.Reset_Handler
                0x08001ca8       0x50 ./Core/Startup/startup_stm32f410rbtx.o
                0x08001ca8                Reset_Handler
 .text.Default_Handler
                0x08001cf8        0x2 ./Core/Startup/startup_stm32f410rbtx.o
                0x08001cf8                RTC_Alarm_IRQHandler
                0x08001cf8                EXTI2_IRQHandler
                0x08001cf8                FMPI2C1_EV_IRQHandler
                0x08001cf8                TIM1_CC_IRQHandler
                0x08001cf8                DMA2_Stream5_IRQHandler
                0x08001cf8                DMA1_Stream5_IRQHandler
                0x08001cf8                PVD_IRQHandler
                0x08001cf8                TAMP_STAMP_IRQHandler
                0x08001cf8                EXTI3_IRQHandler
                0x08001cf8                EXTI0_IRQHandler
                0x08001cf8                I2C2_EV_IRQHandler
                0x08001cf8                DMA1_Stream2_IRQHandler
                0x08001cf8                FPU_IRQHandler
                0x08001cf8                DMA2_Stream2_IRQHandler
                0x08001cf8                SPI1_IRQHandler
                0x08001cf8                TIM6_DAC_IRQHandler
                0x08001cf8                TIM1_BRK_TIM9_IRQHandler
                0x08001cf8                DMA2_Stream3_IRQHandler
                0x08001cf8                USART6_IRQHandler
                0x08001cf8                DMA2_Stream0_IRQHandler
                0x08001cf8                I2C1_EV_IRQHandler
                0x08001cf8                DMA1_Stream6_IRQHandler
                0x08001cf8                DMA1_Stream1_IRQHandler
                0x08001cf8                RCC_IRQHandler
                0x08001cf8                Default_Handler
                0x08001cf8                EXTI15_10_IRQHandler
                0x08001cf8                ADC_IRQHandler
                0x08001cf8                DMA1_Stream7_IRQHandler
                0x08001cf8                SPI5_IRQHandler
                0x08001cf8                TIM5_IRQHandler
                0x08001cf8                DMA2_Stream7_IRQHandler
                0x08001cf8                EXTI9_5_IRQHandler
                0x08001cf8                RTC_WKUP_IRQHandler
                0x08001cf8                SPI2_IRQHandler
                0x08001cf8                DMA1_Stream0_IRQHandler
                0x08001cf8                FMPI2C1_ER_IRQHandler
                0x08001cf8                EXTI4_IRQHandler
                0x08001cf8                RNG_IRQHandler
                0x08001cf8                TIM1_UP_IRQHandler
                0x08001cf8                WWDG_IRQHandler
                0x08001cf8                TIM1_TRG_COM_TIM11_IRQHandler
                0x08001cf8                EXTI1_IRQHandler
                0x08001cf8                USART2_IRQHandler
                0x08001cf8                I2C2_ER_IRQHandler
                0x08001cf8                DMA2_Stream1_IRQHandler
                0x08001cf8                FLASH_IRQHandler
                0x08001cf8                DMA2_Stream4_IRQHandler
                0x08001cf8                USART1_IRQHandler
                0x08001cf8                DMA1_Stream4_IRQHandler
                0x08001cf8                I2C1_ER_IRQHandler
                0x08001cf8                LPTIM1_IRQHandler
                0x08001cf8                DMA2_Stream6_IRQHandler
                0x08001cf8                DMA1_Stream3_IRQHandler
 *fill*         0x08001cfa        0x2 
 .text.HAL_Init
                0x08001cfc       0x44 ./Drivers/STM32F4xx_HAL_Driver/Src/stm32f4xx_hal.o
                0x08001cfc                HAL_Init
 .text.HAL_InitTick
                0x08001d40       0x60 ./Drivers/STM32F4xx_HAL_Driver/Src/stm32f4xx_hal.o
                0x08001d40                HAL_InitTick
 .text.HAL_IncTick
                0x08001da0       0x28 ./Drivers/STM32F4xx_HAL_Driver/Src/stm32f4xx_hal.o
                0x08001da0                HAL_IncTick
 .text.HAL_GetTick
                0x08001dc8       0x18 ./Drivers/STM32F4xx_HAL_Driver/Src/stm32f4xx_hal.o
                0x08001dc8                HAL_GetTick
 .text.HAL_Delay
                0x08001de0       0x48 ./Drivers/STM32F4xx_HAL_Driver/Src/stm32f4xx_hal.o
                0x08001de0                HAL_Delay
 .text.__NVIC_SetPriorityGrouping
                0x08001e28       0x48 ./Drivers/STM32F4xx_HAL_Driver/Src/stm32f4xx_hal_cortex.o
 .text.__NVIC_GetPriorityGrouping
                0x08001e70       0x1c ./Drivers/STM32F4xx_HAL_Driver/Src/stm32f4xx_hal_cortex.o
 .text.__NVIC_SetPriority
                0x08001e8c       0x54 ./Drivers/STM32F4xx_HAL_Driver/Src/stm32f4xx_hal_cortex.o
 .text.NVIC_EncodePriority
                0x08001ee0       0x66 ./Drivers/STM32F4xx_HAL_Driver/Src/stm32f4xx_hal_cortex.o
 *fill*         0x08001f46        0x2 
 .text.SysTick_Config
                0x08001f48       0x44 ./Drivers/STM32F4xx_HAL_Driver/Src/stm32f4xx_hal_cortex.o
 .text.HAL_NVIC_SetPriorityGrouping
                0x08001f8c       0x16 ./Drivers/STM32F4xx_HAL_Driver/Src/stm32f4xx_hal_cortex.o
                0x08001f8c                HAL_NVIC_SetPriorityGrouping
 .text.HAL_NVIC_SetPriority
                0x08001fa2       0x38 ./Drivers/STM32F4xx_HAL_Driver/Src/stm32f4xx_hal_cortex.o
                0x08001fa2                HAL_NVIC_SetPriority
 .text.HAL_SYSTICK_Config
                0x08001fda       0x18 ./Drivers/STM32F4xx_HAL_Driver/Src/stm32f4xx_hal_cortex.o
                0x08001fda                HAL_SYSTICK_Config
 *fill*         0x08001ff2        0x2 
 .text.HAL_GPIO_Init
                0x08001ff4      0x2e8 ./Drivers/STM32F4xx_HAL_Driver/Src/stm32f4xx_hal_gpio.o
                0x08001ff4                HAL_GPIO_Init
 .text.HAL_GPIO_ReadPin
                0x080022dc       0x30 ./Drivers/STM32F4xx_HAL_Driver/Src/stm32f4xx_hal_gpio.o
                0x080022dc                HAL_GPIO_ReadPin
 .text.HAL_GPIO_WritePin
                0x0800230c       0x32 ./Drivers/STM32F4xx_HAL_Driver/Src/stm32f4xx_hal_gpio.o
                0x0800230c                HAL_GPIO_WritePin
 *fill*         0x0800233e        0x2 
 .text.HAL_RCC_ClockConfig
                0x08002340      0x1cc ./Drivers/STM32F4xx_HAL_Driver/Src/stm32f4xx_hal_rcc.o
                0x08002340                HAL_RCC_ClockConfig
 .text.HAL_RCC_GetSysClockFreq
                0x0800250c      0x18c ./Drivers/STM32F4xx_HAL_Driver/Src/stm32f4xx_hal_rcc.o
                0x0800250c                HAL_RCC_GetSysClockFreq
 .text.HAL_RCC_GetHCLKFreq
                0x08002698       0x18 ./Drivers/STM32F4xx_HAL_Driver/Src/stm32f4xx_hal_rcc.o
                0x08002698                HAL_RCC_GetHCLKFreq
 .text.HAL_RCC_GetPCLK1Freq
                0x080026b0       0x28 ./Drivers/STM32F4xx_HAL_Driver/Src/stm32f4xx_hal_rcc.o
                0x080026b0                HAL_RCC_GetPCLK1Freq
 .text.HAL_RCC_GetPCLK2Freq
                0x080026d8       0x28 ./Drivers/STM32F4xx_HAL_Driver/Src/stm32f4xx_hal_rcc.o
                0x080026d8                HAL_RCC_GetPCLK2Freq
 .text.HAL_RCC_OscConfig
                0x08002700      0x508 ./Drivers/STM32F4xx_HAL_Driver/Src/stm32f4xx_hal_rcc_ex.o
                0x08002700                HAL_RCC_OscConfig
 .text.HAL_SPI_Init
                0x08002c08      0x112 ./Drivers/STM32F4xx_HAL_Driver/Src/stm32f4xx_hal_spi.o
                0x08002c08                HAL_SPI_Init
 .text.HAL_SPI_TransmitReceive
                0x08002d1a      0x352 ./Drivers/STM32F4xx_HAL_Driver/Src/stm32f4xx_hal_spi.o
                0x08002d1a                HAL_SPI_TransmitReceive
 .text.SPI_WaitFlagStateUntilTimeout
                0x0800306c      0x110 ./Drivers/STM32F4xx_HAL_Driver/Src/stm32f4xx_hal_spi.o
 .text.SPI_EndRxTxTransaction
                0x0800317c       0xa8 ./Drivers/STM32F4xx_HAL_Driver/Src/stm32f4xx_hal_spi.o
 .text.HAL_UART_Init
                0x08003224       0xa0 ./Drivers/STM32F4xx_HAL_Driver/Src/stm32f4xx_hal_uart.o
                0x08003224                HAL_UART_Init
 .text.HAL_UART_Transmit
                0x080032c4      0x116 ./Drivers/STM32F4xx_HAL_Driver/Src/stm32f4xx_hal_uart.o
                0x080032c4                HAL_UART_Transmit
 .text.UART_WaitOnFlagUntilTimeout
                0x080033da       0xb2 ./Drivers/STM32F4xx_HAL_Driver/Src/stm32f4xx_hal_uart.o
 .text.UART_EndRxTransfer
                0x0800348c       0xc6 ./Drivers/STM32F4xx_HAL_Driver/Src/stm32f4xx_hal_uart.o
 *fill*         0x08003552        0x2 
 .text.UART_SetConfig
                0x08003554      0x4e8 ./Drivers/STM32F4xx_HAL_Driver/Src/stm32f4xx_hal_uart.o
 .text.std      0x08003a3c       0x6c D:/Applications/STM32CubeIDE_1.19.0/STM32CubeIDE/plugins/com.st.stm32cube.ide.mcu.externaltools.gnu-tools-for-stm32.13.3.rel1.win32_1.0.0.202411081344/tools/bin/../lib/gcc/arm-none-eabi/13.3.1/../../../../arm-none-eabi/lib/thumb/v7e-m+fp/hard\libc_nano.a(libc_a-findfp.o)
 .text.stdio_exit_handler
                0x08003aa8       0x18 D:/Applications/STM32CubeIDE_1.19.0/STM32CubeIDE/plugins/com.st.stm32cube.ide.mcu.externaltools.gnu-tools-for-stm32.13.3.rel1.win32_1.0.0.202411081344/tools/bin/../lib/gcc/arm-none-eabi/13.3.1/../../../../arm-none-eabi/lib/thumb/v7e-m+fp/hard\libc_nano.a(libc_a-findfp.o)
 .text.cleanup_stdio
                0x08003ac0       0x40 D:/Applications/STM32CubeIDE_1.19.0/STM32CubeIDE/plugins/com.st.stm32cube.ide.mcu.externaltools.gnu-tools-for-stm32.13.3.rel1.win32_1.0.0.202411081344/tools/bin/../lib/gcc/arm-none-eabi/13.3.1/../../../../arm-none-eabi/lib/thumb/v7e-m+fp/hard\libc_nano.a(libc_a-findfp.o)
 .text.global_stdio_init.part.0
                0x08003b00       0x3c D:/Applications/STM32CubeIDE_1.19.0/STM32CubeIDE/plugins/com.st.stm32cube.ide.mcu.externaltools.gnu-tools-for-stm32.13.3.rel1.win32_1.0.0.202411081344/tools/bin/../lib/gcc/arm-none-eabi/13.3.1/../../../../arm-none-eabi/lib/thumb/v7e-m+fp/hard\libc_nano.a(libc_a-findfp.o)
 .text.__sfp_lock_acquire
                0x08003b3c        0xc D:/Applications/STM32CubeIDE_1.19.0/STM32CubeIDE/plugins/com.st.stm32cube.ide.mcu.externaltools.gnu-tools-for-stm32.13.3.rel1.win32_1.0.0.202411081344/tools/bin/../lib/gcc/arm-none-eabi/13.3.1/../../../../arm-none-eabi/lib/thumb/v7e-m+fp/hard\libc_nano.a(libc_a-findfp.o)
                0x08003b3c                __sfp_lock_acquire
 .text.__sfp_lock_release
                0x08003b48        0xc D:/Applications/STM32CubeIDE_1.19.0/STM32CubeIDE/plugins/com.st.stm32cube.ide.mcu.externaltools.gnu-tools-for-stm32.13.3.rel1.win32_1.0.0.202411081344/tools/bin/../lib/gcc/arm-none-eabi/13.3.1/../../../../arm-none-eabi/lib/thumb/v7e-m+fp/hard\libc_nano.a(libc_a-findfp.o)
                0x08003b48                __sfp_lock_release
 .text.__sinit  0x08003b54       0x30 D:/Applications/STM32CubeIDE_1.19.0/STM32CubeIDE/plugins/com.st.stm32cube.ide.mcu.externaltools.gnu-tools-for-stm32.13.3.rel1.win32_1.0.0.202411081344/tools/bin/../lib/gcc/arm-none-eabi/13.3.1/../../../../arm-none-eabi/lib/thumb/v7e-m+fp/hard\libc_nano.a(libc_a-findfp.o)
                0x08003b54                __sinit
 .text._fwalk_sglue
                0x08003b84       0x3c D:/Applications/STM32CubeIDE_1.19.0/STM32CubeIDE/plugins/com.st.stm32cube.ide.mcu.externaltools.gnu-tools-for-stm32.13.3.rel1.win32_1.0.0.202411081344/tools/bin/../lib/gcc/arm-none-eabi/13.3.1/../../../../arm-none-eabi/lib/thumb/v7e-m+fp/hard\libc_nano.a(libc_a-fwalk.o)
                0x08003b84                _fwalk_sglue
 .text.printf   0x08003bc0       0x24 D:/Applications/STM32CubeIDE_1.19.0/STM32CubeIDE/plugins/com.st.stm32cube.ide.mcu.externaltools.gnu-tools-for-stm32.13.3.rel1.win32_1.0.0.202411081344/tools/bin/../lib/gcc/arm-none-eabi/13.3.1/../../../../arm-none-eabi/lib/thumb/v7e-m+fp/hard\libc_nano.a(libc_a-printf.o)
                0x08003bc0                iprintf
                0x08003bc0                printf
 .text._puts_r  0x08003be4       0xaa D:/Applications/STM32CubeIDE_1.19.0/STM32CubeIDE/plugins/com.st.stm32cube.ide.mcu.externaltools.gnu-tools-for-stm32.13.3.rel1.win32_1.0.0.202411081344/tools/bin/../lib/gcc/arm-none-eabi/13.3.1/../../../../arm-none-eabi/lib/thumb/v7e-m+fp/hard\libc_nano.a(libc_a-puts.o)
                0x08003be4                _puts_r
 *fill*         0x08003c8e        0x2 
 .text.puts     0x08003c90       0x10 D:/Applications/STM32CubeIDE_1.19.0/STM32CubeIDE/plugins/com.st.stm32cube.ide.mcu.externaltools.gnu-tools-for-stm32.13.3.rel1.win32_1.0.0.202411081344/tools/bin/../lib/gcc/arm-none-eabi/13.3.1/../../../../arm-none-eabi/lib/thumb/v7e-m+fp/hard\libc_nano.a(libc_a-puts.o)
                0x08003c90                puts
 .text.__sread  0x08003ca0       0x22 D:/Applications/STM32CubeIDE_1.19.0/STM32CubeIDE/plugins/com.st.stm32cube.ide.mcu.externaltools.gnu-tools-for-stm32.13.3.rel1.win32_1.0.0.202411081344/tools/bin/../lib/gcc/arm-none-eabi/13.3.1/../../../../arm-none-eabi/lib/thumb/v7e-m+fp/hard\libc_nano.a(libc_a-stdio.o)
                0x08003ca0                __sread
 .text.__swrite
                0x08003cc2       0x38 D:/Applications/STM32CubeIDE_1.19.0/STM32CubeIDE/plugins/com.st.stm32cube.ide.mcu.externaltools.gnu-tools-for-stm32.13.3.rel1.win32_1.0.0.202411081344/tools/bin/../lib/gcc/arm-none-eabi/13.3.1/../../../../arm-none-eabi/lib/thumb/v7e-m+fp/hard\libc_nano.a(libc_a-stdio.o)
                0x08003cc2                __swrite
 .text.__sseek  0x08003cfa       0x24 D:/Applications/STM32CubeIDE_1.19.0/STM32CubeIDE/plugins/com.st.stm32cube.ide.mcu.externaltools.gnu-tools-for-stm32.13.3.rel1.win32_1.0.0.202411081344/tools/bin/../lib/gcc/arm-none-eabi/13.3.1/../../../../arm-none-eabi/lib/thumb/v7e-m+fp/hard\libc_nano.a(libc_a-stdio.o)
                0x08003cfa                __sseek
 .text.__sclose
                0x08003d1e        0x8 D:/Applications/STM32CubeIDE_1.19.0/STM32CubeIDE/plugins/com.st.stm32cube.ide.mcu.externaltools.gnu-tools-for-stm32.13.3.rel1.win32_1.0.0.202411081344/tools/bin/../lib/gcc/arm-none-eabi/13.3.1/../../../../arm-none-eabi/lib/thumb/v7e-m+fp/hard\libc_nano.a(libc_a-stdio.o)
                0x08003d1e                __sclose
 .text.__swbuf_r
                0x08003d26       0x7c D:/Applications/STM32CubeIDE_1.19.0/STM32CubeIDE/plugins/com.st.stm32cube.ide.mcu.externaltools.gnu-tools-for-stm32.13.3.rel1.win32_1.0.0.202411081344/tools/bin/../lib/gcc/arm-none-eabi/13.3.1/../../../../arm-none-eabi/lib/thumb/v7e-m+fp/hard\libc_nano.a(libc_a-wbuf.o)
                0x08003d26                __swbuf_r
 *fill*         0x08003da2        0x2 
 .text.__swsetup_r
                0x08003da4       0xac D:/Applications/STM32CubeIDE_1.19.0/STM32CubeIDE/plugins/com.st.stm32cube.ide.mcu.externaltools.gnu-tools-for-stm32.13.3.rel1.win32_1.0.0.202411081344/tools/bin/../lib/gcc/arm-none-eabi/13.3.1/../../../../arm-none-eabi/lib/thumb/v7e-m+fp/hard\libc_nano.a(libc_a-wsetup.o)
                0x08003da4                __swsetup_r
 .text.memset   0x08003e50       0x10 D:/Applications/STM32CubeIDE_1.19.0/STM32CubeIDE/plugins/com.st.stm32cube.ide.mcu.externaltools.gnu-tools-for-stm32.13.3.rel1.win32_1.0.0.202411081344/tools/bin/../lib/gcc/arm-none-eabi/13.3.1/../../../../arm-none-eabi/lib/thumb/v7e-m+fp/hard\libc_nano.a(libc_a-memset.o)
                0x08003e50                memset
 .text._close_r
                0x08003e60       0x20 D:/Applications/STM32CubeIDE_1.19.0/STM32CubeIDE/plugins/com.st.stm32cube.ide.mcu.externaltools.gnu-tools-for-stm32.13.3.rel1.win32_1.0.0.202411081344/tools/bin/../lib/gcc/arm-none-eabi/13.3.1/../../../../arm-none-eabi/lib/thumb/v7e-m+fp/hard\libc_nano.a(libc_a-closer.o)
                0x08003e60                _close_r
 .text._lseek_r
                0x08003e80       0x24 D:/Applications/STM32CubeIDE_1.19.0/STM32CubeIDE/plugins/com.st.stm32cube.ide.mcu.externaltools.gnu-tools-for-stm32.13.3.rel1.win32_1.0.0.202411081344/tools/bin/../lib/gcc/arm-none-eabi/13.3.1/../../../../arm-none-eabi/lib/thumb/v7e-m+fp/hard\libc_nano.a(libc_a-lseekr.o)
                0x08003e80                _lseek_r
 .text._read_r  0x08003ea4       0x24 D:/Applications/STM32CubeIDE_1.19.0/STM32CubeIDE/plugins/com.st.stm32cube.ide.mcu.externaltools.gnu-tools-for-stm32.13.3.rel1.win32_1.0.0.202411081344/tools/bin/../lib/gcc/arm-none-eabi/13.3.1/../../../../arm-none-eabi/lib/thumb/v7e-m+fp/hard\libc_nano.a(libc_a-readr.o)
                0x08003ea4                _read_r
 .text._write_r
                0x08003ec8       0x24 D:/Applications/STM32CubeIDE_1.19.0/STM32CubeIDE/plugins/com.st.stm32cube.ide.mcu.externaltools.gnu-tools-for-stm32.13.3.rel1.win32_1.0.0.202411081344/tools/bin/../lib/gcc/arm-none-eabi/13.3.1/../../../../arm-none-eabi/lib/thumb/v7e-m+fp/hard\libc_nano.a(libc_a-writer.o)
                0x08003ec8                _write_r
 .text.__errno  0x08003eec        0xc D:/Applications/STM32CubeIDE_1.19.0/STM32CubeIDE/plugins/com.st.stm32cube.ide.mcu.externaltools.gnu-tools-for-stm32.13.3.rel1.win32_1.0.0.202411081344/tools/bin/../lib/gcc/arm-none-eabi/13.3.1/../../../../arm-none-eabi/lib/thumb/v7e-m+fp/hard\libc_nano.a(libc_a-errno.o)
                0x08003eec                __errno
 .text.__libc_init_array
                0x08003ef8       0x48 D:/Applications/STM32CubeIDE_1.19.0/STM32CubeIDE/plugins/com.st.stm32cube.ide.mcu.externaltools.gnu-tools-for-stm32.13.3.rel1.win32_1.0.0.202411081344/tools/bin/../lib/gcc/arm-none-eabi/13.3.1/../../../../arm-none-eabi/lib/thumb/v7e-m+fp/hard\libc_nano.a(libc_a-init.o)
                0x08003ef8                __libc_init_array
 .text.__retarget_lock_init_recursive
                0x08003f40        0x2 D:/Applications/STM32CubeIDE_1.19.0/STM32CubeIDE/plugins/com.st.stm32cube.ide.mcu.externaltools.gnu-tools-for-stm32.13.3.rel1.win32_1.0.0.202411081344/tools/bin/../lib/gcc/arm-none-eabi/13.3.1/../../../../arm-none-eabi/lib/thumb/v7e-m+fp/hard\libc_nano.a(libc_a-lock.o)
                0x08003f40                __retarget_lock_init_recursive
 .text.__retarget_lock_acquire_recursive
                0x08003f42        0x2 D:/Applications/STM32CubeIDE_1.19.0/STM32CubeIDE/plugins/com.st.stm32cube.ide.mcu.externaltools.gnu-tools-for-stm32.13.3.rel1.win32_1.0.0.202411081344/tools/bin/../lib/gcc/arm-none-eabi/13.3.1/../../../../arm-none-eabi/lib/thumb/v7e-m+fp/hard\libc_nano.a(libc_a-lock.o)
                0x08003f42                __retarget_lock_acquire_recursive
 .text.__retarget_lock_release_recursive
                0x08003f44        0x2 D:/Applications/STM32CubeIDE_1.19.0/STM32CubeIDE/plugins/com.st.stm32cube.ide.mcu.externaltools.gnu-tools-for-stm32.13.3.rel1.win32_1.0.0.202411081344/tools/bin/../lib/gcc/arm-none-eabi/13.3.1/../../../../arm-none-eabi/lib/thumb/v7e-m+fp/hard\libc_nano.a(libc_a-lock.o)
                0x08003f44                __retarget_lock_release_recursive
 *fill*         0x08003f46        0x2 
 .text._free_r  0x08003f48       0x94 D:/Applications/STM32CubeIDE_1.19.0/STM32CubeIDE/plugins/com.st.stm32cube.ide.mcu.externaltools.gnu-tools-for-stm32.13.3.rel1.win32_1.0.0.202411081344/tools/bin/../lib/gcc/arm-none-eabi/13.3.1/../../../../arm-none-eabi/lib/thumb/v7e-m+fp/hard\libc_nano.a(libc_a-freer.o)
                0x08003f48                _free_r
 .text.sbrk_aligned
                0x08003fdc       0x44 D:/Applications/STM32CubeIDE_1.19.0/STM32CubeIDE/plugins/com.st.stm32cube.ide.mcu.externaltools.gnu-tools-for-stm32.13.3.rel1.win32_1.0.0.202411081344/tools/bin/../lib/gcc/arm-none-eabi/13.3.1/../../../../arm-none-eabi/lib/thumb/v7e-m+fp/hard\libc_nano.a(libc_a-mallocr.o)
 .text._malloc_r
                0x08004020      0x100 D:/Applications/STM32CubeIDE_1.19.0/STM32CubeIDE/plugins/com.st.stm32cube.ide.mcu.externaltools.gnu-tools-for-stm32.13.3.rel1.win32_1.0.0.202411081344/tools/bin/../lib/gcc/arm-none-eabi/13.3.1/../../../../arm-none-eabi/lib/thumb/v7e-m+fp/hard\libc_nano.a(libc_a-mallocr.o)
                0x08004020                _malloc_r
 .text.__malloc_lock
                0x08004120        0xc D:/Applications/STM32CubeIDE_1.19.0/STM32CubeIDE/plugins/com.st.stm32cube.ide.mcu.externaltools.gnu-tools-for-stm32.13.3.rel1.win32_1.0.0.202411081344/tools/bin/../lib/gcc/arm-none-eabi/13.3.1/../../../../arm-none-eabi/lib/thumb/v7e-m+fp/hard\libc_nano.a(libc_a-mlock.o)
                0x08004120                __malloc_lock
 .text.__malloc_unlock
                0x0800412c        0xc D:/Applications/STM32CubeIDE_1.19.0/STM32CubeIDE/plugins/com.st.stm32cube.ide.mcu.externaltools.gnu-tools-for-stm32.13.3.rel1.win32_1.0.0.202411081344/tools/bin/../lib/gcc/arm-none-eabi/13.3.1/../../../../arm-none-eabi/lib/thumb/v7e-m+fp/hard\libc_nano.a(libc_a-mlock.o)
                0x0800412c                __malloc_unlock
 .text.__sfputc_r
                0x08004138       0x2e D:/Applications/STM32CubeIDE_1.19.0/STM32CubeIDE/plugins/com.st.stm32cube.ide.mcu.externaltools.gnu-tools-for-stm32.13.3.rel1.win32_1.0.0.202411081344/tools/bin/../lib/gcc/arm-none-eabi/13.3.1/../../../../arm-none-eabi/lib/thumb/v7e-m+fp/hard\libc_nano.a(libc_a-nano-vfprintf.o)
 .text.__sfputs_r
                0x08004166       0x24 D:/Applications/STM32CubeIDE_1.19.0/STM32CubeIDE/plugins/com.st.stm32cube.ide.mcu.externaltools.gnu-tools-for-stm32.13.3.rel1.win32_1.0.0.202411081344/tools/bin/../lib/gcc/arm-none-eabi/13.3.1/../../../../arm-none-eabi/lib/thumb/v7e-m+fp/hard\libc_nano.a(libc_a-nano-vfprintf.o)
                0x08004166                __sfputs_r
 *fill*         0x0800418a        0x2 
 .text._vfprintf_r
                0x0800418c      0x230 D:/Applications/STM32CubeIDE_1.19.0/STM32CubeIDE/plugins/com.st.stm32cube.ide.mcu.externaltools.gnu-tools-for-stm32.13.3.rel1.win32_1.0.0.202411081344/tools/bin/../lib/gcc/arm-none-eabi/13.3.1/../../../../arm-none-eabi/lib/thumb/v7e-m+fp/hard\libc_nano.a(libc_a-nano-vfprintf.o)
                0x0800418c                _vfprintf_r
                0x0800418c                _vfiprintf_r
 .text._printf_common
                0x080043bc       0xda D:/Applications/STM32CubeIDE_1.19.0/STM32CubeIDE/plugins/com.st.stm32cube.ide.mcu.externaltools.gnu-tools-for-stm32.13.3.rel1.win32_1.0.0.202411081344/tools/bin/../lib/gcc/arm-none-eabi/13.3.1/../../../../arm-none-eabi/lib/thumb/v7e-m+fp/hard\libc_nano.a(libc_a-nano-vfprintf_i.o)
                0x080043bc                _printf_common
 *fill*         0x08004496        0x2 
 .text._printf_i
                0x08004498      0x23c D:/Applications/STM32CubeIDE_1.19.0/STM32CubeIDE/plugins/com.st.stm32cube.ide.mcu.externaltools.gnu-tools-for-stm32.13.3.rel1.win32_1.0.0.202411081344/tools/bin/../lib/gcc/arm-none-eabi/13.3.1/../../../../arm-none-eabi/lib/thumb/v7e-m+fp/hard\libc_nano.a(libc_a-nano-vfprintf_i.o)
                0x08004498                _printf_i
 .text.__sflush_r
                0x080046d4      0x108 D:/Applications/STM32CubeIDE_1.19.0/STM32CubeIDE/plugins/com.st.stm32cube.ide.mcu.externaltools.gnu-tools-for-stm32.13.3.rel1.win32_1.0.0.202411081344/tools/bin/../lib/gcc/arm-none-eabi/13.3.1/../../../../arm-none-eabi/lib/thumb/v7e-m+fp/hard\libc_nano.a(libc_a-fflush.o)
                0x080046d4                __sflush_r
 .text._fflush_r
                0x080047dc       0x50 D:/Applications/STM32CubeIDE_1.19.0/STM32CubeIDE/plugins/com.st.stm32cube.ide.mcu.externaltools.gnu-tools-for-stm32.13.3.rel1.win32_1.0.0.202411081344/tools/bin/../lib/gcc/arm-none-eabi/13.3.1/../../../../arm-none-eabi/lib/thumb/v7e-m+fp/hard\libc_nano.a(libc_a-fflush.o)
                0x080047dc                _fflush_r
 .text.__swhatbuf_r
                0x0800482c       0x4c D:/Applications/STM32CubeIDE_1.19.0/STM32CubeIDE/plugins/com.st.stm32cube.ide.mcu.externaltools.gnu-tools-for-stm32.13.3.rel1.win32_1.0.0.202411081344/tools/bin/../lib/gcc/arm-none-eabi/13.3.1/../../../../arm-none-eabi/lib/thumb/v7e-m+fp/hard\libc_nano.a(libc_a-makebuf.o)
                0x0800482c                __swhatbuf_r
 .text.__smakebuf_r
                0x08004878       0x78 D:/Applications/STM32CubeIDE_1.19.0/STM32CubeIDE/plugins/com.st.stm32cube.ide.mcu.externaltools.gnu-tools-for-stm32.13.3.rel1.win32_1.0.0.202411081344/tools/bin/../lib/gcc/arm-none-eabi/13.3.1/../../../../arm-none-eabi/lib/thumb/v7e-m+fp/hard\libc_nano.a(libc_a-makebuf.o)
                0x08004878                __smakebuf_r
 .text._fstat_r
                0x080048f0       0x24 D:/Applications/STM32CubeIDE_1.19.0/STM32CubeIDE/plugins/com.st.stm32cube.ide.mcu.externaltools.gnu-tools-for-stm32.13.3.rel1.win32_1.0.0.202411081344/tools/bin/../lib/gcc/arm-none-eabi/13.3.1/../../../../arm-none-eabi/lib/thumb/v7e-m+fp/hard\libc_nano.a(libc_a-fstatr.o)
                0x080048f0                _fstat_r
 .text._isatty_r
                0x08004914       0x20 D:/Applications/STM32CubeIDE_1.19.0/STM32CubeIDE/plugins/com.st.stm32cube.ide.mcu.externaltools.gnu-tools-for-stm32.13.3.rel1.win32_1.0.0.202411081344/tools/bin/../lib/gcc/arm-none-eabi/13.3.1/../../../../arm-none-eabi/lib/thumb/v7e-m+fp/hard\libc_nano.a(libc_a-isattyr.o)
                0x08004914                _isatty_r
 .text._sbrk_r  0x08004934       0x20 D:/Applications/STM32CubeIDE_1.19.0/STM32CubeIDE/plugins/com.st.stm32cube.ide.mcu.externaltools.gnu-tools-for-stm32.13.3.rel1.win32_1.0.0.202411081344/tools/bin/../lib/gcc/arm-none-eabi/13.3.1/../../../../arm-none-eabi/lib/thumb/v7e-m+fp/hard\libc_nano.a(libc_a-sbrkr.o)
                0x08004934                _sbrk_r
 *(.glue_7)
 .glue_7        0x08004954        0x0 linker stubs
 *(.glue_7t)
 .glue_7t       0x08004954        0x0 linker stubs
 *(.eh_frame)
 .eh_frame      0x08004954        0x0 D:/Applications/STM32CubeIDE_1.19.0/STM32CubeIDE/plugins/com.st.stm32cube.ide.mcu.externaltools.gnu-tools-for-stm32.13.3.rel1.win32_1.0.0.202411081344/tools/bin/../lib/gcc/arm-none-eabi/13.3.1/thumb/v7e-m+fp/hard/crtbegin.o
 *(.init)
 .init          0x08004954        0x4 D:/Applications/STM32CubeIDE_1.19.0/STM32CubeIDE/plugins/com.st.stm32cube.ide.mcu.externaltools.gnu-tools-for-stm32.13.3.rel1.win32_1.0.0.202411081344/tools/bin/../lib/gcc/arm-none-eabi/13.3.1/thumb/v7e-m+fp/hard/crti.o
                0x08004954                _init
 .init          0x08004958        0x8 D:/Applications/STM32CubeIDE_1.19.0/STM32CubeIDE/plugins/com.st.stm32cube.ide.mcu.externaltools.gnu-tools-for-stm32.13.3.rel1.win32_1.0.0.202411081344/tools/bin/../lib/gcc/arm-none-eabi/13.3.1/thumb/v7e-m+fp/hard/crtn.o
 *(.fini)
 .fini          0x08004960        0x4 D:/Applications/STM32CubeIDE_1.19.0/STM32CubeIDE/plugins/com.st.stm32cube.ide.mcu.externaltools.gnu-tools-for-stm32.13.3.rel1.win32_1.0.0.202411081344/tools/bin/../lib/gcc/arm-none-eabi/13.3.1/thumb/v7e-m+fp/hard/crti.o
                0x08004960                _fini
 .fini          0x08004964        0x8 D:/Applications/STM32CubeIDE_1.19.0/STM32CubeIDE/plugins/com.st.stm32cube.ide.mcu.externaltools.gnu-tools-for-stm32.13.3.rel1.win32_1.0.0.202411081344/tools/bin/../lib/gcc/arm-none-eabi/13.3.1/thumb/v7e-m+fp/hard/crtn.o
                0x0800496c                        . = ALIGN (0x4)
                0x0800496c                        _etext = .

.vfp11_veneer   0x0800496c        0x0
 .vfp11_veneer  0x0800496c        0x0 linker stubs

.v4_bx          0x0800496c        0x0
 .v4_bx         0x0800496c        0x0 linker stubs

.iplt           0x0800496c        0x0
 .iplt          0x0800496c        0x0 D:/Applications/STM32CubeIDE_1.19.0/STM32CubeIDE/plugins/com.st.stm32cube.ide.mcu.externaltools.gnu-tools-for-stm32.13.3.rel1.win32_1.0.0.202411081344/tools/bin/../lib/gcc/arm-none-eabi/13.3.1/thumb/v7e-m+fp/hard/crtbegin.o

.rodata         0x0800496c      0x398
                0x0800496c                        . = ALIGN (0x4)
 *(.rodata)
 .rodata        0x0800496c      0x2e1 ./Core/Src/main.o
 *(.rodata*)
 *fill*         0x08004c4d        0x3 
 .rodata.s_crc_tab
                0x08004c50       0x20 ./Core/Src/anim_stream.o
 .rodata.cc_cfg
                0x08004c70       0x48 ./Core/Src/cc1101.o
 .rodata.AHBPrescTable
                0x08004cb8       0x10 ./Core/Src/system_stm32f4xx.o
                0x08004cb8                AHBPrescTable
 .rodata.APBPrescTable
                0x08004cc8        0x8 ./Core/Src/system_stm32f4xx.o
                0x08004cc8                APBPrescTable
 .rodata._vfprintf_r.str1.1
                0x08004cd0       0x33 D:/Applications/STM32CubeIDE_1.19.0/STM32CubeIDE/plugins/com.st.stm32cube.ide.mcu.externaltools.gnu-tools-for-stm32.13.3.rel1.win32_1.0.0.202411081344/tools/bin/../lib/gcc/arm-none-eabi/13.3.1/../../../../arm-none-eabi/lib/thumb/v7e-m+fp/hard\libc_nano.a(libc_a-nano-vfprintf.o)
                                 0x11 (size before relaxing)
 .rodata._printf_i.str1.1
                0x08004d03       0x22 D:/Applications/STM32CubeIDE_1.19.0/STM32CubeIDE/plugins/com.st.stm32cube.ide.mcu.externaltools.gnu-tools-for-stm32.13.3.rel1.win32_1.0.0.202411081344/tools/bin/../lib/gcc/arm-none-eabi/13.3.1/../../../../arm-none-eabi/lib/thumb/v7e-m+fp/hard\libc_nano.a(libc_a-nano-vfprintf_i.o)
                0x08004d28                        . = ALIGN (0x4)
 *fill*         0x08004d03        0x1 

.ARM.extab      0x08004d04        0x0
                0x08004d04                        . = ALIGN (0x4)
 *(.ARM.extab* .gnu.linkonce.armextab.*)
                0x08004d04                        . = ALIGN (0x4)

.ARM            0x08004d04        0x8
                0x08004d04                        . = ALIGN (0x4)
                0x08004d04                        __exidx_start = .
 *(.ARM.exidx*)
 .ARM.exidx     0x08004d04        0x8 D:/Applications/STM32CubeIDE_1.19.0/STM32CubeIDE/plugins/com.st.stm32cube.ide.mcu.externaltools.gnu-tools-for-stm32.13.3.rel1.win32_1.0.0.202411081344/tools/bin/../lib/gcc/arm-none-eabi/13.3.1/../../../../arm-none-eabi/lib/thumb/v7e-m+fp/hard\libc_nano.a(libc_a-memchr.o)
 .ARM.exidx     0x08004d0c        0x0 D:/Applications/STM32CubeIDE_1.19.0/STM32CubeIDE/plugins/com.st.stm32cube.ide.mcu.externaltools.gnu-tools-for-stm32.13.3.rel1.win32_1.0.0.202411081344/tools/bin/../lib/gcc/arm-none-eabi/13.3.1/thumb/v7e-m+fp/hard\libgcc.a(_udivmoddi4.o)
                                  0x8 (size before relaxing)
                0x08004d0c                        __exidx_end = .
                0x08004d0c                        . = ALIGN (0x4)

.preinit_array  0x08004d0c        0x0
                0x08004d0c                        . = ALIGN (0x4)
                0x08004d0c                        PROVIDE (__preinit_array_start = .)
 *(.preinit_array*)
                0x08004d0c                        PROVIDE (__preinit_array_end = .)
                0x08004d0c                        . = ALIGN (0x4)

.init_array     0x08004d0c        0x4
                0x08004d0c                        . = ALIGN (0x4)
                0x08004d0c                        PROVIDE (__init_array_start = .)
 *(SORT_BY_NAME(.init_array.*))
 *(.init_array*)
 .init_array    0x08004d0c        0x4 D:/Applications/STM32CubeIDE_1.19.0/STM32CubeIDE/plugins/com.st.stm32cube.ide.mcu.externaltools.gnu-tools-for-stm32.13.3.rel1.win32_1.0.0.202411081344/tools/bin/../lib/gcc/arm-none-eabi/13.3.1/thumb/v7e-m+fp/hard/crtbegin.o
                0x08004d10                        PROVIDE (__init_array_end = .)
                0x08004d10                        . = ALIGN (0x4)

.fini_array     0x08004d10        0x4
                0x08004d10                        . = ALIGN (0x4)
                [!provide]                        PROVIDE (__fini_array_start = .)
 *(SORT_BY_NAME(.fini_array.*))
 *(.fini_array*)
 .fini_array    0x08004d10        0x4 D:/Applications/STM32CubeIDE_1.19.0/STM32CubeIDE/plugins/com.st.stm32cube.ide.mcu.externaltools.gnu-tools-for-stm32.13.3.rel1.win32_1.0.0.202411081344/tools/bin/../lib/gcc/arm-none-eabi/13.3.1/thumb/v7e-m+fp/hard/crtbegin.o
                [!provide]                        PROVIDE (__fini_array_end = .)
                0x08004d14                        . = ALIGN (0x4)
                0x08004d14                        _sidata = LOADADDR (.data)

.rel.dyn        0x08004d14        0x0
 .rel.iplt      0x08004d14        0x0 D:/Applications/STM32CubeIDE_1.19.0/STM32CubeIDE/plugins/com.st.stm32cube.ide.mcu.externaltools.gnu-tools-for-stm32.13.3.rel1.win32_1.0.0.202411081344/tools/bin/../lib/gcc/arm-none-eabi/13.3.1/thumb/v7e-m+fp/hard/crtbegin.o

.data           0x20000000       0x68 load address 0x08004d14
                0x20000000                        . = ALIGN (0x4)
                0x20000000                        _sdata = .
 *(.data)
 *(.data*)
 .data.SystemCoreClock
                0x20000000        0x4 ./Core/Src/system_stm32f4xx.o
                0x20000000                SystemCoreClock
 .data.uwTickPrio
                0x20000004        0x4 ./Drivers/STM32F4xx_HAL_Driver/Src/stm32f4xx_hal.o
                0x20000004                uwTickPrio
 .data.uwTickFreq
                0x20000008        0x1 ./Drivers/STM32F4xx_HAL_Driver/Src/stm32f4xx_hal.o
                0x20000008                uwTickFreq
 *fill*         0x20000009        0x3 
 .data.__sglue  0x2000000c        0xc D:/Applications/STM32CubeIDE_1.19.0/STM32CubeIDE/plugins/com.st.stm32cube.ide.mcu.externaltools.gnu-tools-for-stm32.13.3.rel1.win32_1.0.0.202411081344/tools/bin/../lib/gcc/arm-none-eabi/13.3.1/../../../../arm-none-eabi/lib/thumb/v7e-m+fp/hard\libc_nano.a(libc_a-findfp.o)
                0x2000000c                __sglue
 .data._impure_ptr
                0x20000018        0x4 D:/Applications/STM32CubeIDE_1.19.0/STM32CubeIDE/plugins/com.st.stm32cube.ide.mcu.externaltools.gnu-tools-for-stm32.13.3.rel1.win32_1.0.0.202411081344/tools/bin/../lib/gcc/arm-none-eabi/13.3.1/../../../../arm-none-eabi/lib/thumb/v7e-m+fp/hard\libc_nano.a(libc_a-impure.o)
                0x20000018                _impure_ptr
 .data._impure_data
                0x2000001c       0x4c D:/Applications/STM32CubeIDE_1.19.0/STM32CubeIDE/plugins/com.st.stm32cube.ide.mcu.externaltools.gnu-tools-for-stm32.13.3.rel1.win32_1.0.0.202411081344/tools/bin/../lib/gcc/arm-none-eabi/13.3.1/../../../../arm-none-eabi/lib/thumb/v7e-m+fp/hard\libc_nano.a(libc_a-impure.o)
                0x2000001c                _impure_data
 *(.RamFunc)
 *(.RamFunc*)
                0x20000068                        . = ALIGN (0x4)
                0x20000068                        _edata = .

.igot.plt       0x20000068        0x0 load address 0x08004d7c
 .igot.plt      0x20000068        0x0 D:/Applications/STM32CubeIDE_1.19.0/STM32CubeIDE/plugins/com.st.stm32cube.ide.mcu.externaltools.gnu-tools-for-stm32.13.3.rel1.win32_1.0.0.202411081344/tools/bin/../lib/gcc/arm-none-eabi/13.3.1/thumb/v7e-m+fp/hard/crtbegin.o
                0x20000068                        . = ALIGN (0x4)

.bss            0x20000068      0xe38 load address 0x08004d7c
                0x20000068                        _sbss = .
                0x20000068                        __bss_start__ = _sbss
 *(.bss)
 .bss           0x20000068       0x1c D:/Applications/STM32CubeIDE_1.19.0/STM32CubeIDE/plugins/com.st.stm32cube.ide.mcu.externaltools.gnu-tools-for-stm32.13.3.rel1.win32_1.0.0.202411081344/tools/bin/../lib/gcc/arm-none-eabi/13.3.1/thumb/v7e-m+fp/hard/crtbegin.o
 *(.bss*)
 .bss.s_slot    0x20000084      0x5a0 ./Core/Src/anim_stream.o
 .bss.s_slot_n  0x20000624        0x8 ./Core/Src/anim_stream.o
 .bss.s_slot_seq
                0x2000062c        0x4 ./Core/Src/anim_stream.o
 .bss.s_rd      0x20000630        0x1 ./Core/Src/anim_stream.o
 .bss.s_wr      0x20000631        0x1 ./Core/Src/anim_stream.o
 .bss.s_count   0x20000632        0x1 ./Core/Src/anim_stream.o
 .bss.s_state   0x20000633        0x1 ./Core/Src/anim_stream.o
 .bss.s_need    0x20000634        0x2 ./Core/Src/anim_stream.o
 .bss.s_got     0x20000636        0x2 ./Core/Src/anim_stream.o
 .bss.s_npoints
                0x20000638        0x2 ./Core/Src/anim_stream.o
 .bss.s_seq     0x2000063a        0x1 ./Core/Src/anim_stream.o
 *fill*         0x2000063b        0x1 
 .bss.s_crc     0x2000063c        0x2 ./Core/Src/anim_stream.o
 .bss.s_crc_rx  0x2000063e        0x2 ./Core/Src/anim_stream.o
 .bss.s_dst     0x20000640        0x4 ./Core/Src/anim_stream.o
 .bss.s_stats   0x20000644       0x1c ./Core/Src/anim_stream.o
 .bss.s_ring    0x20000660      0x400 ./Core/Src/anim_stream.o
 .bss.s_ring_rd
                0x20000a60        0x2 ./Core/Src/anim_stream.o
 *fill*         0x20000a62        0x2 
 .bss.s_huart   0x20000a64        0x4 ./Core/Src/anim_stream.o
 .bss.s_last_ctl_ms
                0x20000a68        0x4 ./Core/Src/anim_stream.o
 .bss.spi       0x20000a6c        0x4 ./Core/Src/cc1101.o
 .bss.diag      0x20000a70        0x6 ./Core/Src/cc1101.o
 .bss.seq       0x20000a76        0x1 ./Core/Src/cc1101.o
 *fill*         0x20000a77        0x1 
 .bss.hspi1     0x20000a78       0x58 ./Core/Src/main.o
                0x20000a78                hspi1
 .bss.huart2    0x20000ad0       0x48 ./Core/Src/main.o
                0x20000ad0                huart2
 .bss.base_x    0x20000b18      0x100 ./Core/Src/main.o
 .bss.base_y    0x20000c18      0x100 ./Core/Src/main.o
 .bss.anim.1    0x20000d18       0x30 ./Core/Src/main.o
 .bss.t_report.0
                0x20000d48        0x4 ./Core/Src/main.o
 .bss.__sbrk_heap_end
                0x20000d4c        0x4 ./Core/Src/sysmem.o
 .bss.uwTick    0x20000d50        0x4 ./Drivers/STM32F4xx_HAL_Driver/Src/stm32f4xx_hal.o
                0x20000d50                uwTick
 .bss.__sf      0x20000d54      0x138 D:/Applications/STM32CubeIDE_1.19.0/STM32CubeIDE/plugins/com.st.stm32cube.ide.mcu.externaltools.gnu-tools-for-stm32.13.3.rel1.win32_1.0.0.202411081344/tools/bin/../lib/gcc/arm-none-eabi/13.3.1/../../../../arm-none-eabi/lib/thumb/v7e-m+fp/hard\libc_nano.a(libc_a-findfp.o)
                0x20000d54                __sf
 .bss.__stdio_exit_handler
                0x20000e8c        0x4 D:/Applications/STM32CubeIDE_1.19.0/STM32CubeIDE/plugins/com.st.stm32cube.ide.mcu.externaltools.gnu-tools-for-stm32.13.3.rel1.win32_1.0.0.202411081344/tools/bin/../lib/gcc/arm-none-eabi/13.3.1/../../../../arm-none-eabi/lib/thumb/v7e-m+fp/hard\libc_nano.a(libc_a-findfp.o)
                0x20000e8c                __stdio_exit_handler
 .bss.errno     0x20000e90        0x4 D:/Applications/STM32CubeIDE_1.19.0/STM32CubeIDE/plugins/com.st.stm32cube.ide.mcu.externaltools.gnu-tools-for-stm32.13.3.rel1.win32_1.0.0.202411081344/tools/bin/../lib/gcc/arm-none-eabi/13.3.1/../../../../arm-none-eabi/lib/thumb/v7e-m+fp/hard\libc_nano.a(libc_a-reent.o)
                0x20000e90                errno
 .bss.__lock___malloc_recursive_mutex
                0x20000e94        0x1 D:/Applications/STM32CubeIDE_1.19.0/STM32CubeIDE/plugins/com.st.stm32cube.ide.mcu.externaltools.gnu-tools-for-stm32.13.3.rel1.win32_1.0.0.202411081344/tools/bin/../lib/gcc/arm-none-eabi/13.3.1/../../../../arm-none-eabi/lib/thumb/v7e-m+fp/hard\libc_nano.a(libc_a-lock.o)
                0x20000e94                __lock___malloc_recursive_mutex
 .bss.__lock___sfp_recursive_mutex
                0x20000e95        0x1 D:/Applications/STM32CubeIDE_1.19.0/STM32CubeIDE/plugins/com.st.stm32cube.ide.mcu.externaltools.gnu-tools-for-stm32.13.3.rel1.win32_1.0.0.202411081344/tools/bin/../lib/gcc/arm-none-eabi/13.3.1/../../../../arm-none-eabi/lib/thumb/v7e-m+fp/hard\libc_nano.a(libc_a-lock.o)
                0x20000e95                __lock___sfp_recursive_mutex
 *fill*         0x20000e96        0x2 
 .bss.__malloc_sbrk_start
                0x20000e98        0x4 D:/Applications/STM32CubeIDE_1.19.0/STM32CubeIDE/plugins/com.st.stm32cube.ide.mcu.externaltools.gnu-tools-for-stm32.13.3.rel1.win32_1.0.0.202411081344/tools/bin/../lib/gcc/arm-none-eabi/13.3.1/../../../../arm-none-eabi/lib/thumb/v7e-m+fp/hard\libc_nano.a(libc_a-mallocr.o)
                0x20000e98                __malloc_sbrk_start
 .bss.__malloc_free_list
                0x20000e9c        0x4 D:/Applications/STM32CubeIDE_1.19.0/STM32CubeIDE/plugins/com.st.stm32cube.ide.mcu.externaltools.gnu-tools-for-stm32.13.3.rel1.win32_1.0.0.202411081344/tools/bin/../lib/gcc/arm-none-eabi/13.3.1/../../../../arm-none-eabi/lib/thumb/v7e-m+fp/hard\libc_nano.a(libc_a-mallocr.o)
                0x20000e9c                __malloc_free_list
 *(COMMON)
                0x20000ea0                        . = ALIGN (0x4)
                0x20000ea0                        _ebss = .
                0x20000ea0                        __bss_end__ = _ebss

._user_heap_stack
                0x20000ea0      0x600 load address 0x08004d7c
                0x20000ea0                        . = ALIGN (0x8)
                [!provide]                        PROVIDE (end = .)
                0x20000ea0                        PROVIDE (_end = .)
                0x200010a0                        . = (. + _Min_Heap_Size)
 *fill*         0x20000ea0      0x200 
                0x200014a0                        . = (. + _Min_Stack_Size)
 *fill*         0x200010a0      0x400 
                0x200014a0                        . = ALIGN (0x8)

/DISCARD/
 libc.a(*)
 libm.a(*)
 libgcc.a(*)

.ARM.attributes
                0x00000000       0x30
 *(.ARM.attributes)
 .ARM.attributes
                0x00000000       0x22 D:/Applications/STM32CubeIDE_1.19.0/STM32CubeIDE/plugins/com.st.stm32cube.ide.mcu.externaltools.gnu-tools-for-stm32.13.3.rel1.win32_1.0.0.202411081344/tools/bin/../lib/gcc/arm-none-eabi/13.3.1/thumb/v7e-m+fp/hard/crti.o
 .ARM.attributes
                0x00000022       0x34 D:/Applications/STM32CubeIDE_1.19.0/STM32CubeIDE/plugins/com.st.stm32cube.ide.mcu.externaltools.gnu-tools-for-stm32.13.3.rel1.win32_1.0.0.202411081344/tools/bin/../lib/gcc/arm-none-eabi/13.3.1/thumb/v7e-m+fp/hard/crtbegin.o
 .ARM.attributes
                0x00000056       0x34 ./Core/Src/anim_stream.o
 .ARM.attributes
                0x0000008a       0x34 ./Core/Src/animation.o
 .ARM.attributes
                0x000000be       0x34 ./Core/Src/cc1101.o
 .ARM.attributes
                0x000000f2       0x34 ./Core/Src/main.o
 .ARM.attributes
                0x00000126       0x34 ./Core/Src/spi_hall.o
 .ARM.attributes
                0x0000015a       0x34 ./Core/Src/stm32f4xx_hal_msp.o
 .ARM.attributes
                0x0000018e       0x34 ./Core/Src/stm32f4xx_it.o
 .ARM.attributes
                0x000001c2       0x34 ./Core/Src/syscalls.o
 .ARM.attributes
                0x000001f6       0x34 ./Core/Src/sysmem.o
 .ARM.attributes
                0x0000022a       0x34 ./Core/Src/system_stm32f4xx.o
 .ARM.attributes
                0x0000025e       0x21 ./Core/Startup/startup_stm32f410rbtx.o
 .ARM.attributes
                0x0000027f       0x34 ./Drivers/STM32F4xx_HAL_Driver/Src/stm32f4xx_hal.o
 .ARM.attributes
                0x000002b3       0x34 ./Drivers/STM32F4xx_HAL_Driver/Src/stm32f4xx_hal_cortex.o
 .ARM.attributes
                0x000002e7       0x34 ./Drivers/STM32F4xx_HAL_Driver/Src/stm32f4xx_hal_gpio.o
 .ARM.attributes
                0x0000031b       0x34 ./Drivers/STM32F4xx_HAL_Driver/Src/stm32f4xx_hal_rcc.o
 .ARM.attributes
                0x0000034f       0x34 ./Drivers/STM32F4xx_HAL_Driver/Src/stm32f4xx_hal_rcc_ex.o
 .ARM.attributes
                0x00000383       0x34 ./Drivers/STM32F4xx_HAL_Driver/Src/stm32f4xx_hal_spi.o
 .ARM.attributes
                0x000003b7       0x34 ./Drivers/STM32F4xx_HAL_Driver/Src/stm32f4xx_hal_uart.o
 .ARM.attributes
                0x000003eb       0x34 D:/Applications/STM32CubeIDE_1.19.0/STM32CubeIDE/plugins/com.st.stm32cube.ide.mcu.externaltools.gnu-tools-for-stm32.13.3.rel1.win32_1.0.0.202411081344/tools/bin/../lib/gcc/arm-none-eabi/13.3.1/../../../../arm-none-eabi/lib/thumb/v7e-m+fp/hard\libc_nano.a(libc_a-findfp.o)
 .ARM.attributes
                0x0000041f       0x34 D:/Applications/STM32CubeIDE_1.19.0/STM32CubeIDE/plugins/com.st.stm32cube.ide.mcu.externaltools.gnu-tools-for-stm32.13.3.rel1.win32_1.0.0.202411081344/tools/bin/../lib/gcc/arm-none-eabi/13.3.1/../../../../arm-none-eabi/lib/thumb/v7e-m+fp/hard\libc_nano.a(libc_a-fwalk.o)
 .ARM.attributes
                0x00000453       0x34 D:/Applications/STM32CubeIDE_1.19.0/STM32CubeIDE/plugins/com.st.stm32cube.ide.mcu.externaltools.gnu-tools-for-stm32.13.3.rel1.win32_1.0.0.202411081344/tools/bin/../lib/gcc/arm-none-eabi/13.3.1/../../../../arm-none-eabi/lib/thumb/v7e-m+fp/hard\libc_nano.a(libc_a-printf.o)
 .ARM.attributes
                0x00000487       0x34 D:/Applications/STM32CubeIDE_1.19.0/STM32CubeIDE/plugins/com.st.stm32cube.ide.mcu.externaltools.gnu-tools-for-stm32.13.3.rel1.win32_1.0.0.202411081344/tools/bin/../lib/gcc/arm-none-eabi/13.3.1/../../../../arm-none-eabi/lib/thumb/v7e-m+fp/hard\libc_nano.a(libc_a-puts.o)
 .ARM.attributes
                0x000004bb       0x34 D:/Applications/STM32CubeIDE_1.19.0/STM32CubeIDE/plugins/com.st.stm32cube.ide.mcu.externaltools.gnu-tools-for-stm32.13.3.rel1.win32_1.0.0.202411081344/tools/bin/../lib/gcc/arm-none-eabi/13.3.1/../../../../arm-none-eabi/lib/thumb/v7e-m+fp/hard\libc_nano.a(libc_a-stdio.o)
 .ARM.attributes
                0x000004ef       0x34 D:/Applications/STM32CubeIDE_1.19.0/STM32CubeIDE/plugins/com.st.stm32cube.ide.mcu.externaltools.gnu-tools-for-stm32.13.3.rel1.win32_1.0.0.202411081344/tools/bin/../lib/gcc/arm-none-eabi/13.3.1/../../../../arm-none-eabi/lib/thumb/v7e-m+fp/hard\libc_nano.a(libc_a-wbuf.o)
 .ARM.attributes
                0x00000523       0x34 D:/Applications/STM32CubeIDE_1.19.0/STM32CubeIDE/plugins/com.st.stm32cube.ide.mcu.externaltools.gnu-tools-for-stm32.13.3.rel1.win32_1.0.0.202411081344/tools/bin/../lib/gcc/arm-none-eabi/13.3.1/../../../../arm-none-eabi/lib/thumb/v7e-m+fp/hard\libc_nano.a(libc_a-wsetup.o)
 .ARM.attributes
                0x00000557       0x34 D:/Applications/STM32CubeIDE_1.19.0/STM32CubeIDE/plugins/com.st.stm32cube.ide.mcu.externaltools.gnu-tools-for-stm32.13.3.rel1.win32_1.0.0.202411081344/tools/bin/../lib/gcc/arm-none-eabi/13.3.1/../../../../arm-none-eabi/lib/thumb/v7e-m+fp/hard\libc_nano.a(libc_a-memset.o)
 .ARM.attributes
                0x0000058b       0x34 D:/Applications/STM32CubeIDE_1.19.0/STM32CubeIDE/plugins/com.st.stm32cube.ide.mcu.externaltools.gnu-tools-for-stm32.13.3.rel1.win32_1.0.0.202411081344/tools/bin/../lib/gcc/arm-none-eabi/13.3.1/../../../../arm-none-eabi/lib/thumb/v7e-m+fp/hard\libc_nano.a(libc_a-closer.o)
 .ARM.attributes
                0x000005bf       0x34 D:/Applications/STM32CubeIDE_1.19.0/STM32CubeIDE/plugins/com.st.stm32cube.ide.mcu.externaltools.gnu-tools-for-stm32.13.3.rel1.win32_1.0.0.202411081344/tools/bin/../lib/gcc/arm-none-eabi/13.3.1/../../../../arm-none-eabi/lib/thumb/v7e-m+fp/hard\libc_nano.a(libc_a-reent.o)
 .ARM.attributes
                0x000005f3       0x34 D:/Applications/STM32CubeIDE_1.19.0/STM32CubeIDE/plugins/com.st.stm32cube.ide.mcu.externaltools.gnu-tools-for-stm32.13.3.rel1.win32_1.0.0.202411081344/tools/bin/../lib/gcc/arm-none-eabi/13.3.1/../../../../arm-none-eabi/lib/thumb/v7e-m+fp/hard\libc_nano.a(libc_a-impure.o)
 .ARM.attributes
                0x00000627       0x34 D:/Applications/STM32CubeIDE_1.19.0/STM32CubeIDE/plugins/com.st.stm32cube.ide.mcu.externaltools.gnu-tools-for-stm32.13.3.rel1.win32_1.0.0.202411081344/tools/bin/../lib/gcc/arm-none-eabi/13.3.1/../../../../arm-none-eabi/lib/thumb/v7e-m+fp/hard\libc_nano.a(libc_a-lseekr.o)
 .ARM.attributes
                0x0000065b       0x34 D:/Applications/STM32CubeIDE_1.19.0/STM32CubeIDE/plugins/com.st.stm32cube.ide.mcu.externaltools.gnu-tools-for-stm32.13.3.rel1.win32_1.0.0.202411081344/tools/bin/../lib/gcc/arm-none-eabi/13.3.1/../../../../arm-none-eabi/lib/thumb/v7e-m+fp/hard\libc_nano.a(libc_a-readr.o)
 .ARM.attributes
                0x0000068f       0x34 D:/Applications/STM32CubeIDE_1.19.0/STM32CubeIDE/plugins/com.st.stm32cube.ide.mcu.externaltools.gnu-tools-for-stm32.13.3.rel1.win32_1.0.0.202411081344/tools/bin/../lib/gcc/arm-none-eabi/13.3.1/../../../../arm-none-eabi/lib/thumb/v7e-m+fp/hard\libc_nano.a(libc_a-writer.o)
 .ARM.attributes
                0x000006c3       0x34 D:/Applications/STM32CubeIDE_1.19.0/STM32CubeIDE/plugins/com.st.stm32cube.ide.mcu.externaltools.gnu-tools-for-stm32.13.3.rel1.win32_1.0.0.202411081344/tools/bin/../lib/gcc/arm-none-eabi/13.3.1/../../../../arm-none-eabi/lib/thumb/v7e-m+fp/hard\libc_nano.a(libc_a-errno.o)
 .ARM.attributes
                0x000006f7       0x34 D:/Applications/STM32CubeIDE_1.19.0/STM32CubeIDE/plugins/com.st.stm32cube.ide.mcu.externaltools.gnu-tools-for-stm32.13.3.rel1.win32_1.0.0.202411081344/tools/bin/../lib/gcc/arm-none-eabi/13.3.1/../../../../arm-none-eabi/lib/thumb/v7e-m+fp/hard\libc_nano.a(libc_a-init.o)
 .ARM.attributes
                0x0000072b       0x34 D:/Applications/STM32CubeIDE_1.19.0/STM32CubeIDE/plugins/com.st.stm32cube.ide.mcu.externaltools.gnu-tools-for-stm32.13.3.rel1.win32_1.0.0.202411081344/tools/bin/../lib/gcc/arm-none-eabi/13.3.1/../../../../arm-none-eabi/lib/thumb/v7e-m+fp/hard\libc_nano.a(libc_a-lock.o)
 .ARM.attributes
                0x0000075f       0x34 D:/Applications/STM32CubeIDE_1.19.0/STM32CubeIDE/plugins/com.st.stm32cube.ide.mcu.externaltools.gnu-tools-for-stm32.13.3.rel1.win32_1.0.0.202411081344/tools/bin/../lib/gcc/arm-none-eabi/13.3.1/../../../../arm-none-eabi/lib/thumb/v7e-m+fp/hard\libc_nano.a(libc_a-freer.o)
 .ARM.attributes
                0x00000793       0x34 D:/Applications/STM32CubeIDE_1.19.0/STM32CubeIDE/plugins/com.st.stm32cube.ide.mcu.externaltools.gnu-tools-for-stm32.13.3.rel1.win32_1.0.0.202411081344/tools/bin/../lib/gcc/arm-none-eabi/13.3.1/../../../../arm-none-eabi/lib/thumb/v7e-m+fp/hard\libc_nano.a(libc_a-mallocr.o)
 .ARM.attributes
                0x000007c7       0x34 D:/Applications/STM32CubeIDE_1.19.0/STM32CubeIDE/plugins/com.st.stm32cube.ide.mcu.externaltools.gnu-tools-for-stm32.13.3.rel1.win32_1.0.0.202411081344/tools/bin/../lib/gcc/arm-none-eabi/13.3.1/../../../../arm-none-eabi/lib/thumb/v7e-m+fp/hard\libc_nano.a(libc_a-mlock.o)
 .ARM.attributes
                0x000007fb       0x34 D:/Applications/STM32CubeIDE_1.19.0/STM32CubeIDE/plugins/com.st.stm32cube.ide.mcu.externaltools.gnu-tools-for-stm32.13.3.rel1.win32_1.0.0.202411081344/tools/bin/../lib/gcc/arm-none-eabi/13.3.1/../../../../arm-none-eabi/lib/thumb/v7e-m+fp/hard\libc_nano.a(libc_a-nano-vfprintf.o)
 .ARM.attributes
                0x0000082f       0x34 D:/Applications/STM32CubeIDE_1.19.0/STM32CubeIDE/plugins/com.st.stm32cube.ide.mcu.externaltools.gnu-tools-for-stm32.13.3.rel1.win32_1.0.0.202411081344/tools/bin/../lib/gcc/arm-none-eabi/13.3.1/../../../../arm-none-eabi/lib/thumb/v7e-m+fp/hard\libc_nano.a(libc_a-nano-vfprintf_i.o)
 .ARM.attributes
                0x00000863       0x34 D:/Applications/STM32CubeIDE_1.19.0/STM32CubeIDE/plugins/com.st.stm32cube.ide.mcu.externaltools.gnu-tools-for-stm32.13.3.rel1.win32_1.0.0.202411081344/tools/bin/../lib/gcc/arm-none-eabi/13.3.1/../../../../arm-none-eabi/lib/thumb/v7e-m+fp/hard\libc_nano.a(libc_a-fflush.o)
 .ARM.attributes
                0x00000897       0x34 D:/Applications/STM32CubeIDE_1.19.0/STM32CubeIDE/plugins/com.st.stm32cube.ide.mcu.externaltools.gnu-tools-for-stm32.13.3.rel1.win32_1.0.0.202411081344/tools/bin/../lib/gcc/arm-none-eabi/13.3.1/../../../../arm-none-eabi/lib/thumb/v7e-m+fp/hard\libc_nano.a(libc_a-makebuf.o)
 .ARM.attributes
                0x000008cb       0x34 D:/Applications/STM32CubeIDE_1.19.0/STM32CubeIDE/plugins/com.st.stm32cube.ide.mcu.externaltools.gnu-tools-for-stm32.13.3.rel1.win32_1.0.0.202411081344/tools/bin/../lib/gcc/arm-none-eabi/13.3.1/../../../../arm-none-eabi/lib/thumb/v7e-m+fp/hard\libc_nano.a(libc_a-fstatr.o)
 .ARM.attributes
                0x000008ff       0x34 D:/Applications/STM32CubeIDE_1.19.0/STM32CubeIDE/plugins/com.st.stm32cube.ide.mcu.externaltools.gnu-tools-for-stm32.13.3.rel1.win32_1.0.0.202411081344/tools/bin/../lib/gcc/arm-none-eabi/13.3.1/../../../../arm-none-eabi/lib/thumb/v7e-m+fp/hard\libc_nano.a(libc_a-isattyr.o)
 .ARM.attributes
                0x00000933       0x34 D:/Applications/STM32CubeIDE_1.19.0/STM32CubeIDE/plugins/com.st.stm32cube.ide.mcu.externaltools.gnu-tools-for-stm32.13.3.rel1.win32_1.0.0.202411081344/tools/bin/../lib/gcc/arm-none-eabi/13.3.1/../../../../arm-none-eabi/lib/thumb/v7e-m+fp/hard\libc_nano.a(libc_a-sbrkr.o)
 .ARM.attributes
                0x00000967       0x1c D:/Applications/STM32CubeIDE_1.19.0/STM32CubeIDE/plugins/com.st.stm32cube.ide.mcu.externaltools.gnu-tools-for-stm32.13.3.rel1.win32_1.0.0.202411081344/tools/bin/../lib/gcc/arm-none-eabi/13.3.1/../../../../arm-none-eabi/lib/thumb/v7e-m+fp/hard\libc_nano.a(libc_a-memchr.o)
 .ARM.attributes
                0x00000983       0x22 D:/Applications/STM32CubeIDE_1.19.0/STM32CubeIDE/plugins/com.st.stm32cube.ide.mcu.externaltools.gnu-tools-for-stm32.13.3.rel1.win32_1.0.0.202411081344/tools/bin/../lib/gcc/arm-none-eabi/13.3.1/thumb/v7e-m+fp/hard\libgcc.a(_aeabi_uldivmod.o)
 .ARM.attributes
                0x000009a5       0x34 D:/Applications/STM32CubeIDE_1.19.0/STM32CubeIDE/plugins/com.st.stm32cube.ide.mcu.externaltools.gnu-tools-for-stm32.13.3.rel1.win32_1.0.0.202411081344/tools/bin/../lib/gcc/arm-none-eabi/13.3.1/thumb/v7e-m+fp/hard\libgcc.a(_udivmoddi4.o)
 .ARM.attributes
                0x000009d9       0x22 D:/Applications/STM32CubeIDE_1.19.0/STM32CubeIDE/plugins/com.st.stm32cube.ide.mcu.externaltools.gnu-tools-for-stm32.13.3.rel1.win32_1.0.0.202411081344/tools/bin/../lib/gcc/arm-none-eabi/13.3.1/thumb/v7e-m+fp/hard\libgcc.a(_dvmd_tls.o)
 .ARM.attributes
                0x000009fb       0x22 D:/Applications/STM32CubeIDE_1.19.0/STM32CubeIDE/plugins/com.st.stm32cube.ide.mcu.externaltools.gnu-tools-for-stm32.13.3.rel1.win32_1.0.0.202411081344/tools/bin/../lib/gcc/arm-none-eabi/13.3.1/thumb/v7e-m+fp/hard/crtn.o
OUTPUT(PacketSender.elf elf32-littlearm)
LOAD linker stubs
LOAD D:/Applications/STM32CubeIDE_1.19.0/STM32CubeIDE/plugins/com.st.stm32cube.ide.mcu.externaltools.gnu-tools-for-stm32.13.3.rel1.win32_1.0.0.202411081344/tools/bin/../lib/gcc/arm-none-eabi/13.3.1/../../../../arm-none-eabi/lib/thumb/v7e-m+fp/hard\libc.a
LOAD D:/Applications/STM32CubeIDE_1.19.0/STM32CubeIDE/plugins/com.st.stm32cube.ide.mcu.externaltools.gnu-tools-for-stm32.13.3.rel1.win32_1.0.0.202411081344/tools/bin/../lib/gcc/arm-none-eabi/13.3.1/../../../../arm-none-eabi/lib/thumb/v7e-m+fp/hard\libm.a
LOAD D:/Applications/STM32CubeIDE_1.19.0/STM32CubeIDE/plugins/com.st.stm32cube.ide.mcu.externaltools.gnu-tools-for-stm32.13.3.rel1.win32_1.0.0.202411081344/tools/bin/../lib/gcc/arm-none-eabi/13.3.1/thumb/v7e-m+fp/hard\libgcc.a

.debug_info     0x00000000     0xc195
 .debug_info    0x00000000      0xc4c ./Core/Src/anim_stream.o
 .debug_info    0x00000c4c      0x50b ./Core/Src/animation.o
 .debug_info    0x00001157      0xc1d ./Core/Src/cc1101.o
 .debug_info    0x00001d74     0x120f ./Core/Src/main.o
 .debug_info    0x00002f83      0x8dd ./Core/Src/spi_hall.o
 .debug_info    0x00003860      0xb6b ./Core/Src/stm32f4xx_hal_msp.o
 .debug_info    0x000043cb      0x112 ./Core/Src/stm32f4xx_it.o
 .debug_info    0x000044dd      0x6a3 ./Core/Src/syscalls.o
 .debug_info    0x00004b80      0x168 ./Core/Src/sysmem.o
 .debug_info    0x00004ce8      0x4f8 ./Core/Src/system_stm32f4xx.o
 .debug_info    0x000051e0       0x30 ./Core/Startup/startup_stm32f410rbtx.o
 .debug_info    0x00005210      0x872 ./Drivers/STM32F4xx_HAL_Driver/Src/stm32f4xx_hal.o
 .debug_info    0x00005a82      0xcde ./Drivers/STM32F4xx_HAL_Driver/Src/stm32f4xx_hal_cortex.o
 .debug_info    0x00006760      0x6c5 ./Drivers/STM32F4xx_HAL_Driver/Src/stm32f4xx_hal_gpio.o
 .debug_info    0x00006e25      0x8bb ./Drivers/STM32F4xx_HAL_Driver/Src/stm32f4xx_hal_rcc.o
 .debug_info    0x000076e0      0x62f ./Drivers/STM32F4xx_HAL_Driver/Src/stm32f4xx_hal_rcc_ex.o
 .debug_info    0x00007d0f     0x1530 ./Drivers/STM32F4xx_HAL_Driver/Src/stm32f4xx_hal_spi.o
 .debug_info    0x0000923f     0x2f56 ./Drivers/STM32F4xx_HAL_Driver/Src/stm32f4xx_hal_uart.o

.debug_abbrev   0x00000000     0x2322
 .debug_abbrev  0x00000000      0x2b7 ./Core/Src/anim_stream.o
 .debug_abbrev  0x000002b7      0x1b4 ./Core/Src/animation.o
 .debug_abbrev  0x0000046b      0x302 ./Core/Src/cc1101.o
 .debug_abbrev  0x0000076d      0x2e7 ./Core/Src/main.o
 .debug_abbrev  0x00000a54      0x18e ./Core/Src/spi_hall.o
 .debug_abbrev  0x00000be2      0x1ac ./Core/Src/stm32f4xx_hal_msp.o
 .debug_abbrev  0x00000d8e       0x73 ./Core/Src/stm32f4xx_it.o
 .debug_abbrev  0x00000e01      0x1b6 ./Core/Src/syscalls.o
 .debug_abbrev  0x00000fb7       0xbc ./Core/Src/sysmem.o
 .debug_abbrev  0x00001073      0x11a ./Core/Src/system_stm32f4xx.o
 .debug_abbrev  0x0000118d       0x24 ./Core/Startup/startup_stm32f410rbtx.o
 .debug_abbrev  0x000011b1      0x247 ./Drivers/STM32F4xx_HAL_Driver/Src/stm32f4xx_hal.o
 .debug_abbrev  0x000013f8      0x31d ./Drivers/STM32F4xx_HAL_Driver/Src/stm32f4xx_hal_cortex.o
 .debug_abbrev  0x00001715      0x1d6 ./Drivers/STM32F4xx_HAL_Driver/Src/stm32f4xx_hal_gpio.o
 .debug_abbrev  0x000018eb      0x2b7 ./Drivers/STM32F4xx_HAL_Driver/Src/stm32f4xx_hal_rcc.o
 .debug_abbrev  0x00001ba2      0x1ef ./Drivers/STM32F4xx_HAL_Driver/Src/stm32f4xx_hal_rcc_ex.o
 .debug_abbrev  0x00001d91      0x276 ./Drivers/STM32F4xx_HAL_Driver/Src/stm32f4xx_hal_spi.o
 .debug_abbrev  0x00002007      0x31b ./Drivers/STM32F4xx_HAL_Driver/Src/stm32f4xx_hal_uart.o

.debug_aranges  0x00000000      0xab8
 .debug_aranges
                0x00000000       0x60 ./Core/Src/anim_stream.o
 .debug_aranges
                0x00000060       0x70 ./Core/Src/animation.o
 .debug_aranges
                0x000000d0       0x98 ./Core/Src/cc1101.o
 .debug_aranges
                0x00000168       0x58 ./Core/Src/main.o
 .debug_aranges
                0x000001c0       0x20 ./Core/Src/spi_hall.o
 .debug_aranges
                0x000001e0       0x38 ./Core/Src/stm32f4xx_hal_msp.o
 .debug_aranges
                0x00000218       0x60 ./Core/Src/stm32f4xx_it.o
 .debug_aranges
                0x00000278       0xa8 ./Core/Src/syscalls.o
 .debug_aranges
                0x00000320       0x20 ./Core/Src/sysmem.o
 .debug_aranges
                0x00000340       0x28 ./Core/Src/system_stm32f4xx.o
 .debug_aranges
                0x00000368       0x28 ./Core/Startup/startup_stm32f410rbtx.o
 .debug_aranges
                0x00000390       0xf0 ./Drivers/STM32F4xx_HAL_Driver/Src/stm32f4xx_hal.o
 .debug_aranges
                0x00000480      0x130 ./Drivers/STM32F4xx_HAL_Driver/Src/stm32f4xx_hal_cortex.o
 .debug_aranges
                0x000005b0       0x58 ./Drivers/STM32F4xx_HAL_Driver/Src/stm32f4xx_hal_gpio.o
 .debug_aranges
                0x00000608       0x88 ./Drivers/STM32F4xx_HAL_Driver/Src/stm32f4xx_hal_rcc.o
 .debug_aranges
                0x00000690       0x50 ./Drivers/STM32F4xx_HAL_Driver/Src/stm32f4xx_hal_rcc_ex.o
 .debug_aranges
                0x000006e0      0x1d0 ./Drivers/STM32F4xx_HAL_Driver/Src/stm32f4xx_hal_spi.o
 .debug_aranges
                0x000008b0      0x208 ./Drivers/STM32F4xx_HAL_Driver/Src/stm32f4xx_hal_uart.o

.debug_rnglists
                0x00000000      0x81e
 .debug_rnglists
                0x00000000       0x46 ./Core/Src/anim_stream.o
 .debug_rnglists
                0x00000046       0x50 ./Core/Src/animation.o
 .debug_rnglists
                0x00000096       0x71 ./Core/Src/cc1101.o
 .debug_rnglists
                0x00000107       0x40 ./Core/Src/main.o
 .debug_rnglists
                0x00000147       0x14 ./Core/Src/spi_hall.o
 .debug_rnglists
                0x0000015b       0x26 ./Core/Src/stm32f4xx_hal_msp.o
 .debug_rnglists
                0x00000181       0x43 ./Core/Src/stm32f4xx_it.o
 .debug_rnglists
                0x000001c4       0x79 ./Core/Src/syscalls.o
 .debug_rnglists
                0x0000023d       0x13 ./Core/Src/sysmem.o
 .debug_rnglists
                0x00000250       0x1a ./Core/Src/system_stm32f4xx.o
 .debug_rnglists
                0x0000026a       0x19 ./Core/Startup/startup_stm32f410rbtx.o
 .debug_rnglists
                0x00000283       0xaf ./Drivers/STM32F4xx_HAL_Driver/Src/stm32f4xx_hal.o
 .debug_rnglists
                0x00000332       0xe0 ./Drivers/STM32F4xx_HAL_Driver/Src/stm32f4xx_hal_cortex.o
 .debug_rnglists
                0x00000412       0x3f ./Drivers/STM32F4xx_HAL_Driver/Src/stm32f4xx_hal_gpio.o
 .debug_rnglists
                0x00000451       0x66 ./Drivers/STM32F4xx_HAL_Driver/Src/stm32f4xx_hal_rcc.o
 .debug_rnglists
                0x000004b7       0x3c ./Drivers/STM32F4xx_HAL_Driver/Src/stm32f4xx_hal_rcc_ex.o
 .debug_rnglists
                0x000004f3      0x16f ./Drivers/STM32F4xx_HAL_Driver/Src/stm32f4xx_hal_spi.o
 .debug_rnglists
                0x00000662      0x1bc ./Drivers/STM32F4xx_HAL_Driver/Src/stm32f4xx_hal_uart.o

.debug_macro    0x00000000    0x1569f
 .debug_macro   0x00000000      0x2cd ./Core/Src/anim_stream.o
 .debug_macro   0x000002cd      0xad8 ./Core/Src/anim_stream.o
 .debug_macro   0x00000da5      0x29b ./Core/Src/anim_stream.o
 .debug_macro   0x00001040       0x2e ./Core/Src/anim_stream.o
 .debug_macro   0x0000106e       0x28 ./Core/Src/anim_stream.o
 .debug_macro   0x00001096       0x22 ./Core/Src/anim_stream.o
 .debug_macro   0x000010b8       0x8e ./Core/Src/anim_stream.o
 .debug_macro   0x00001146       0x51 ./Core/Src/anim_stream.o
 .debug_macro   0x00001197      0x103 ./Core/Src/anim_stream.o
 .debug_macro   0x0000129a       0x6a ./Core/Src/anim_stream.o
 .debug_macro   0x00001304      0x1df ./Core/Src/anim_stream.o
 .debug_macro   0x000014e3       0x1c ./Core/Src/anim_stream.o
 .debug_macro   0x000014ff       0x22 ./Core/Src/anim_stream.o
 .debug_macro   0x00001521       0xfb ./Core/Src/anim_stream.o
 .debug_macro   0x0000161c     0x1011 ./Core/Src/anim_stream.o
 .debug_macro   0x0000262d      0x11f ./Core/Src/anim_stream.o
 .debug_macro   0x0000274c     0x9cb9 ./Core/Src/anim_stream.o
 .debug_macro   0x0000c405       0x6d ./Core/Src/anim_stream.o
 .debug_macro   0x0000c472     0x3693 ./Core/Src/anim_stream.o
 .debug_macro   0x0000fb05      0x190 ./Core/Src/anim_stream.o
 .debug_macro   0x0000fc95       0x5c ./Core/Src/anim_stream.o
 .debug_macro   0x0000fcf1      0x3b4 ./Core/Src/anim_stream.o
 .debug_macro   0x000100a5      0x9e9 ./Core/Src/anim_stream.o
 .debug_macro   0x00010a8e      0x115 ./Core/Src/anim_stream.o
 .debug_macro   0x00010ba3       0xc0 ./Core/Src/anim_stream.o
 .debug_macro   0x00010c63       0xa5 ./Core/Src/anim_stream.o
 .debug_macro   0x00010d08      0x157 ./Core/Src/anim_stream.o
 .debug_macro   0x00010e5f      0x287 ./Core/Src/anim_stream.o
 .debug_macro   0x000110e6       0x5f ./Core/Src/anim_stream.o
 .debug_macro   0x00011145      0x236 ./Core/Src/anim_stream.o
 .debug_macro   0x0001137b      0x132 ./Core/Src/anim_stream.o
 .debug_macro   0x000114ad      0x225 ./Core/Src/anim_stream.o
 .debug_macro   0x000116d2       0x2e ./Core/Src/anim_stream.o
 .debug_macro   0x00011700      0x127 ./Core/Src/anim_stream.o
 .debug_macro   0x00011827       0x91 ./Core/Src/anim_stream.o
 .debug_macro   0x000118b8       0x89 ./Core/Src/anim_stream.o
 .debug_macro   0x00011941      0x225 ./Core/Src/anim_stream.o
 .debug_macro   0x00011b66      0x2aa ./Core/Src/anim_stream.o
 .debug_macro   0x00011e10      0x134 ./Core/Src/anim_stream.o
 .debug_macro   0x00011f44       0x22 ./Core/Src/anim_stream.o
 .debug_macro   0x00011f66       0xdd ./Core/Src/anim_stream.o
 .debug_macro   0x00012043       0x5c ./Core/Src/anim_stream.o
 .debug_macro   0x0001209f       0x61 ./Core/Src/anim_stream.o
 .debug_macro   0x00012100       0x2a ./Core/Src/anim_stream.o
 .debug_macro   0x0001212a       0x43 ./Core/Src/anim_stream.o
 .debug_macro   0x0001216d       0x34 ./Core/Src/anim_stream.o
 .debug_macro   0x000121a1      0x370 ./Core/Src/anim_stream.o
 .debug_macro   0x00012511       0x16 ./Core/Src/anim_stream.o
 .debug_macro   0x00012527       0x4a ./Core/Src/anim_stream.o
 .debug_macro   0x00012571       0x34 ./Core/Src/anim_stream.o
 .debug_macro   0x000125a5       0x10 ./Core/Src/anim_stream.o
 .debug_macro   0x000125b5       0x58 ./Core/Src/anim_stream.o
 .debug_macro   0x0001260d       0x8e ./Core/Src/anim_stream.o
 .debug_macro   0x0001269b       0x1c ./Core/Src/anim_stream.o
 .debug_macro   0x000126b7      0x185 ./Core/Src/anim_stream.o
 .debug_macro   0x0001283c       0x10 ./Core/Src/anim_stream.o
 .debug_macro   0x0001284c       0x3c ./Core/Src/anim_stream.o
 .debug_macro   0x00012888       0x20 ./Core/Src/anim_stream.o
 .debug_macro   0x000128a8      0x1fc ./Core/Src/animation.o
 .debug_macro   0x00012aa4      0x2b4 ./Core/Src/cc1101.o
 .debug_macro   0x00012d58      0x31b ./Core/Src/main.o
 .debug_macro   0x00013073       0x16 ./Core/Src/main.o
 .debug_macro   0x00013089       0x10 ./Core/Src/main.o
 .debug_macro   0x00013099       0x16 ./Core/Src/main.o
 .debug_macro   0x000130af       0x16 ./Core/Src/main.o
 .debug_macro   0x000130c5      0x146 ./Core/Src/main.o
 .debug_macro   0x0001320b       0x62 ./Core/Src/main.o
 .debug_macro   0x0001326d      0x1ce ./Core/Src/spi_hall.o
 .debug_macro   0x0001343b      0x1ce ./Core/Src/stm32f4xx_hal_msp.o
 .debug_macro   0x00013609      0x1d8 ./Core/Src/stm32f4xx_it.o
 .debug_macro   0x000137e1      0x274 ./Core/Src/syscalls.o
 .debug_macro   0x00013a55       0x5b ./Core/Src/syscalls.o
 .debug_macro   0x00013ab0       0x94 ./Core/Src/syscalls.o
 .debug_macro   0x00013b44       0x57 ./Core/Src/syscalls.o
 .debug_macro   0x00013b9b       0x10 ./Core/Src/syscalls.o
 .debug_macro   0x00013bab       0x10 ./Core/Src/syscalls.o
 .debug_macro   0x00013bbb       0x10 ./Core/Src/syscalls.o
 .debug_macro   0x00013bcb       0x10 ./Core/Src/syscalls.o
 .debug_macro   0x00013bdb       0x1c ./Core/Src/syscalls.o
 .debug_macro   0x00013bf7       0x52 ./Core/Src/syscalls.o
 .debug_macro   0x00013c49       0x22 ./Core/Src/syscalls.o
 .debug_macro   0x00013c6b       0x10 ./Core/Src/syscalls.o
 .debug_macro   0x00013c7b       0x52 ./Core/Src/syscalls.o
 .debug_macro   0x00013ccd       0xcf ./Core/Src/syscalls.o
 .debug_macro   0x00013d9c       0x1c ./Core/Src/syscalls.o
 .debug_macro   0x00013db8       0x3d ./Core/Src/syscalls.o
 .debug_macro   0x00013df5       0x35 ./Core/Src/syscalls.o
 .debug_macro   0x00013e2a      0x12c ./Core/Src/syscalls.o
 .debug_macro   0x00013f56       0x16 ./Core/Src/syscalls.o
 .debug_macro   0x00013f6c       0x16 ./Core/Src/syscalls.o
 .debug_macro   0x00013f82       0x29 ./Core/Src/syscalls.o
 .debug_macro   0x00013fab       0x10 ./Core/Src/syscalls.o
 .debug_macro   0x00013fbb      0x242 ./Core/Src/syscalls.o
 .debug_macro   0x000141fd       0x1c ./Core/Src/syscalls.o
 .debug_macro   0x00014219       0x10 ./Core/Src/syscalls.o
 .debug_macro   0x00014229      0x18a ./Core/Src/syscalls.o
 .debug_macro   0x000143b3       0x16 ./Core/Src/syscalls.o
 .debug_macro   0x000143c9       0xce ./Core/Src/syscalls.o
 .debug_macro   0x00014497      0x112 ./Core/Src/sysmem.o
 .debug_macro   0x000145a9      0x23c ./Core/Src/sysmem.o
 .debug_macro   0x000147e5      0x1c4 ./Core/Src/system_stm32f4xx.o
 .debug_macro   0x000149a9      0x224 ./Drivers/STM32F4xx_HAL_Driver/Src/stm32f4xx_hal.o
 .debug_macro   0x00014bcd      0x1c4 ./Drivers/STM32F4xx_HAL_Driver/Src/stm32f4xx_hal_cortex.o
 .debug_macro   0x00014d91      0x1ca ./Drivers/STM32F4xx_HAL_Driver/Src/stm32f4xx_hal_gpio.o
 .debug_macro   0x00014f5b      0x1e8 ./Drivers/STM32F4xx_HAL_Driver/Src/stm32f4xx_hal_rcc.o
 .debug_macro   0x00015143      0x1c4 ./Drivers/STM32F4xx_HAL_Driver/Src/stm32f4xx_hal_rcc_ex.o
 .debug_macro   0x00015307      0x1d3 ./Drivers/STM32F4xx_HAL_Driver/Src/stm32f4xx_hal_spi.o
 .debug_macro   0x000154da      0x1c5 ./Drivers/STM32F4xx_HAL_Driver/Src/stm32f4xx_hal_uart.o

.debug_line     0x00000000     0xe013
 .debug_line    0x00000000      0xcf5 ./Core/Src/anim_stream.o
 .debug_line    0x00000cf5      0xa43 ./Core/Src/animation.o
 .debug_line    0x00001738      0xdf2 ./Core/Src/cc1101.o
 .debug_line    0x0000252a      0xc1c ./Core/Src/main.o
 .debug_line    0x00003146      0x753 ./Core/Src/spi_hall.o
 .debug_line    0x00003899      0x78e ./Core/Src/stm32f4xx_hal_msp.o
 .debug_line    0x00004027      0x7d3 ./Core/Src/stm32f4xx_it.o
 .debug_line    0x000047fa      0x999 ./Core/Src/syscalls.o
 .debug_line    0x00005193      0x675 ./Core/Src/sysmem.o
 .debug_line    0x00005808      0x79a ./Core/Src/system_stm32f4xx.o
 .debug_line    0x00005fa2       0x7a ./Core/Startup/startup_stm32f410rbtx.o
 .debug_line    0x0000601c      0xa14 ./Drivers/STM32F4xx_HAL_Driver/Src/stm32f4xx_hal.o
 .debug_line    0x00006a30      0xce6 ./Drivers/STM32F4xx_HAL_Driver/Src/stm32f4xx_hal_cortex.o
 .debug_line    0x00007716      0xb0a ./Drivers/STM32F4xx_HAL_Driver/Src/stm32f4xx_hal_gpio.o
 .debug_line    0x00008220      0xe31 ./Drivers/STM32F4xx_HAL_Driver/Src/stm32f4xx_hal_rcc.o
 .debug_line    0x00009051      0xdb3 ./Drivers/STM32F4xx_HAL_Driver/Src/stm32f4xx_hal_rcc_ex.o
 .debug_line    0x00009e04     0x1cb1 ./Drivers/STM32F4xx_HAL_Driver/Src/stm32f4xx_hal_spi.o
 .debug_line    0x0000bab5     0x255e ./Drivers/STM32F4xx_HAL_Driver/Src/stm32f4xx_hal_uart.o

.debug_str      0x00000000    0x7b13c
 .debug_str     0x00000000    0x7b13c ./Core/Src/anim_stream.o
                              0x764f8 (size before relaxing)
 .debug_str     0x0007b13c    0x72beb ./Core/Src/animation.o
 .debug_str     0x0007b13c    0x76261 ./Core/Src/cc1101.o
 .debug_str     0x0007b13c    0x76f1a ./Core/Src/main.o
 .debug_str     0x0007b13c    0x72d03 ./Core/Src/spi_hall.o
 .debug_str     0x0007b13c    0x72edc ./Core/Src/stm32f4xx_hal_msp.o
 .debug_str     0x0007b13c    0x727bf ./Core/Src/stm32f4xx_it.o
 .debug_str     0x0007b13c     0x99ee ./Core/Src/syscalls.o
 .debug_str     0x0007b13c     0x778c ./Core/Src/sysmem.o
 .debug_str     0x0007b13c    0x728cc ./Core/Src/system_stm32f4xx.o
 .debug_str     0x0007b13c       0x8e ./Core/Startup/startup_stm32f410rbtx.o
 .debug_str     0x0007b13c    0x732c2 ./Drivers/STM32F4xx_HAL_Driver/Src/stm32f4xx_hal.o
 .debug_str     0x0007b13c    0x7305b ./Drivers/STM32F4xx_HAL_Driver/Src/stm32f4xx_hal_cortex.o
 .debug_str     0x0007b13c    0x72a4d ./Drivers/STM32F4xx_HAL_Driver/Src/stm32f4xx_hal_gpio.o
 .debug_str     0x0007b13c    0x72d05 ./Drivers/STM32F4xx_HAL_Driver/Src/stm32f4xx_hal_rcc.o
 .debug_str     0x0007b13c    0x72b18 ./Drivers/STM32F4xx_HAL_Driver/Src/stm32f4xx_hal_rcc_ex.o
 .debug_str     0x0007b13c    0x731a7 ./Drivers/STM32F4xx_HAL_Driver/Src/stm32f4xx_hal_spi.o
 .debug_str     0x0007b13c    0x732fe ./Drivers/STM32F4xx_HAL_Driver/Src/stm32f4xx_hal_uart.o

.comment        0x00000000       0x43
 .comment       0x00000000       0x43 ./Core/Src/anim_stream.o
                                 0x44 (size before relaxing)
 .comment       0x00000043       0x44 ./Core/Src/animation.o
 .comment       0x00000043       0x44 ./Core/Src/cc1101.o
 .comment       0x00000043       0x44 ./Core/Src/main.o
 .comment       0x00000043       0x44 ./Core/Src/spi_hall.o
 .comment       0x00000043       0x44 ./Core/Src/stm32f4xx_hal_msp.o
 .comment       0x00000043       0x44 ./Core/Src/stm32f4xx_it.o
 .comment       0x00000043       0x44 ./Core/Src/syscalls.o
 .comment       0x00000043       0x44 ./Core/Src/sysmem.o
 .comment       0x00000043       0x44 ./Core/Src/system_stm32f4xx.o
 .comment       0x00000043       0x44 ./Drivers/STM32F4xx_HAL_Driver/Src/stm32f4xx_hal.o
 .comment       0x00000043       0x44 ./Drivers/STM32F4xx_HAL_Driver/Src/stm32f4xx_hal_cortex.o
 .comment       0x00000043       0x44 ./Drivers/STM32F4xx_HAL_Driver/Src/stm32f4xx_hal_gpio.o
 .comment       0x00000043       0x44 ./Drivers/STM32F4xx_HAL_Driver/Src/stm32f4xx_hal_rcc.o
 .comment       0x00000043       0x44 ./Drivers/STM32F4xx_HAL_Driver/Src/stm32f4xx_hal_rcc_ex.o
 .comment       0x00000043       0x44 ./Drivers/STM32F4xx_HAL_Driver/Src/stm32f4xx_hal_spi.o
 .comment       0x00000043       0x44 ./Drivers/STM32F4xx_HAL_Driver/Src/stm32f4xx_hal_uart.o

.debug_frame    0x00000000     0x323c
 .debug_frame   0x00000000      0x160 ./Core/Src/anim_stream.o
 .debug_frame   0x00000160      0x1a8 ./Core/Src/animation.o
 .debug_frame   0x00000308      0x23c ./Core/Src/cc1101.o
 .debug_frame   0x00000544      0x11c ./Core/Src/main.o
 .debug_frame   0x00000660       0x34 ./Core/Src/spi_hall.o
 .debug_frame   0x00000694       0xa4 ./Core/Src/stm32f4xx_hal_msp.o
 .debug_frame   0x00000738      0x104 ./Core/Src/stm32f4xx_it.o
 .debug_frame   0x0000083c      0x2ac ./Core/Src/syscalls.o
 .debug_frame   0x00000ae8       0x34 ./Core/Src/sysmem.o
 .debug_frame   0x00000b1c       0x58 ./Core/Src/system_stm32f4xx.o
 .debug_frame   0x00000b74      0x374 ./Drivers/STM32F4xx_HAL_Driver/Src/stm32f4xx_hal.o
 .debug_frame   0x00000ee8      0x508 ./Drivers/STM32F4xx_HAL_Driver/Src/stm32f4xx_hal_cortex.o
 .debug_frame   0x000013f0      0x14c ./Drivers/STM32F4xx_HAL_Driver/Src/stm32f4xx_hal_gpio.o
 .debug_frame   0x0000153c      0x1f4 ./Drivers/STM32F4xx_HAL_Driver/Src/stm32f4xx_hal_rcc.o
 .debug_frame   0x00001730      0x120 ./Drivers/STM32F4xx_HAL_Driver/Src/stm32f4xx_hal_rcc_ex.o
 .debug_frame   0x00001850      0x828 ./Drivers/STM32F4xx_HAL_Driver/Src/stm32f4xx_hal_spi.o
 .debug_frame   0x00002078      0x954 ./Drivers/STM32F4xx_HAL_Driver/Src/stm32f4xx_hal_uart.o
 .debug_frame   0x000029cc      0x144 D:/Applications/STM32CubeIDE_1.19.0/STM32CubeIDE/plugins/com.st.stm32cube.ide.mcu.externaltools.gnu-tools-for-stm32.13.3.rel1.win32_1.0.0.202411081344/tools/bin/../lib/gcc/arm-none-eabi/13.3.1/../../../../arm-none-eabi/lib/thumb/v7e-m+fp/hard\libc_nano.a(libc_a-findfp.o)
 .debug_frame   0x00002b10       0x34 D:/Applications/STM32CubeIDE_1.19.0/STM32CubeIDE/plugins/com.st.stm32cube.ide.mcu.externaltools.gnu-tools-for-stm32.13.3.rel1.win32_1.0.0.202411081344/tools/bin/../lib/gcc/arm-none-eabi/13.3.1/../../../../arm-none-eabi/lib/thumb/v7e-m+fp/hard\libc_nano.a(libc_a-fwalk.o)
 .debug_frame   0x00002b44       0x6c D:/Applications/STM32CubeIDE_1.19.0/STM32CubeIDE/plugins/com.st.stm32cube.ide.mcu.externaltools.gnu-tools-for-stm32.13.3.rel1.win32_1.0.0.202411081344/tools/bin/../lib/gcc/arm-none-eabi/13.3.1/../../../../arm-none-eabi/lib/thumb/v7e-m+fp/hard\libc_nano.a(libc_a-printf.o)
 .debug_frame   0x00002bb0       0x3c D:/Applications/STM32CubeIDE_1.19.0/STM32CubeIDE/plugins/com.st.stm32cube.ide.mcu.externaltools.gnu-tools-for-stm32.13.3.rel1.win32_1.0.0.202411081344/tools/bin/../lib/gcc/arm-none-eabi/13.3.1/../../../../arm-none-eabi/lib/thumb/v7e-m+fp/hard\libc_nano.a(libc_a-puts.o)
 .debug_frame   0x00002bec       0x88 D:/Applications/STM32CubeIDE_1.19.0/STM32CubeIDE/plugins/com.st.stm32cube.ide.mcu.externaltools.gnu-tools-for-stm32.13.3.rel1.win32_1.0.0.202411081344/tools/bin/../lib/gcc/arm-none-eabi/13.3.1/../../../../arm-none-eabi/lib/thumb/v7e-m+fp/hard\libc_nano.a(libc_a-stdio.o)
 .debug_frame   0x00002c74       0x40 D:/Applications/STM32CubeIDE_1.19.0/STM32CubeIDE/plugins/com.st.stm32cube.ide.mcu.externaltools.gnu-tools-for-stm32.13.3.rel1.win32_1.0.0.202411081344/tools/bin/../lib/gcc/arm-none-eabi/13.3.1/../../../../arm-none-eabi/lib/thumb/v7e-m+fp/hard\libc_nano.a(libc_a-wbuf.o)
 .debug_frame   0x00002cb4       0x2c D:/Applications/STM32CubeIDE_1.19.0/STM32CubeIDE/plugins/com.st.stm32cube.ide.mcu.externaltools.gnu-tools-for-stm32.13.3.rel1.win32_1.0.0.202411081344/tools/bin/../lib/gcc/arm-none-eabi/13.3.1/../../../../arm-none-eabi/lib/thumb/v7e-m+fp/hard\libc_nano.a(libc_a-wsetup.o)
 .debug_frame   0x00002ce0       0x20 D:/Applications/STM32CubeIDE_1.19.0/STM32CubeIDE/plugins/com.st.stm32cube.ide.mcu.externaltools.gnu-tools-for-stm32.13.3.rel1.win32_1.0.0.202411081344/tools/bin/../lib/gcc/arm-none-eabi/13.3.1/../../../../arm-none-eabi/lib/thumb/v7e-m+fp/hard\libc_nano.a(libc_a-memset.o)
 .debug_frame   0x00002d00       0x2c D:/Applications/STM32CubeIDE_1.19.0/STM32CubeIDE/plugins/com.st.stm32cube.ide.mcu.externaltools.gnu-tools-for-stm32.13.3.rel1.win32_1.0.0.202411081344/tools/bin/../lib/gcc/arm-none-eabi/13.3.1/../../../../arm-none-eabi/lib/thumb/v7e-m+fp/hard\libc_nano.a(libc_a-closer.o)
 .debug_frame   0x00002d2c       0x38 D:/Applications/STM32CubeIDE_1.19.0/STM32CubeIDE/plugins/com.st.stm32cube.ide.mcu.externaltools.gnu-tools-for-stm32.13.3.rel1.win32_1.0.0.202411081344/tools/bin/../lib/gcc/arm-none-eabi/13.3.1/../../../../arm-none-eabi/lib/thumb/v7e-m+fp/hard\libc_nano.a(libc_a-reent.o)
 .debug_frame   0x00002d64       0x2c D:/Applications/STM32CubeIDE_1.19.0/STM32CubeIDE/plugins/com.st.stm32cube.ide.mcu.externaltools.gnu-tools-for-stm32.13.3.rel1.win32_1.0.0.202411081344/tools/bin/../lib/gcc/arm-none-eabi/13.3.1/../../../../arm-none-eabi/lib/thumb/v7e-m+fp/hard\libc_nano.a(libc_a-lseekr.o)
 .debug_frame   0x00002d90       0x2c D:/Applications/STM32CubeIDE_1.19.0/STM32CubeIDE/plugins/com.st.stm32cube.ide.mcu.externaltools.gnu-tools-for-stm32.13.3.rel1.win32_1.0.0.202411081344/tools/bin/../lib/gcc/arm-none-eabi/13.3.1/../../../../arm-none-eabi/lib/thumb/v7e-m+fp/hard\libc_nano.a(libc_a-readr.o)
 .debug_frame   0x00002dbc       0x2c D:/Applications/STM32CubeIDE_1.19.0/STM32CubeIDE/plugins/com.st.stm32cube.ide.mcu.externaltools.gnu-tools-for-stm32.13.3.rel1.win32_1.0.0.202411081344/tools/bin/../lib/gcc/arm-none-eabi/13.3.1/../../../../arm-none-eabi/lib/thumb/v7e-m+fp/hard\libc_nano.a(libc_a-writer.o)
 .debug_frame   0x00002de8       0x20 D:/Applications/STM32CubeIDE_1.19.0/STM32CubeIDE/plugins/com.st.stm32cube.ide.mcu.externaltools.gnu-tools-for-stm32.13.3.rel1.win32_1.0.0.202411081344/tools/bin/../lib/gcc/arm-none-eabi/13.3.1/../../../../arm-none-eabi/lib/thumb/v7e-m+fp/hard\libc_nano.a(libc_a-errno.o)
 .debug_frame   0x00002e08       0x2c D:/Applications/STM32CubeIDE_1.19.0/STM32CubeIDE/plugins/com.st.stm32cube.ide.mcu.externaltools.gnu-tools-for-stm32.13.3.rel1.win32_1.0.0.202411081344/tools/bin/../lib/gcc/arm-none-eabi/13.3.1/../../../../arm-none-eabi/lib/thumb/v7e-m+fp/hard\libc_nano.a(libc_a-init.o)
 .debug_frame   0x00002e34       0xb0 D:/Applications/STM32CubeIDE_1.19.0/STM32CubeIDE/plugins/com.st.stm32cube.ide.mcu.externaltools.gnu-tools-for-stm32.13.3.rel1.win32_1.0.0.202411081344/tools/bin/../lib/gcc/arm-none-eabi/13.3.1/../../../../arm-none-eabi/lib/thumb/v7e-m+fp/hard\libc_nano.a(libc_a-lock.o)
 .debug_frame   0x00002ee4       0x38 D:/Applications/STM32CubeIDE_1.19.0/STM32CubeIDE/plugins/com.st.stm32cube.ide.mcu.externaltools.gnu-tools-for-stm32.13.3.rel1.win32_1.0.0.202411081344/tools/bin/../lib/gcc/arm-none-eabi/13.3.1/../../../../arm-none-eabi/lib/thumb/v7e-m+fp/hard\libc_nano.a(libc_a-freer.o)
 .debug_frame   0x00002f1c       0x50 D:/Applications/STM32CubeIDE_1.19.0/STM32CubeIDE/plugins/com.st.stm32cube.ide.mcu.externaltools.gnu-tools-for-stm32.13.3.rel1.win32_1.0.0.202411081344/tools/bin/../lib/gcc/arm-none-eabi/13.3.1/../../../../arm-none-eabi/lib/thumb/v7e-m+fp/hard\libc_nano.a(libc_a-mallocr.o)
 .debug_frame   0x00002f6c       0x30 D:/Applications/STM32CubeIDE_1.19.0/STM32CubeIDE/plugins/com.st.stm32cube.ide.mcu.externaltools.gnu-tools-for-stm32.13.3.rel1.win32_1.0.0.202411081344/tools/bin/../lib/gcc/arm-none-eabi/13.3.1/../../../../arm-none-eabi/lib/thumb/v7e-m+fp/hard\libc_nano.a(libc_a-mlock.o)
 .debug_frame   0x00002f9c       0xa8 D:/Applications/STM32CubeIDE_1.19.0/STM32CubeIDE/plugins/com.st.stm32cube.ide.mcu.externaltools.gnu-tools-for-stm32.13.3.rel1.win32_1.0.0.202411081344/tools/bin/../lib/gcc/arm-none-eabi/13.3.1/../../../../arm-none-eabi/lib/thumb/v7e-m+fp/hard\libc_nano.a(libc_a-nano-vfprintf.o)
 .debug_frame   0x00003044       0x60 D:/Applications/STM32CubeIDE_1.19.0/STM32CubeIDE/plugins/com.st.stm32cube.ide.mcu.externaltools.gnu-tools-for-stm32.13.3.rel1.win32_1.0.0.202411081344/tools/bin/../lib/gcc/arm-none-eabi/13.3.1/../../../../arm-none-eabi/lib/thumb/v7e-m+fp/hard\libc_nano.a(libc_a-nano-vfprintf_i.o)
 .debug_frame   0x000030a4       0x5c D:/Applications/STM32CubeIDE_1.19.0/STM32CubeIDE/plugins/com.st.stm32cube.ide.mcu.externaltools.gnu-tools-for-stm32.13.3.rel1.win32_1.0.0.202411081344/tools/bin/../lib/gcc/arm-none-eabi/13.3.1/../../../../arm-none-eabi/lib/thumb/v7e-m+fp/hard\libc_nano.a(libc_a-fflush.o)
 .debug_frame   0x00003100       0x58 D:/Applications/STM32CubeIDE_1.19.0/STM32CubeIDE/plugins/com.st.stm32cube.ide.mcu.externaltools.gnu-tools-for-stm32.13.3.rel1.win32_1.0.0.202411081344/tools/bin/../lib/gcc/arm-none-eabi/13.3.1/../../../../arm-none-eabi/lib/thumb/v7e-m+fp/hard\libc_nano.a(libc_a-makebuf.o)
 .debug_frame   0x00003158       0x2c D:/Applications/STM32CubeIDE_1.19.0/STM32CubeIDE/plugins/com.st.stm32cube.ide.mcu.externaltools.gnu-tools-for-stm32.13.3.rel1.win32_1.0.0.202411081344/tools/bin/../lib/gcc/arm-none-eabi/13.3.1/../../../../arm-none-eabi/lib/thumb/v7e-m+fp/hard\libc_nano.a(libc_a-fstatr.o)