../Core/Src/cc1101.c:112:20:cs_low	8	static
../Core/Src/cc1101.c:113:20:cs_high	8	static
../Core/Src/cc1101.c:115:16:xfer	32	static
../Core/Src/cc1101.c:131:13:wait_ready	16	static
../Core/Src/cc1101.c:139:13:cc_write_reg	16	static
../Core/Src/cc1101.c:148:16:cc_read_reg	24	static
../Core/Src/cc1101.c:159:9:cc1101_read_status	24	static
../Core/Src/cc1101.c:171:13:cc_strobe	16	static
../Core/Src/cc1101.c:185:13:cc_write_fifo	24	static
../Core/Src/cc1101.c:198:6:cc1101_init	32	static
../Core/Src/cc1101.c:234:6:cc1101_selftest	16	static
../Core/Src/cc1101.c:240:25:cc1101_last_diag	4	static
../Core/Src/cc1101.c:254:13:wait_idle	24	static
../Core/Src/cc1101.c:267:13:tx_raw	24	static
../Core/Src/cc1101.c:337:6:cc1101_send_points	80	static
../Core/Src/cc1101.c:364:6:cc1101_send_frame	24	static
