../Core/Src/main.c:121:5:__io_putchar	16	static
../Core/Src/main.c:131:13:animation_setup	16	static
../Core/Src/main.c:170:20:animation_service	8	static
../Core/Src/main.c:183:13:animation_report	64	static
../Core/Src/main.c:233:5:main	64	static
../Core/Src/main.c:369:6:SystemClock_Config	88	static
../Core/Src/main.c:411:13:MX_SPI1_Init	8	static
../Core/Src/main.c:454:13:MX_USART2_UART_Init	8	static
../Core/Src/main.c:492:13:MX_GPIO_Init	16	static
../Core/Src/main.c:514:6:Error_Handler	4	static,ignoring_inline_asm
